c[?7l[2J[0mSeaBIOS (version 1.16.3-debian-1.16.3-2)


iPXE (https://ipxe.org) 00:03.0 CA00 PCI2.10 PnP PMM+1EFCAE00+1EF0AE00 CA00
Press Ctrl-B to configure iPXE (PCI 00:03.0)...


Booting from ROM..c[?7l[2JFAISAL_M102_BOOT_OK
M102_SERVICE_OPEN_OK kernel=1
M102_TOOL_REGISTRATION_PROVENANCE_OK
M102_VERIFIED_NETWORK_DENY_EFFECT_COMMITTED_OK
M102_IDEMPOTENT_DUPLICATE_OK
M102_IDEMPOTENCY_CONFLICT_OK
M102_NETWORK_SYSCALL_DENIED_OK
M102_FILESYSTEM_WRITE_DENIED_OK
M102_REVOCATION_BEFORE_EFFECT_DENIED_OK
M102_SCOPE_TRAVERSAL_REJECTED_OK
M102_RESTART_REPLAY_STATES_OK
M102_CORRUPTION_FAIL_CLOSED_OK
M102_SELFTEST_EXIT=0
FAISAL_M102_TEST_RC=0
[    4.598193] reboot: Power down
QEMU_RC=0
FAISAL_M102_NONDETERMINISTIC_ADAPTER_QEMU_PASS
