c[?7l[2J[0mSeaBIOS (version 1.16.3-debian-1.16.3-2)


iPXE (https://ipxe.org) 00:03.0 CA00 PCI2.10 PnP PMM+1EFCAE00+1EF0AE00 CA00
Press Ctrl-B to configure iPXE (PCI 00:03.0)...


Booting from ROM..c[?7l[2JFAISAL_M73_BOOT_OK
M73_MALFORMED_UAPI_REJECT_OK iterations=64
M73_WORLD_QUERY_OK newest=1 generation=2
M73_WORLD_ACK_OK sequence=1
M73_SEQUENCE_GUARD_OK
M73_BOUNDED_INPUT_REJECT_OK
M73_FRESH_LOOKUP_OK generation=1
M73_FRESHNESS_EXPIRY_OK
M73_CONFLICT_DETECTED_OK retained=2
M73_CONFLICT_RESOLUTION_OK generation=3 retained=3
M73_TEMPORAL_CHECK_OK record=1 generation=2
M73_STALE_TEMPORAL_REJECT_OK
M73_RESOURCE_SNAPSHOT_OK measured=0xa3 unavailable=0x5c unsupported=0x0
M73_WORLD_STATE_SYNC_OK
M73_SELFTEST_EXIT=0
FAISAL_M73_TEST_RC=0
[    2.563207] reboot: Power down
