
=== tools/faisal-build/run_agent_security_m64_qemu.sh ===
M64_QEMU_VALIDATION_OK
REGRESSION_SCRIPT_RC=0

=== tools/faisal-build/run_transport_qemu.sh ===
c[?7l[2J[0mSeaBIOS (version 1.16.3-debian-1.16.3-2)


iPXE (https://ipxe.org) 00:03.0 CA00 PCI2.10 PnP PMM+1EFCAE00+1EF0AE00 CA00
Press Ctrl-B to configure iPXE (PCI 00:03.0)...


Booting from ROM..c[?7l[2J[    0.000000] Linux version 7.2.0-rc7-g03d7a0afa3e6-dirty (ubuntu@db71298c03d4) (gcc (Ubuntu 13.3.0-6ubuntu2~24.04.1) 13.3.0, GNU ld (GNU Binutils for Ubuntu) 2.42) #13 SMP PREEMPT_DYNAMIC Sat Aug 15 16:00:59 UTC 2026
[    0.000000] Command line: console=ttyS0 rdinit=/init
[    0.000000] BIOS-provided physical RAM map:
[    0.000000] BIOS-e820: [mem 0x0000000000000000-0x000000000009fbff]  System RAM
[    0.000000] BIOS-e820: [mem 0x000000000009fc00-0x000000000009ffff]  device reserved
[    0.000000] BIOS-e820: [gap 0x00000000000a0000-0x00000000000effff]
[    0.000000] BIOS-e820: [mem 0x00000000000f0000-0x00000000000fffff]  device reserved
[    0.000000] BIOS-e820: [mem 0x0000000000100000-0x000000001ffdffff]  System RAM
[    0.000000] BIOS-e820: [mem 0x000000001ffe0000-0x000000001fffffff]  device reserved
[    0.000000] BIOS-e820: [gap 0x0000000020000000-0x00000000fffbffff]
[    0.000000] BIOS-e820: [mem 0x00000000fffc0000-0x00000000ffffffff]  device reserved
[    0.000000] BIOS-e820: [gap 0x0000000100000000-0x000000fcffffffff]
[    0.000000] BIOS-e820: [mem 0x000000fd00000000-0x000000ffffffffff]  device reserved
[    0.000000] NX (Execute Disable) protection: active
[    0.000000] APIC: Static calls initialized
[    0.000000] DMI: SMBIOS 3.0.0 present.
[    0.000000] DMI: QEMU Standard PC (i440FX + PIIX, 1996), BIOS 1.16.3-debian-1.16.3-2 04/01/2014
[    0.000000] DMI: Memory slots populated: 1/1
[    0.000000] tsc: Fast TSC calibration using PIT
[    0.000000] tsc: Detected 2099.993 MHz processor
[    0.008081] last_pfn = 0x1ffe0 max_arch_pfn = 0x400000000
[    0.008846] MTRR map: 4 entries (3 fixed + 1 variable; max 19), built from 8 variable MTRRs
[    0.009049] x86/PAT: Configuration [0-7]: WB  WC  UC- UC  WB  WP  UC- WT
[    0.023131] found SMP MP-table at [mem 0x000f5480-0x000f548f]
[    0.029445] RAMDISK: [mem 0x1fe7e000-0x1ffdffff]
[    0.030017] ACPI: Early table checksum verification disabled
[    0.030466] ACPI: RSDP 0x00000000000F52B0 000014 (v00 BOCHS )
[    0.030774] ACPI: RSDT 0x000000001FFE1C52 000034 (v01 BOCHS  BXPC     00000001 BXPC 00000001)
[    0.031627] ACPI: FACP 0x000000001FFE1B06 000074 (v01 BOCHS  BXPC     00000001 BXPC 00000001)
[    0.032346] ACPI: DSDT 0x000000001FFE0040 001AC6 (v01 BOCHS  BXPC     00000001 BXPC 00000001)
[    0.032429] ACPI: FACS 0x000000001FFE0000 000040
[    0.032481] ACPI: APIC 0x000000001FFE1B7A 000078 (v03 BOCHS  BXPC     00000001 BXPC 00000001)
[    0.032499] ACPI: HPET 0x000000001FFE1BF2 000038 (v01 BOCHS  BXPC     00000001 BXPC 00000001)
[    0.032514] ACPI: WAET 0x000000001FFE1C2A 000028 (v01 BOCHS  BXPC     00000001 BXPC 00000001)
[    0.032613] ACPI: Reserving FACP table memory at [mem 0x1ffe1b06-0x1ffe1b79]
[    0.032635] ACPI: Reserving DSDT table memory at [mem 0x1ffe0040-0x1ffe1b05]
[    0.032643] ACPI: Reserving FACS table memory at [mem 0x1ffe0000-0x1ffe003f]
[    0.032648] ACPI: Reserving APIC table memory at [mem 0x1ffe1b7a-0x1ffe1bf1]
[    0.032653] ACPI: Reserving HPET table memory at [mem 0x1ffe1bf2-0x1ffe1c29]
[    0.032657] ACPI: Reserving WAET table memory at [mem 0x1ffe1c2a-0x1ffe1c51]
[    0.034848] No NUMA configuration found
[    0.034870] Faking a node at [mem 0x0000000000000000-0x000000001ffdffff]
[    0.035804] NODE_DATA(0) allocated [mem 0x1fe7a680-0x1fe7dfff]
[    0.036756] ACPI: PM-Timer IO Port: 0x608
[    0.037240] ACPI: LAPIC_NMI (acpi_id[0xff] dfl dfl lint[0x1])
[    0.037840] IOAPIC[0]: apic_id 0, version 32, address 0xfec00000, GSI 0-23
[    0.038019] ACPI: INT_SRC_OVR (bus 0 bus_irq 0 global_irq 2 dfl dfl)
[    0.038306] ACPI: INT_SRC_OVR (bus 0 bus_irq 5 global_irq 5 high level)
[    0.038388] ACPI: INT_SRC_OVR (bus 0 bus_irq 9 global_irq 9 high level)
[    0.038482] ACPI: INT_SRC_OVR (bus 0 bus_irq 10 global_irq 10 high level)
[    0.038491] ACPI: INT_SRC_OVR (bus 0 bus_irq 11 global_irq 11 high level)
[    0.038698] ACPI: Using ACPI (MADT) for SMP configuration information
[    0.038740] ACPI: HPET id: 0x8086a201 base: 0xfed00000
[    0.039208] CPU topo: Max. logical packages:   1
[    0.039288] CPU topo: Max. logical nodes:      1
[    0.039303] CPU topo: Num. nodes per package:  1
[    0.039388] CPU topo: Max. logical dies:       1
[    0.039400] CPU topo: Max. dies per package:   1
[    0.039449] CPU topo: Max. threads per core:   1
[    0.039624] CPU topo: Num. cores per package:     1
[    0.039649] CPU topo: Num. threads per package:   1
[    0.039661] CPU topo: Allowing 1 present CPUs plus 0 hotplug CPUs
[    0.040623] PM: hibernation: Registered nosave memory: [mem 0x00000000-0x00000fff]
[    0.040660] PM: hibernation: Registered nosave memory: [mem 0x0009f000-0x000fffff]
[    0.040821] [gap 0x20000000-0xfffbffff] available for PCI devices
[    0.040884] Booting paravirtualized kernel on bare hardware
[    0.041163] clocksource: refined-jiffies: mask: 0xffffffff max_cycles: 0xffffffff, max_idle_ns: 1910969940391419 ns
[    0.057065] Zone ranges:
[    0.057096]   DMA      [mem 0x0000000000001000-0x0000000000ffffff]
[    0.057174]   DMA32    [mem 0x0000000001000000-0x000000001ffdffff]
[    0.057184]   Normal   empty
[    0.057205] Movable zone start for each node
[    0.057230] Early memory node ranges
[    0.057263]   node   0: [mem 0x0000000000001000-0x000000000009efff]
[    0.057415]   node   0: [mem 0x0000000000100000-0x000000001ffdffff]
[    0.057559] Initmem setup node 0 [mem 0x0000000000001000-0x000000001ffdffff]
[    0.058875] On node 0, zone DMA: 1 pages in unavailable ranges
[    0.059222] On node 0, zone DMA: 97 pages in unavailable ranges
[    0.064142] On node 0, zone DMA32: 32 pages in unavailable ranges
[    0.064438] setup_percpu: NR_CPUS:64 nr_cpumask_bits:1 nr_cpu_ids:1 nr_node_ids:1
[    0.066530] percpu: Embedded 52 pages/cpu s175704 r8192 d29096 u2097152
[    0.068668] Kernel command line: console=ttyS0 rdinit=/init
[    0.069726] printk: log buffer data + meta data: 262144 + 917504 = 1179648 bytes
[    0.070078] Dentry cache hash table entries: 65536 (order: 7, 524288 bytes, linear)
[    0.070245] Inode-cache hash table entries: 32768 (order: 6, 262144 bytes, linear)
[    0.074469] Fallback order for Node 0: 0
[    0.074800] Built 1 zonelists, mobility grouping on.  Total pages: 130942
[    0.074818] Policy zone: DMA32
[    0.075114] mem auto-init: stack:all(zero), heap alloc:off, heap free:off
[    0.087995] SLUB: HWalign=64, Order=0-3, MinObjects=0, CPUs=1, Nodes=1
[    0.100953] Dynamic Preempt: lazy
[    0.105835] rcu: Preemptible hierarchical RCU implementation.
[    0.105851] rcu: 	RCU event tracing is enabled.
[    0.105878] rcu: 	RCU restricting CPUs from NR_CPUS=64 to nr_cpu_ids=1.
[    0.106074] 	Trampoline variant of Tasks RCU enabled.
[    0.106083] 	Tracing variant of Tasks RCU enabled.
[    0.106179] rcu: RCU calculated value of scheduler-enlistment delay is 100 jiffies.
[    0.106205] rcu: Adjusting geometry for rcu_fanout_leaf=16, nr_cpu_ids=1
[    0.107586] RCU Tasks: Setting shift to 0 and lim to 1 rcu_task_cb_adjust=1 rcu_task_cpu_ids=1.
[    0.134668] NR_IRQS: 4352, nr_irqs: 256, preallocated irqs: 16
[    0.146351] rcu: srcu_init: Setting srcu_struct sizes based on contention.
[    0.147213] clocksource: jiffies: mask: 0xffffffff max_cycles: 0xffffffff, max_idle_ns: 1911260446275000 ns
[    0.155096] Console: colour VGA+ 80x25
[    0.157276] printk: legacy console [ttyS0] enabled
[    0.168910] ACPI: Core revision 20260408
[    0.175475] clocksource: hpet: mask: 0xffffffff max_cycles: 0xffffffff, max_idle_ns: 19112604467 ns
[    0.181223] APIC: Switch to symmetric I/O mode setup
[    0.186756] ..TIMER: vector=0x30 apic1=0 pin1=2 apic2=-1 pin2=-1
[    0.192306] clocksource: tsc-early: mask: 0xffffffffffffffff max_cycles: 0x1e4529f391e, max_idle_ns: 440795254625 ns
[    0.193160] Calibrating delay loop (skipped), value calculated using timer frequency.. 4199.98 BogoMIPS (lpj=2099993)
[    0.198987] Last level iTLB entries: 4KB 512, 2MB 255, 4MB 127
[    0.199166] Last level dTLB entries: 4KB 512, 2MB 255, 4MB 127, 1GB 0
[    0.199548] mitigations: Enabled attack vectors: user_kernel, user_user, SMT mitigations: auto
[    0.200956] Spectre V2 : Mitigation: Retpolines
[    0.201220] Spectre V1 : Mitigation: usercopy/swapgs barriers and __user pointer sanitization
[    0.201443] Spectre V2 : Spectre v2 / SpectreRSB: Filling RSB on context switch and VMEXIT
[    0.202523] x86/fpu: x87 FPU will use FXSAVE
[    0.627895] pid_max: default: 32768 minimum: 301
[    0.638341] SELinux:  Initializing.
[    0.647309] Mount-cache hash table entries: 1024 (order: 1, 8192 bytes, linear)
[    0.647616] Mountpoint-cache hash table entries: 1024 (order: 1, 8192 bytes, linear)
[    0.659395] VFS: Finished mounting rootfs on nullfs
[    0.789686] smpboot: CPU0: AMD QEMU Virtual CPU version 2.5+ (family: 0xf, model: 0x6b, stepping: 0x1)
[    0.804637] Performance Events: PMU not available due to virtualization, using software events only.
[    0.805971] signal: max sigframe size: 1440
[    0.807488] rcu: Hierarchical SRCU implementation.
[    0.807608] rcu: 	Max phase no-delay instances is 400.
[    0.813016] smp: Bringing up secondary CPUs ...
[    0.815269] smp: Brought up 1 node, 1 CPU
[    0.815490] smpboot: Total of 1 processors activated (4199.98 BogoMIPS)
[    0.827506] Memory: 467940K/523768K available (19358K kernel code, 3000K rwdata, 8044K rodata, 2984K init, 884K bss, 53016K reserved, 0K cma-reserved)
[    0.836846] devtmpfs: initialized
[    0.849088] posixtimers hash table entries: 512 (order: 1, 8192 bytes, linear)
[    0.849556] futex hash table entries: 256 (16384 bytes on 1 NUMA nodes, total 16 KiB, linear).
[    0.853262] PM: RTC time: 16:15:43, date: 2026-08-15
[    0.859346] NET: Registered PF_NETLINK/PF_ROUTE protocol family
[    0.862893] audit: initializing netlink subsys (disabled)
[    0.864990] audit: type=2000 audit(1786810543.683:1): state=initialized audit_enabled=0 res=1
[    0.870843] thermal_sys: Registered thermal governor 'step_wise'
[    0.871531] cpuidle: using governor menu
[    0.873812] Freeing SMP alternatives memory: 56K
[    0.877263] PCI: Using configuration type 1 for base access
[    0.880389] kprobes: kprobe jump-optimization is enabled. All kprobes are optimized if possible.
[    0.885991] HugeTLB: registered 2.00 MiB page size, pre-allocated 0 pages
[    0.886156] HugeTLB: 28 KiB vmemmap can be freed for a 2.00 MiB page
[    0.899992] ACPI: Added _OSI(Module Device)
[    0.900099] ACPI: Added _OSI(Processor Device)
[    0.900165] ACPI: Added _OSI(Processor Aggregator Device)
[    0.944686] ACPI: 1 ACPI AML tables successfully acquired and loaded
[    0.979003] ACPI: \_SB_: platform _OSC: OS support mask [002a7eee]
[    0.990950] ACPI: Interpreter enabled
[    0.994915] ACPI: PM: (supports S0 S3 S4 S5)
[    0.995094] ACPI: Using IOAPIC for interrupt routing
[    0.995761] PCI: Using host bridge windows from ACPI; if necessary, use "pci=nocrs" and report a bug
[    0.995921] PCI: Using E820 reservations for host bridge windows
[    0.999795] ACPI: Enabled 2 GPEs in block 00 to 0F
[    1.092601] ACPI: PCI Root Bridge [PCI0] (domain 0000 [bus 00-ff])
[    1.095383] acpi PNP0A03:00: _OSC: OS supports [ASPM ClockPM Segments MSI HPX-Type3]
[    1.095852] acpi PNP0A03:00: _OSC: not requesting OS control; OS requires [ExtendedConfig ASPM ClockPM MSI]
[    1.096375] acpi PNP0A03:00: _OSC: platform retains control of PCIe features (AE_ERROR)
[    1.099093] acpi PNP0A03:00: fail to add MMCONFIG information, can't access extended configuration space under this bridge
[    1.107033] PCI host bridge to bus 0000:00
[    1.107377] pci_bus 0000:00: root bus resource [io  0x0000-0x0cf7 window]
[    1.107652] pci_bus 0000:00: root bus resource [io  0x0d00-0xffff window]
[    1.107787] pci_bus 0000:00: root bus resource [mem 0x000a0000-0x000bffff window]
[    1.107938] pci_bus 0000:00: root bus resource [mem 0x20000000-0xfebfffff window]
[    1.108034] pci_bus 0000:00: root bus resource [mem 0x100000000-0x17fffffff window]
[    1.108269] pci_bus 0000:00: root bus resource [bus 00-ff]
[    1.111921] pci 0000:00:00.0: [8086:1237] type 00 class 0x060000 conventional PCI endpoint
[    1.123849] pci 0000:00:01.0: [8086:7000] type 00 class 0x060100 conventional PCI endpoint
[    1.127317] pci 0000:00:01.1: [8086:7010] type 00 class 0x010180 conventional PCI endpoint
[    1.128162] pci 0000:00:01.1: BAR 4 [io  0xc040-0xc04f]
[    1.128374] pci 0000:00:01.1: BAR 0 [io  0x01f0-0x01f7]: legacy IDE quirk
[    1.130754] pci 0000:00:01.1: BAR 1 [io  0x03f6]: legacy IDE quirk
[    1.130909] pci 0000:00:01.1: BAR 2 [io  0x0170-0x0177]: legacy IDE quirk
[    1.131017] pci 0000:00:01.1: BAR 3 [io  0x0376]: legacy IDE quirk
[    1.132068] pci 0000:00:01.3: [8086:7113] type 00 class 0x068000 conventional PCI endpoint
[    1.132628] pci 0000:00:01.3: quirk: [io  0x0600-0x063f] claimed by PIIX4 ACPI
[    1.134763] pci 0000:00:01.3: quirk: [io  0x0700-0x070f] claimed by PIIX4 SMB
[    1.135528] pci 0000:00:02.0: [1234:1111] type 00 class 0x030000 conventional PCI endpoint
[    1.136406] pci 0000:00:02.0: BAR 0 [mem 0xfd000000-0xfdffffff pref]
[    1.138744] pci 0000:00:02.0: BAR 2 [mem 0xfebb0000-0xfebb0fff]
[    1.138871] pci 0000:00:02.0: ROM [mem 0xfeba0000-0xfebaffff pref]
[    1.139281] pci 0000:00:02.0: Video device with shadowed ROM at [mem 0x000c0000-0x000dffff]
[    1.140250] pci 0000:00:03.0: [8086:100e] type 00 class 0x020000 conventional PCI endpoint
[    1.143081] pci 0000:00:03.0: BAR 0 [mem 0xfeb80000-0xfeb9ffff]
[    1.143226] pci 0000:00:03.0: BAR 1 [io  0xc000-0xc03f]
[    1.143308] pci 0000:00:03.0: ROM [mem 0xfeb00000-0xfeb7ffff pref]
[    1.171090] ACPI: PCI: Interrupt link LNKA configured for IRQ 10
[    1.172169] ACPI: PCI: Interrupt link LNKB configured for IRQ 10
[    1.175076] ACPI: PCI: Interrupt link LNKC configured for IRQ 11
[    1.176018] ACPI: PCI: Interrupt link LNKD configured for IRQ 11
[    1.176494] ACPI: PCI: Interrupt link LNKS configured for IRQ 9
[    1.186961] iommu: Default domain type: Translated
[    1.187093] iommu: DMA domain TLB invalidation policy: lazy mode
[    1.194154] SCSI subsystem initialized
[    1.196039] ACPI: bus type USB registered
[    1.196432] usbcore: registered new interface driver usbfs
[    1.198859] usbcore: registered new interface driver hub
[    1.199114] usbcore: registered new device driver usb
[    1.199546] pps_core: LinuxPPS API ver. 1 registered
[    1.199635] pps_core: Software ver. 5.3.6 - Copyright 2005-2007 Rodolfo Giometti <giometti@linux.it>
[    1.199761] PTP clock support registered
[    1.206636] Advanced Linux Sound Architecture Driver Initialized.
[    1.226816] NetLabel: Initializing
[    1.226909] NetLabel:  domain hash size = 128
[    1.226978] NetLabel:  protocols = UNLABELED CIPSOv4 CALIPSO
[    1.229795] NetLabel:  unlabeled traffic allowed by default
[    1.240238] PCI: Using ACPI for IRQ routing
[    1.240996] e820: register RAM buffer resource [mem 0x0009fc00-0x0009ffff]
[    1.241331] e820: register RAM buffer resource [mem 0x1ffe0000-0x1fffffff]
[    1.245686] pci 0000:00:02.0: vgaarb: setting as boot VGA device
[    1.245686] pci 0000:00:02.0: vgaarb: bridge control possible
[    1.245686] pci 0000:00:02.0: vgaarb: VGA device added: decodes=io+mem,owns=io+mem,locks=none
[    1.245753] vgaarb: loaded
[    1.250707] hpet: 3 channels of 0 reserved for per-cpu timers
[    1.251106] hpet0: at MMIO 0xfed00000, IRQs 2, 8, 0
[    1.251327] hpet0: 3 comparators, 64-bit 100.000000 MHz counter
[    1.264972] clocksource: Switched to clocksource tsc-early
[    1.278451] VFS: Disk quotas dquot_6.6.0
[    1.278747] VFS: Dquot-cache hash table entries: 512 (4096 bytes)
[    1.289425] pnp: PnP ACPI init
[    1.300923] pnp: PnP ACPI: found 5 devices
[    1.361563] clocksource: acpi_pm: mask: 0xffffff max_cycles: 0xffffff, max_idle_ns: 2085701024 ns
[    1.364285] NET: Registered PF_INET protocol family
[    1.367566] IP idents hash table entries: 8192 (order: 4, 65536 bytes, linear)
[    1.382924] tcp_listen_portaddr_hash hash table entries: 256 (order: 0, 4096 bytes, linear)
[    1.383238] Table-perturb hash table entries: 65536 (order: 6, 262144 bytes, linear)
[    1.384318] TCP established hash table entries: 4096 (order: 3, 32768 bytes, linear)
[    1.384730] TCP bind hash table entries: 4096 (order: 5, 131072 bytes, linear)
[    1.385910] TCP: Hash tables configured (established 4096 bind 4096)
[    1.388007] UDP hash table entries: 256 (order: 2, 16384 bytes, linear)
[    1.392503] NET: Registered PF_UNIX/PF_LOCAL protocol family
[    1.398019] RPC: Registered named UNIX socket transport module.
[    1.398189] RPC: Registered udp transport module.
[    1.398272] RPC: Registered tcp transport module.
[    1.398340] RPC: Registered tcp-with-tls transport module.
[    1.399282] RPC: Registered tcp NFSv4.1 backchannel transport module.
[    1.411720] pci_bus 0000:00: resource 4 [io  0x0000-0x0cf7 window]
[    1.411867] pci_bus 0000:00: resource 5 [io  0x0d00-0xffff window]
[    1.411954] pci_bus 0000:00: resource 6 [mem 0x000a0000-0x000bffff window]
[    1.412044] pci_bus 0000:00: resource 7 [mem 0x20000000-0xfebfffff window]
[    1.412131] pci_bus 0000:00: resource 8 [mem 0x100000000-0x17fffffff window]
[    1.413699] pci 0000:00:01.0: PIIX3: Enabling Passive Release
[    1.414746] pci 0000:00:00.0: Limiting direct PCI/PCI transfers
[    1.414987] PCI: CLS 0 bytes, default 64
[    1.432257] Unpacking initramfs...
[    1.441180] Initialise system trusted keyrings
[    1.446930] workingset: timestamp_bits=56 (anon: 51) max_order=17 bucket_order=0 (anon: 0)
[    1.462404] NFS: Registering the id_resolver key type
[    1.462906] Key type id_resolver registered
[    1.463003] Key type id_legacy registered
[    1.464840] nfs4filelayout_init: NFSv4 File Layout Driver Registering...
[    1.465202] nfs4flexfilelayout_init: NFSv4 Flexfile Layout Driver Registering...
[    1.468527] 9p: Installing v9fs 9p2000 file system support
[    1.490940] Key type asymmetric registered
[    1.495064] Asymmetric key parser 'x509' registered
[    1.497046] Block layer SCSI generic (bsg) driver version 0.4 loaded (major 251)
[    1.497618] io scheduler mq-deadline registered
[    1.499421] io scheduler kyber registered
[    1.511366] input: Power Button as /devices/platform/LNXPWRBN:00/input/input0
[    1.516146] ACPI: button: Power Button [PWRF]
[    1.535078] Serial: 8250/16550 driver, 4 ports, IRQ sharing enabled
[    1.553033] 00:04: ttyS0 at I/O 0x3f8 (irq = 4, base_baud = 115200) is a 16550A
[    1.591890] Non-volatile memory driver v1.3
[    1.599199] ACPI: bus type drm_connector registered
[    1.670816] Freeing initrd memory: 1416K
[    1.672784] loop: module loaded
[    1.697188] scsi host0: ata_piix
[    1.701890] scsi host1: ata_piix
[    1.703336] ata1: PATA max MWDMA2 cmd 0x1f0 ctl 0x3f6 bmdma 0xc040 irq 14 lpm-pol 0
[    1.703498] ata2: PATA max MWDMA2 cmd 0x170 ctl 0x376 bmdma 0xc048 irq 15 lpm-pol 0
[    1.713830] e100: Intel(R) PRO/100 Network Driver
[    1.713936] e100: Copyright(c) 1999-2006 Intel Corporation
[    1.714153] e1000: Intel(R) PRO/1000 Network Driver
[    1.714230] e1000: Copyright (c) 1999-2006 Intel Corporation.
[    1.871154] ata2: found unknown device (class 0)
[    1.891017] ata2.00: ATAPI: QEMU DVD-ROM, 2.5+, max UDMA/100
[    1.932767] scsi 1:0:0:0: CD-ROM            QEMU     QEMU DVD-ROM     2.5+ PQ: 0 ANSI: 5
[    1.970393] sr 1:0:0:0: [sr0] scsi3-mmc drive: 4x/4x cd/rw xa/form2 tray
[    1.982415] cdrom: Uniform CD-ROM driver Revision: 3.20
[    2.006164] sr 1:0:0:0: Attached scsi generic sg0 type 5
[    2.178061] ACPI: \_SB_.LNKC: Enabled at IRQ 11
[    2.454058] tsc: Refined TSC clocksource calibration: 2100.000 MHz
[    2.455731] clocksource: tsc: mask: 0xffffffffffffffff max_cycles: 0x1e4530a99b6, max_idle_ns: 440795257976 ns
[    2.463811] clocksource: Switched to clocksource tsc
[    2.748063] e1000 0000:00:03.0 eth0: (PCI:33MHz:32-bit) 52:54:00:12:34:56
[    2.749794] e1000 0000:00:03.0 eth0: Intel(R) PRO/1000 Network Connection
[    2.751614] e1000e: Intel(R) PRO/1000 Network Driver
[    2.751855] e1000e: Copyright(c) 1999 - 2015 Intel Corporation.
[    2.752072] sky2: driver version 1.30
[    2.757365] usbcore: registered new interface driver usblp
[    2.758549] usbcore: registered new interface driver usb-storage
[    2.760430] i8042: PNP: PS/2 Controller [PNP0303:KBD,PNP0f13:MOU] at 0x60,0x64 irq 1,12
[    2.768536] serio: i8042 KBD port at 0x60,0x64 irq 1
[    2.771954] serio: i8042 AUX port at 0x60,0x64 irq 12
[    2.776047] rtc_cmos PNP0B00:00: RTC can wake from S4
[    2.782851] input: AT Translated Set 2 keyboard as /devices/platform/i8042/serio0/input/input1
[    2.788352] rtc_cmos PNP0B00:00: registered as rtc0
[    2.792490] rtc_cmos PNP0B00:00: alarms up to one day, y3k, 242 bytes nvram, hpet irqs
[    2.797342] device-mapper: ioctl: 4.50.0-ioctl (2025-04-28) initialised: dm-devel@lists.linux.dev
[    2.799928] hid: raw HID events driver (C) Jiri Kosina
[    2.802172] usbcore: registered new interface driver usbhid
[    2.802289] usbhid: USB HID core driver
[    2.817788] nf_conntrack_irc: The irc conntrack helper is scheduled for removal.
[    2.817788] Please contact the netfilter-devel mailing list if you still need this.
[    2.821152] Initializing XFRM netlink socket
[    2.822451] NET: Registered PF_INET6 protocol family
[    2.843726] Segment Routing with IPv6
[    2.844992] In-situ OAM (IOAM) with IPv6
[    2.847921] NET: Registered PF_PACKET protocol family
[    2.853056] 9pnet: Installing 9P2000 support
[    2.854301] Key type dns_resolver registered
[    2.860157] IPI shorthand broadcast: enabled
[    2.927530] sched_clock: Marking stable (2893041609, 33595976)->(2937466190, -10828605)
[    2.934060] registered taskstats version 1
[    2.934223] Loading compiled-in X.509 certificates
[    2.964588] Demotion targets for Node 0: null
[    2.972579] PM:   Magic number: 6:556:287
[    2.973778] tty tty20: hash matches
[    2.973884] acpi PNP0400:00: hash matches
[    2.974240] netconsole: network logging started
[    2.977165] cfg80211: Loading compiled-in X.509 certificates for regulatory database
[    2.996030] kworker/u4:3 (53) used greatest stack depth: 15032 bytes left
[    3.008095] Loaded X.509 cert 'sforshee: 00b28ddf47aef9cea7'
[    3.008940] Loaded X.509 cert 'wens: 61c038651aabdcf94bd0ac7ff06c7248db18c600'
[    3.011992] faux_driver regulatory: Direct firmware load for regulatory.db failed with error -2
[    3.012406] cfg80211: failed to load regulatory.db
[    3.014129] ALSA device list:
[    3.014272]   No soundcards found.
[    3.101427] Freeing unused kernel image (initmem) memory: 2984K
[    3.102127] Write protecting the kernel read-only data: 28672k
[    3.104596] Freeing unused kernel image (text/rodata gap) memory: 1120K
[    3.105124] Freeing unused kernel image (rodata/data gap) memory: 148K
[    3.217863] input: ImExPS/2 Generic Explorer Mouse as /devices/platform/i8042/serio1/input/input3
[    3.237832] x86/mm: Checked W+X mappings: passed, no W+X pages found.
[    3.238261] Run /init as init process
[    3.347854] busybox (56) used greatest stack depth: 13784 bytes left
FAISAL_M66_BOOT_OK
M66_TRANSPORT_REGISTER_OK id=1
M66_TRANSPORT_QUERY_OK
M66_STALE_CAPABILITY_REJECT_OK
M66_ZERO_COPY_BOUNDARY_OK
M66_TRANSPORT_REVOKE_OK
M66_SELFTEST_EXIT=0
FAISAL_M66_TEST_RC=0
[    3.586419] ACPI: PM: Preparing to enter system sleep state S5
[    3.587307] reboot: Power down
QEMU_RC=0
FAISAL_M66_SELFTEST_EXIT=0
REGRESSION_SCRIPT_RC=0

=== tools/faisal-build/run_execution_domain_qemu.sh ===
c[?7l[2J[0mSeaBIOS (version 1.16.3-debian-1.16.3-2)


iPXE (https://ipxe.org) 00:03.0 CA00 PCI2.10 PnP PMM+1EFCAE00+1EF0AE00 CA00
Press Ctrl-B to configure iPXE (PCI 00:03.0)...


Booting from ROM..c[?7l[2J[    0.000000] Linux version 7.2.0-rc7-g03d7a0afa3e6-dirty (ubuntu@db71298c03d4) (gcc (Ubuntu 13.3.0-6ubuntu2~24.04.1) 13.3.0, GNU ld (GNU Binutils for Ubuntu) 2.42) #13 SMP PREEMPT_DYNAMIC Sat Aug 15 16:00:59 UTC 2026
[    0.000000] Command line: console=ttyS0 rdinit=/init
[    0.000000] BIOS-provided physical RAM map:
[    0.000000] BIOS-e820: [mem 0x0000000000000000-0x000000000009fbff]  System RAM
[    0.000000] BIOS-e820: [mem 0x000000000009fc00-0x000000000009ffff]  device reserved
[    0.000000] BIOS-e820: [gap 0x00000000000a0000-0x00000000000effff]
[    0.000000] BIOS-e820: [mem 0x00000000000f0000-0x00000000000fffff]  device reserved
[    0.000000] BIOS-e820: [mem 0x0000000000100000-0x000000001ffdffff]  System RAM
[    0.000000] BIOS-e820: [mem 0x000000001ffe0000-0x000000001fffffff]  device reserved
[    0.000000] BIOS-e820: [gap 0x0000000020000000-0x00000000fffbffff]
[    0.000000] BIOS-e820: [mem 0x00000000fffc0000-0x00000000ffffffff]  device reserved
[    0.000000] BIOS-e820: [gap 0x0000000100000000-0x000000fcffffffff]
[    0.000000] BIOS-e820: [mem 0x000000fd00000000-0x000000ffffffffff]  device reserved
[    0.000000] NX (Execute Disable) protection: active
[    0.000000] APIC: Static calls initialized
[    0.000000] DMI: SMBIOS 3.0.0 present.
[    0.000000] DMI: QEMU Standard PC (i440FX + PIIX, 1996), BIOS 1.16.3-debian-1.16.3-2 04/01/2014
[    0.000000] DMI: Memory slots populated: 1/1
[    0.000000] last_pfn = 0x1ffe0 max_arch_pfn = 0x400000000
[    0.000000] MTRR map: 4 entries (3 fixed + 1 variable; max 19), built from 8 variable MTRRs
[    0.000000] x86/PAT: Configuration [0-7]: WB  WC  UC- UC  WB  WP  UC- WT
[    0.000000] found SMP MP-table at [mem 0x000f5480-0x000f548f]
[    0.000000] RAMDISK: [mem 0x1fe7e000-0x1ffdffff]
[    0.000000] ACPI: Early table checksum verification disabled
[    0.000000] ACPI: RSDP 0x00000000000F52B0 000014 (v00 BOCHS )
[    0.000000] ACPI: RSDT 0x000000001FFE1CAD 000034 (v01 BOCHS  BXPC     00000001 BXPC 00000001)
[    0.000000] ACPI: FACP 0x000000001FFE1B59 000074 (v01 BOCHS  BXPC     00000001 BXPC 00000001)
[    0.000000] ACPI: DSDT 0x000000001FFE0040 001B19 (v01 BOCHS  BXPC     00000001 BXPC 00000001)
[    0.000000] ACPI: FACS 0x000000001FFE0000 000040
[    0.000000] ACPI: APIC 0x000000001FFE1BCD 000080 (v03 BOCHS  BXPC     00000001 BXPC 00000001)
[    0.000000] ACPI: HPET 0x000000001FFE1C4D 000038 (v01 BOCHS  BXPC     00000001 BXPC 00000001)
[    0.000000] ACPI: WAET 0x000000001FFE1C85 000028 (v01 BOCHS  BXPC     00000001 BXPC 00000001)
[    0.000000] ACPI: Reserving FACP table memory at [mem 0x1ffe1b59-0x1ffe1bcc]
[    0.000000] ACPI: Reserving DSDT table memory at [mem 0x1ffe0040-0x1ffe1b58]
[    0.000000] ACPI: Reserving FACS table memory at [mem 0x1ffe0000-0x1ffe003f]
[    0.000000] ACPI: Reserving APIC table memory at [mem 0x1ffe1bcd-0x1ffe1c4c]
[    0.000000] ACPI: Reserving HPET table memory at [mem 0x1ffe1c4d-0x1ffe1c84]
[    0.000000] ACPI: Reserving WAET table memory at [mem 0x1ffe1c85-0x1ffe1cac]
[    0.000000] No NUMA configuration found
[    0.000000] Faking a node at [mem 0x0000000000000000-0x000000001ffdffff]
[    0.000000] NODE_DATA(0) allocated [mem 0x1fe7a680-0x1fe7dfff]
[    0.000000] ACPI: PM-Timer IO Port: 0x608
[    0.000000] ACPI: LAPIC_NMI (acpi_id[0xff] dfl dfl lint[0x1])
[    0.000000] IOAPIC[0]: apic_id 0, version 32, address 0xfec00000, GSI 0-23
[    0.000000] ACPI: INT_SRC_OVR (bus 0 bus_irq 0 global_irq 2 dfl dfl)
[    0.000000] ACPI: INT_SRC_OVR (bus 0 bus_irq 5 global_irq 5 high level)
[    0.000000] ACPI: INT_SRC_OVR (bus 0 bus_irq 9 global_irq 9 high level)
[    0.000000] ACPI: INT_SRC_OVR (bus 0 bus_irq 10 global_irq 10 high level)
[    0.000000] ACPI: INT_SRC_OVR (bus 0 bus_irq 11 global_irq 11 high level)
[    0.000000] ACPI: Using ACPI (MADT) for SMP configuration information
[    0.000000] ACPI: HPET id: 0x8086a201 base: 0xfed00000
[    0.000000] CPU topo: Max. logical packages:   1
[    0.000000] CPU topo: Max. logical nodes:      1
[    0.000000] CPU topo: Num. nodes per package:  1
[    0.000000] CPU topo: Max. logical dies:       1
[    0.000000] CPU topo: Max. dies per package:   1
[    0.000000] CPU topo: Max. threads per core:   1
[    0.000000] CPU topo: Num. cores per package:     2
[    0.000000] CPU topo: Num. threads per package:   2
[    0.000000] CPU topo: Allowing 2 present CPUs plus 0 hotplug CPUs
[    0.000000] PM: hibernation: Registered nosave memory: [mem 0x00000000-0x00000fff]
[    0.000000] PM: hibernation: Registered nosave memory: [mem 0x0009f000-0x000fffff]
[    0.000000] [gap 0x20000000-0xfffbffff] available for PCI devices
[    0.000000] Booting paravirtualized kernel on bare hardware
[    0.000000] clocksource: refined-jiffies: mask: 0xffffffff max_cycles: 0xffffffff, max_idle_ns: 1910969940391419 ns
[    0.000000] Zone ranges:
[    0.000000]   DMA      [mem 0x0000000000001000-0x0000000000ffffff]
[    0.000000]   DMA32    [mem 0x0000000001000000-0x000000001ffdffff]
[    0.000000]   Normal   empty
[    0.000000] Movable zone start for each node
[    0.000000] Early memory node ranges
[    0.000000]   node   0: [mem 0x0000000000001000-0x000000000009efff]
[    0.000000]   node   0: [mem 0x0000000000100000-0x000000001ffdffff]
[    0.000000] Initmem setup node 0 [mem 0x0000000000001000-0x000000001ffdffff]
[    0.000000] On node 0, zone DMA: 1 pages in unavailable ranges
[    0.000000] On node 0, zone DMA: 97 pages in unavailable ranges
[    0.000000] On node 0, zone DMA32: 32 pages in unavailable ranges
[    0.000000] setup_percpu: NR_CPUS:64 nr_cpumask_bits:2 nr_cpu_ids:2 nr_node_ids:1
[    0.000000] percpu: Embedded 52 pages/cpu s175704 r8192 d29096 u1048576
[    0.000000] Kernel command line: console=ttyS0 rdinit=/init
[    0.000000] printk: log buffer data + meta data: 262144 + 917504 = 1179648 bytes
[    0.000000] Dentry cache hash table entries: 65536 (order: 7, 524288 bytes, linear)
[    0.000000] Inode-cache hash table entries: 32768 (order: 6, 262144 bytes, linear)
[    0.000000] Fallback order for Node 0: 0
[    0.000000] Built 1 zonelists, mobility grouping on.  Total pages: 130942
[    0.000000] Policy zone: DMA32
[    0.000000] mem auto-init: stack:all(zero), heap alloc:off, heap free:off
[    0.000000] SLUB: HWalign=64, Order=0-3, MinObjects=0, CPUs=2, Nodes=1
[    0.000000] Dynamic Preempt: lazy
[    0.000000] rcu: Preemptible hierarchical RCU implementation.
[    0.000000] rcu: 	RCU event tracing is enabled.
[    0.000000] rcu: 	RCU restricting CPUs from NR_CPUS=64 to nr_cpu_ids=2.
[    0.000000] 	Trampoline variant of Tasks RCU enabled.
[    0.000000] 	Tracing variant of Tasks RCU enabled.
[    0.000000] rcu: RCU calculated value of scheduler-enlistment delay is 100 jiffies.
[    0.000000] rcu: Adjusting geometry for rcu_fanout_leaf=16, nr_cpu_ids=2
[    0.000000] RCU Tasks: Setting shift to 1 and lim to 1 rcu_task_cb_adjust=1 rcu_task_cpu_ids=2.
[    0.000000] NR_IRQS: 4352, nr_irqs: 440, preallocated irqs: 16
[    0.000000] rcu: srcu_init: Setting srcu_struct sizes based on contention.
[    0.000000] clocksource: jiffies: mask: 0xffffffff max_cycles: 0xffffffff, max_idle_ns: 1911260446275000 ns
[    0.000000] Console: colour VGA+ 80x25
[    0.000000] printk: legacy console [ttyS0] enabled
[    0.000000] ACPI: Core revision 20260408
[    0.000000] clocksource: hpet: mask: 0xffffffff max_cycles: 0xffffffff, max_idle_ns: 19112604467 ns
[    0.003000] APIC: Switch to symmetric I/O mode setup
[    0.007000] ..TIMER: vector=0x30 apic1=0 pin1=2 apic2=-1 pin2=-1
[    0.015000] tsc: Unable to calibrate against PIT
[    0.015000] tsc: using HPET reference calibration
[    0.016000] tsc: Detected 2096.582 MHz processor
[    0.000604] clocksource: tsc-early: mask: 0xffffffffffffffff max_cycles: 0x1e38939f3ee, max_idle_ns: 440795230005 ns
[    0.001294] Calibrating delay loop (skipped), value calculated using timer frequency.. 4193.16 BogoMIPS (lpj=2096582)
[    0.005618] Last level iTLB entries: 4KB 512, 2MB 255, 4MB 127
[    0.005760] Last level dTLB entries: 4KB 512, 2MB 255, 4MB 127, 1GB 0
[    0.006148] mitigations: Enabled attack vectors: user_kernel, user_user, SMT mitigations: auto
[    0.006722] Spectre V2 : Mitigation: Retpolines
[    0.006917] Spectre V1 : Mitigation: usercopy/swapgs barriers and __user pointer sanitization
[    0.007139] Spectre V2 : Spectre v2 / SpectreRSB: Filling RSB on context switch and VMEXIT
[    0.010415] x86/fpu: x87 FPU will use FXSAVE
[    0.164264] pid_max: default: 32768 minimum: 301
[    0.176532] SELinux:  Initializing.
[    0.184547] Mount-cache hash table entries: 1024 (order: 1, 8192 bytes, linear)
[    0.184825] Mountpoint-cache hash table entries: 1024 (order: 1, 8192 bytes, linear)
[    0.195170] VFS: Finished mounting rootfs on nullfs
[    0.324032] smpboot: CPU0: AMD QEMU Virtual CPU version 2.5+ (family: 0xf, model: 0x6b, stepping: 0x1)
[    0.336641] Performance Events: PMU not available due to virtualization, using software events only.
[    0.337984] signal: max sigframe size: 1440
[    0.341370] rcu: Hierarchical SRCU implementation.
[    0.341524] rcu: 	Max phase no-delay instances is 400.
[    0.343635] Timer migration: 1 hierarchy levels; 8 children per group; 1 crossnode level
[    0.349864] smp: Bringing up secondary CPUs ...
[    0.359253] smpboot: x86: Booting SMP configuration:
[    0.359409] .... node  #0, CPUs:      #1
[    0.441350] smp: Brought up 1 node, 2 CPUs
[    0.441776] smpboot: Total of 2 processors activated (8382.03 BogoMIPS)
[    0.454412] Memory: 466996K/523768K available (19358K kernel code, 3000K rwdata, 8044K rodata, 2984K init, 884K bss, 53232K reserved, 0K cma-reserved)
[    0.466252] devtmpfs: initialized
[    0.479450] posixtimers hash table entries: 1024 (order: 2, 16384 bytes, linear)
[    0.480144] futex hash table entries: 512 (32768 bytes on 1 NUMA nodes, total 32 KiB, linear).
[    0.485167] PM: RTC time: 16:15:48, date: 2026-08-15
[    0.492232] NET: Registered PF_NETLINK/PF_ROUTE protocol family
[    0.496157] audit: initializing netlink subsys (disabled)
[    0.500299] audit: type=2000 audit(1786810548.515:1): state=initialized audit_enabled=0 res=1
[    0.507295] thermal_sys: Registered thermal governor 'step_wise'
[    0.508088] cpuidle: using governor menu
[    0.511377] Freeing SMP alternatives memory: 56K
[    0.514866] PCI: Using configuration type 1 for base access
[    0.515471] mtrr: your CPUs had inconsistent fixed MTRR settings
[    0.515582] mtrr: your CPUs had inconsistent variable MTRR settings
[    0.515676] mtrr: your CPUs had inconsistent MTRRdefType settings
[    0.515812] mtrr: probably your BIOS does not setup all CPUs.
[    0.516047] mtrr: corrected configuration.
[    0.518632] kprobes: kprobe jump-optimization is enabled. All kprobes are optimized if possible.
[    0.523575] HugeTLB: registered 2.00 MiB page size, pre-allocated 0 pages
[    0.523735] HugeTLB: 28 KiB vmemmap can be freed for a 2.00 MiB page
[    0.531259] ACPI: Added _OSI(Module Device)
[    0.531370] ACPI: Added _OSI(Processor Device)
[    0.531441] ACPI: Added _OSI(Processor Aggregator Device)
[    0.555118] ACPI: 1 ACPI AML tables successfully acquired and loaded
[    0.576590] ACPI: \_SB_: platform _OSC: OS support mask [002a7eee]
[    0.581907] ACPI: Interpreter enabled
[    0.583209] ACPI: PM: (supports S0 S3 S4 S5)
[    0.583328] ACPI: Using IOAPIC for interrupt routing
[    0.583822] PCI: Using host bridge windows from ACPI; if necessary, use "pci=nocrs" and report a bug
[    0.584051] PCI: Using E820 reservations for host bridge windows
[    0.586346] ACPI: Enabled 2 GPEs in block 00 to 0F
[    0.631189] ACPI: PCI Root Bridge [PCI0] (domain 0000 [bus 00-ff])
[    0.632430] acpi PNP0A03:00: _OSC: OS supports [ASPM ClockPM Segments MSI HPX-Type3]
[    0.632827] acpi PNP0A03:00: _OSC: not requesting OS control; OS requires [ExtendedConfig ASPM ClockPM MSI]
[    0.633558] acpi PNP0A03:00: _OSC: platform retains control of PCIe features (AE_ERROR)
[    0.634534] acpi PNP0A03:00: fail to add MMCONFIG information, can't access extended configuration space under this bridge
[    0.638688] PCI host bridge to bus 0000:00
[    0.639101] pci_bus 0000:00: root bus resource [io  0x0000-0x0cf7 window]
[    0.639338] pci_bus 0000:00: root bus resource [io  0x0d00-0xffff window]
[    0.639434] pci_bus 0000:00: root bus resource [mem 0x000a0000-0x000bffff window]
[    0.639568] pci_bus 0000:00: root bus resource [mem 0x20000000-0xfebfffff window]
[    0.639669] pci_bus 0000:00: root bus resource [mem 0x100000000-0x17fffffff window]
[    0.639914] pci_bus 0000:00: root bus resource [bus 00-ff]
[    0.641787] pci 0000:00:00.0: [8086:1237] type 00 class 0x060000 conventional PCI endpoint
[    0.647093] pci 0000:00:01.0: [8086:7000] type 00 class 0x060100 conventional PCI endpoint
[    0.648261] pci 0000:00:01.1: [8086:7010] type 00 class 0x010180 conventional PCI endpoint
[    0.649253] pci 0000:00:01.1: BAR 4 [io  0xc040-0xc04f]
[    0.649427] pci 0000:00:01.1: BAR 0 [io  0x01f0-0x01f7]: legacy IDE quirk
[    0.649577] pci 0000:00:01.1: BAR 1 [io  0x03f6]: legacy IDE quirk
[    0.649720] pci 0000:00:01.1: BAR 2 [io  0x0170-0x0177]: legacy IDE quirk
[    0.650075] pci 0000:00:01.1: BAR 3 [io  0x0376]: legacy IDE quirk
[    0.651067] pci 0000:00:01.3: [8086:7113] type 00 class 0x068000 conventional PCI endpoint
[    0.651685] pci 0000:00:01.3: quirk: [io  0x0600-0x063f] claimed by PIIX4 ACPI
[    0.651835] pci 0000:00:01.3: quirk: [io  0x0700-0x070f] claimed by PIIX4 SMB
[    0.652770] pci 0000:00:02.0: [1234:1111] type 00 class 0x030000 conventional PCI endpoint
[    0.654086] pci 0000:00:02.0: BAR 0 [mem 0xfd000000-0xfdffffff pref]
[    0.654360] pci 0000:00:02.0: BAR 2 [mem 0xfebb0000-0xfebb0fff]
[    0.654458] pci 0000:00:02.0: ROM [mem 0xfeba0000-0xfebaffff pref]
[    0.655135] pci 0000:00:02.0: Video device with shadowed ROM at [mem 0x000c0000-0x000dffff]
[    0.656062] pci 0000:00:03.0: [8086:100e] type 00 class 0x020000 conventional PCI endpoint
[    0.657074] pci 0000:00:03.0: BAR 0 [mem 0xfeb80000-0xfeb9ffff]
[    0.657208] pci 0000:00:03.0: BAR 1 [io  0xc000-0xc03f]
[    0.657293] pci 0000:00:03.0: ROM [mem 0xfeb00000-0xfeb7ffff pref]
[    0.671123] ACPI: PCI: Interrupt link LNKA configured for IRQ 10
[    0.672630] ACPI: PCI: Interrupt link LNKB configured for IRQ 10
[    0.673534] ACPI: PCI: Interrupt link LNKC configured for IRQ 11
[    0.674409] ACPI: PCI: Interrupt link LNKD configured for IRQ 11
[    0.674776] ACPI: PCI: Interrupt link LNKS configured for IRQ 9
[    0.679893] iommu: Default domain type: Translated
[    0.680079] iommu: DMA domain TLB invalidation policy: lazy mode
[    0.683623] SCSI subsystem initialized
[    0.686224] ACPI: bus type USB registered
[    0.686640] usbcore: registered new interface driver usbfs
[    0.687027] usbcore: registered new interface driver hub
[    0.687274] usbcore: registered new device driver usb
[    0.688332] pps_core: LinuxPPS API ver. 1 registered
[    0.688426] pps_core: Software ver. 5.3.6 - Copyright 2005-2007 Rodolfo Giometti <giometti@linux.it>
[    0.688593] PTP clock support registered
[    0.691982] Advanced Linux Sound Architecture Driver Initialized.
[    0.703783] NetLabel: Initializing
[    0.703896] NetLabel:  domain hash size = 128
[    0.704065] NetLabel:  protocols = UNLABELED CIPSOv4 CALIPSO
[    0.705193] NetLabel:  unlabeled traffic allowed by default
[    0.710385] PCI: Using ACPI for IRQ routing
[    0.710991] e820: register RAM buffer resource [mem 0x0009fc00-0x0009ffff]
[    0.711378] e820: register RAM buffer resource [mem 0x1ffe0000-0x1fffffff]
[    0.713631] pci 0000:00:02.0: vgaarb: setting as boot VGA device
[    0.713842] pci 0000:00:02.0: vgaarb: bridge control possible
[    0.714032] pci 0000:00:02.0: vgaarb: VGA device added: decodes=io+mem,owns=io+mem,locks=none
[    0.714080] vgaarb: loaded
[    0.715692] hpet: 3 channels of 0 reserved for per-cpu timers
[    0.716125] hpet0: at MMIO 0xfed00000, IRQs 2, 8, 0
[    0.716318] hpet0: 3 comparators, 64-bit 100.000000 MHz counter
[    0.721579] clocksource: Switched to clocksource tsc-early
[    0.723815] VFS: Disk quotas dquot_6.6.0
[    0.724006] VFS: Dquot-cache hash table entries: 512 (4096 bytes)
[    0.728592] pnp: PnP ACPI init
[    0.733505] pnp: PnP ACPI: found 5 devices
[    0.764551] clocksource: acpi_pm: mask: 0xffffff max_cycles: 0xffffff, max_idle_ns: 2085701024 ns
[    0.766280] NET: Registered PF_INET protocol family
[    0.767935] IP idents hash table entries: 8192 (order: 4, 65536 bytes, linear)
[    0.775672] tcp_listen_portaddr_hash hash table entries: 256 (order: 0, 4096 bytes, linear)
[    0.775943] Table-perturb hash table entries: 65536 (order: 6, 262144 bytes, linear)
[    0.776116] TCP established hash table entries: 4096 (order: 3, 32768 bytes, linear)
[    0.776519] TCP bind hash table entries: 4096 (order: 5, 131072 bytes, linear)
[    0.776811] TCP: Hash tables configured (established 4096 bind 4096)
[    0.777796] UDP hash table entries: 256 (order: 2, 16384 bytes, linear)
[    0.779569] NET: Registered PF_UNIX/PF_LOCAL protocol family
[    0.784730] RPC: Registered named UNIX socket transport module.
[    0.784883] RPC: Registered udp transport module.
[    0.784955] RPC: Registered tcp transport module.
[    0.785026] RPC: Registered tcp-with-tls transport module.
[    0.785225] RPC: Registered tcp NFSv4.1 backchannel transport module.
[    0.789638] pci_bus 0000:00: resource 4 [io  0x0000-0x0cf7 window]
[    0.789777] pci_bus 0000:00: resource 5 [io  0x0d00-0xffff window]
[    0.789865] pci_bus 0000:00: resource 6 [mem 0x000a0000-0x000bffff window]
[    0.789957] pci_bus 0000:00: resource 7 [mem 0x20000000-0xfebfffff window]
[    0.790046] pci_bus 0000:00: resource 8 [mem 0x100000000-0x17fffffff window]
[    0.790909] pci 0000:00:01.0: PIIX3: Enabling Passive Release
[    0.791113] pci 0000:00:00.0: Limiting direct PCI/PCI transfers
[    0.791457] PCI: CLS 0 bytes, default 64
[    0.799768] Unpacking initramfs...
[    0.806880] Initialise system trusted keyrings
[    0.814542] workingset: timestamp_bits=56 (anon: 51) max_order=17 bucket_order=0 (anon: 0)
[    0.823145] NFS: Registering the id_resolver key type
[    0.823681] Key type id_resolver registered
[    0.823781] Key type id_legacy registered
[    0.823939] nfs4filelayout_init: NFSv4 File Layout Driver Registering...
[    0.824338] nfs4flexfilelayout_init: NFSv4 Flexfile Layout Driver Registering...
[    0.828610] 9p: Installing v9fs 9p2000 file system support
[    0.844305] Key type asymmetric registered
[    0.844527] Asymmetric key parser 'x509' registered
[    0.844913] Block layer SCSI generic (bsg) driver version 0.4 loaded (major 251)
[    0.845580] io scheduler mq-deadline registered
[    0.845712] io scheduler kyber registered
[    0.854254] input: Power Button as /devices/platform/LNXPWRBN:00/input/input0
[    0.857852] ACPI: button: Power Button [PWRF]
[    0.874425] Serial: 8250/16550 driver, 4 ports, IRQ sharing enabled
[    0.884517] 00:04: ttyS0 at I/O 0x3f8 (irq = 4, base_baud = 115200) is a 16550A
[    0.900178] Freeing initrd memory: 1416K
[    0.905483] Non-volatile memory driver v1.3
[    0.907797] ACPI: bus type drm_connector registered
[    0.929115] loop: module loaded
[    0.939538] scsi host0: ata_piix
[    0.941717] scsi host1: ata_piix
[    0.942321] ata1: PATA max MWDMA2 cmd 0x1f0 ctl 0x3f6 bmdma 0xc040 irq 14 lpm-pol 0
[    0.942465] ata2: PATA max MWDMA2 cmd 0x170 ctl 0x376 bmdma 0xc048 irq 15 lpm-pol 0
[    0.945501] e100: Intel(R) PRO/100 Network Driver
[    0.945652] e100: Copyright(c) 1999-2006 Intel Corporation
[    0.945948] e1000: Intel(R) PRO/1000 Network Driver
[    0.946065] e1000: Copyright (c) 1999-2006 Intel Corporation.
[    1.114604] ata2: found unknown device (class 0)
[    1.119560] ACPI: \_SB_.LNKC: Enabled at IRQ 11
[    1.123982] ata2.00: ATAPI: QEMU DVD-ROM, 2.5+, max UDMA/100
[    1.140670] scsi 1:0:0:0: CD-ROM            QEMU     QEMU DVD-ROM     2.5+ PQ: 0 ANSI: 5
[    1.170202] sr 1:0:0:0: [sr0] scsi3-mmc drive: 4x/4x cd/rw xa/form2 tray
[    1.186330] cdrom: Uniform CD-ROM driver Revision: 3.20
[    1.209344] sr 1:0:0:0: Attached scsi generic sg0 type 5
[    1.428162] e1000 0000:00:03.0 eth0: (PCI:33MHz:32-bit) 52:54:00:12:34:56
[    1.428843] e1000 0000:00:03.0 eth0: Intel(R) PRO/1000 Network Connection
[    1.429764] e1000e: Intel(R) PRO/1000 Network Driver
[    1.429865] e1000e: Copyright(c) 1999 - 2015 Intel Corporation.
[    1.430160] sky2: driver version 1.30
[    1.433504] usbcore: registered new interface driver usblp
[    1.433893] usbcore: registered new interface driver usb-storage
[    1.434969] i8042: PNP: PS/2 Controller [PNP0303:KBD,PNP0f13:MOU] at 0x60,0x64 irq 1,12
[    1.439217] serio: i8042 KBD port at 0x60,0x64 irq 1
[    1.439647] serio: i8042 AUX port at 0x60,0x64 irq 12
[    1.445204] rtc_cmos PNP0B00:00: RTC can wake from S4
[    1.448947] input: AT Translated Set 2 keyboard as /devices/platform/i8042/serio0/input/input1
[    1.455606] rtc_cmos PNP0B00:00: registered as rtc0
[    1.456720] rtc_cmos PNP0B00:00: alarms up to one day, y3k, 242 bytes nvram, hpet irqs
[    1.461339] device-mapper: ioctl: 4.50.0-ioctl (2025-04-28) initialised: dm-devel@lists.linux.dev
[    1.462013] hid: raw HID events driver (C) Jiri Kosina
[    1.463553] usbcore: registered new interface driver usbhid
[    1.463788] usbhid: USB HID core driver
[    1.470799] nf_conntrack_irc: The irc conntrack helper is scheduled for removal.
[    1.470799] Please contact the netfilter-devel mailing list if you still need this.
[    1.472668] Initializing XFRM netlink socket
[    1.473325] NET: Registered PF_INET6 protocol family
[    1.486194] Segment Routing with IPv6
[    1.486555] In-situ OAM (IOAM) with IPv6
[    1.487799] NET: Registered PF_PACKET protocol family
[    1.489598] 9pnet: Installing 9P2000 support
[    1.490004] Key type dns_resolver registered
[    1.493797] IPI shorthand broadcast: enabled
[    1.529219] sched_clock: Marking stable (1545078970, -15967619)->(1543263677, -14152326)
[    1.533519] registered taskstats version 1
[    1.533791] Loading compiled-in X.509 certificates
[    1.549911] Demotion targets for Node 0: null
[    1.553576] PM:   Magic number: 6:556:287
[    1.553894] tty tty20: hash matches
[    1.553990] acpi PNP0400:00: hash matches
[    1.554446] netconsole: network logging started
[    1.555639] cfg80211: Loading compiled-in X.509 certificates for regulatory database
[    1.566028] kworker/u8:1 (60) used greatest stack depth: 14344 bytes left
[    1.577929] Loaded X.509 cert 'sforshee: 00b28ddf47aef9cea7'
[    1.578767] Loaded X.509 cert 'wens: 61c038651aabdcf94bd0ac7ff06c7248db18c600'
[    1.581273] ALSA device list:
[    1.581397]   No soundcards found.
[    1.583952] faux_driver regulatory: Direct firmware load for regulatory.db failed with error -2
[    1.584860] cfg80211: failed to load regulatory.db
[    1.695726] Freeing unused kernel image (initmem) memory: 2984K
[    1.696369] Write protecting the kernel read-only data: 28672k
[    1.699802] Freeing unused kernel image (text/rodata gap) memory: 1120K
[    1.700547] Freeing unused kernel image (rodata/data gap) memory: 148K
[    1.809395] tsc: Refined TSC clocksource calibration: 2100.000 MHz
[    1.810052] clocksource: tsc: mask: 0xffffffffffffffff max_cycles: 0x1e4530a99b6, max_idle_ns: 440795257976 ns
[    1.812669] clocksource: Switched to clocksource tsc
[    1.838461] x86/mm: Checked W+X mappings: passed, no W+X pages found.
[    1.838904] Run /init as init process
[    1.876934] input: ImExPS/2 Generic Explorer Mouse as /devices/platform/i8042/serio1/input/input3
[    1.957493] busybox (63) used greatest stack depth: 13784 bytes left
FAISAL_M67_BOOT_OK
M67_DOMAIN_CREATE_OK id=1
M67_DOMAIN_QUERY_OK
M67_STALE_DOMAIN_CAPABILITY_REJECT_OK
M67_NOHZ_BOUNDARY_OK
M67_DOMAIN_RELEASE_OK
M67_SELFTEST_EXIT=0
FAISAL_M67_TEST_RC=0
[    2.221753] ACPI: PM: Preparing to enter system sleep state S5
[    2.223858] reboot: Power down
QEMU_RC=0
FAISAL_M67_SELFTEST_EXIT=0
REGRESSION_SCRIPT_RC=0

=== tools/faisal-build/run_heterogeneous_context_qemu.sh ===
c[?7l[2J[0mSeaBIOS (version 1.16.3-debian-1.16.3-2)


iPXE (https://ipxe.org) 00:03.0 CA00 PCI2.10 PnP PMM+1EFCAE00+1EF0AE00 CA00
Press Ctrl-B to configure iPXE (PCI 00:03.0)...


Booting from ROM..c[?7l[2J[    0.000000] Linux version 7.2.0-rc7-g03d7a0afa3e6-dirty (ubuntu@db71298c03d4) (gcc (Ubuntu 13.3.0-6ubuntu2~24.04.1) 13.3.0, GNU ld (GNU Binutils for Ubuntu) 2.42) #13 SMP PREEMPT_DYNAMIC Sat Aug 15 16:00:59 UTC 2026
[    0.000000] Command line: console=ttyS0 rdinit=/init
[    0.000000] BIOS-provided physical RAM map:
[    0.000000] BIOS-e820: [mem 0x0000000000000000-0x000000000009fbff]  System RAM
[    0.000000] BIOS-e820: [mem 0x000000000009fc00-0x000000000009ffff]  device reserved
[    0.000000] BIOS-e820: [gap 0x00000000000a0000-0x00000000000effff]
[    0.000000] BIOS-e820: [mem 0x00000000000f0000-0x00000000000fffff]  device reserved
[    0.000000] BIOS-e820: [mem 0x0000000000100000-0x000000001ffdffff]  System RAM
[    0.000000] BIOS-e820: [mem 0x000000001ffe0000-0x000000001fffffff]  device reserved
[    0.000000] BIOS-e820: [gap 0x0000000020000000-0x00000000fffbffff]
[    0.000000] BIOS-e820: [mem 0x00000000fffc0000-0x00000000ffffffff]  device reserved
[    0.000000] BIOS-e820: [gap 0x0000000100000000-0x000000fcffffffff]
[    0.000000] BIOS-e820: [mem 0x000000fd00000000-0x000000ffffffffff]  device reserved
[    0.000000] NX (Execute Disable) protection: active
[    0.000000] APIC: Static calls initialized
[    0.000000] DMI: SMBIOS 3.0.0 present.
[    0.000000] DMI: QEMU Standard PC (i440FX + PIIX, 1996), BIOS 1.16.3-debian-1.16.3-2 04/01/2014
[    0.000000] DMI: Memory slots populated: 1/1
[    0.000000] last_pfn = 0x1ffe0 max_arch_pfn = 0x400000000
[    0.000000] MTRR map: 4 entries (3 fixed + 1 variable; max 19), built from 8 variable MTRRs
[    0.000000] x86/PAT: Configuration [0-7]: WB  WC  UC- UC  WB  WP  UC- WT
[    0.000000] found SMP MP-table at [mem 0x000f5480-0x000f548f]
[    0.000000] RAMDISK: [mem 0x1fe7e000-0x1ffdffff]
[    0.000000] ACPI: Early table checksum verification disabled
[    0.000000] ACPI: RSDP 0x00000000000F52B0 000014 (v00 BOCHS )
[    0.000000] ACPI: RSDT 0x000000001FFE1CAD 000034 (v01 BOCHS  BXPC     00000001 BXPC 00000001)
[    0.000000] ACPI: FACP 0x000000001FFE1B59 000074 (v01 BOCHS  BXPC     00000001 BXPC 00000001)
[    0.000000] ACPI: DSDT 0x000000001FFE0040 001B19 (v01 BOCHS  BXPC     00000001 BXPC 00000001)
[    0.000000] ACPI: FACS 0x000000001FFE0000 000040
[    0.000000] ACPI: APIC 0x000000001FFE1BCD 000080 (v03 BOCHS  BXPC     00000001 BXPC 00000001)
[    0.000000] ACPI: HPET 0x000000001FFE1C4D 000038 (v01 BOCHS  BXPC     00000001 BXPC 00000001)
[    0.000000] ACPI: WAET 0x000000001FFE1C85 000028 (v01 BOCHS  BXPC     00000001 BXPC 00000001)
[    0.000000] ACPI: Reserving FACP table memory at [mem 0x1ffe1b59-0x1ffe1bcc]
[    0.000000] ACPI: Reserving DSDT table memory at [mem 0x1ffe0040-0x1ffe1b58]
[    0.000000] ACPI: Reserving FACS table memory at [mem 0x1ffe0000-0x1ffe003f]
[    0.000000] ACPI: Reserving APIC table memory at [mem 0x1ffe1bcd-0x1ffe1c4c]
[    0.000000] ACPI: Reserving HPET table memory at [mem 0x1ffe1c4d-0x1ffe1c84]
[    0.000000] ACPI: Reserving WAET table memory at [mem 0x1ffe1c85-0x1ffe1cac]
[    0.000000] No NUMA configuration found
[    0.000000] Faking a node at [mem 0x0000000000000000-0x000000001ffdffff]
[    0.000000] NODE_DATA(0) allocated [mem 0x1fe7a680-0x1fe7dfff]
[    0.000000] ACPI: PM-Timer IO Port: 0x608
[    0.000000] ACPI: LAPIC_NMI (acpi_id[0xff] dfl dfl lint[0x1])
[    0.000000] IOAPIC[0]: apic_id 0, version 32, address 0xfec00000, GSI 0-23
[    0.000000] ACPI: INT_SRC_OVR (bus 0 bus_irq 0 global_irq 2 dfl dfl)
[    0.000000] ACPI: INT_SRC_OVR (bus 0 bus_irq 5 global_irq 5 high level)
[    0.000000] ACPI: INT_SRC_OVR (bus 0 bus_irq 9 global_irq 9 high level)
[    0.000000] ACPI: INT_SRC_OVR (bus 0 bus_irq 10 global_irq 10 high level)
[    0.000000] ACPI: INT_SRC_OVR (bus 0 bus_irq 11 global_irq 11 high level)
[    0.000000] ACPI: Using ACPI (MADT) for SMP configuration information
[    0.000000] ACPI: HPET id: 0x8086a201 base: 0xfed00000
[    0.000000] CPU topo: Max. logical packages:   1
[    0.000000] CPU topo: Max. logical nodes:      1
[    0.000000] CPU topo: Num. nodes per package:  1
[    0.000000] CPU topo: Max. logical dies:       1
[    0.000000] CPU topo: Max. dies per package:   1
[    0.000000] CPU topo: Max. threads per core:   1
[    0.000000] CPU topo: Num. cores per package:     2
[    0.000000] CPU topo: Num. threads per package:   2
[    0.000000] CPU topo: Allowing 2 present CPUs plus 0 hotplug CPUs
[    0.000000] PM: hibernation: Registered nosave memory: [mem 0x00000000-0x00000fff]
[    0.000000] PM: hibernation: Registered nosave memory: [mem 0x0009f000-0x000fffff]
[    0.000000] [gap 0x20000000-0xfffbffff] available for PCI devices
[    0.000000] Booting paravirtualized kernel on bare hardware
[    0.000000] clocksource: refined-jiffies: mask: 0xffffffff max_cycles: 0xffffffff, max_idle_ns: 1910969940391419 ns
[    0.000000] Zone ranges:
[    0.000000]   DMA      [mem 0x0000000000001000-0x0000000000ffffff]
[    0.000000]   DMA32    [mem 0x0000000001000000-0x000000001ffdffff]
[    0.000000]   Normal   empty
[    0.000000] Movable zone start for each node
[    0.000000] Early memory node ranges
[    0.000000]   node   0: [mem 0x0000000000001000-0x000000000009efff]
[    0.000000]   node   0: [mem 0x0000000000100000-0x000000001ffdffff]
[    0.000000] Initmem setup node 0 [mem 0x0000000000001000-0x000000001ffdffff]
[    0.000000] On node 0, zone DMA: 1 pages in unavailable ranges
[    0.000000] On node 0, zone DMA: 97 pages in unavailable ranges
[    0.000000] On node 0, zone DMA32: 32 pages in unavailable ranges
[    0.000000] setup_percpu: NR_CPUS:64 nr_cpumask_bits:2 nr_cpu_ids:2 nr_node_ids:1
[    0.000000] percpu: Embedded 52 pages/cpu s175704 r8192 d29096 u1048576
[    0.000000] Kernel command line: console=ttyS0 rdinit=/init
[    0.000000] printk: log buffer data + meta data: 262144 + 917504 = 1179648 bytes
[    0.000000] Dentry cache hash table entries: 65536 (order: 7, 524288 bytes, linear)
[    0.000000] Inode-cache hash table entries: 32768 (order: 6, 262144 bytes, linear)
[    0.000000] Fallback order for Node 0: 0
[    0.000000] Built 1 zonelists, mobility grouping on.  Total pages: 130942
[    0.000000] Policy zone: DMA32
[    0.000000] mem auto-init: stack:all(zero), heap alloc:off, heap free:off
[    0.000000] SLUB: HWalign=64, Order=0-3, MinObjects=0, CPUs=2, Nodes=1
[    0.000000] Dynamic Preempt: lazy
[    0.000000] rcu: Preemptible hierarchical RCU implementation.
[    0.000000] rcu: 	RCU event tracing is enabled.
[    0.000000] rcu: 	RCU restricting CPUs from NR_CPUS=64 to nr_cpu_ids=2.
[    0.000000] 	Trampoline variant of Tasks RCU enabled.
[    0.000000] 	Tracing variant of Tasks RCU enabled.
[    0.000000] rcu: RCU calculated value of scheduler-enlistment delay is 100 jiffies.
[    0.000000] rcu: Adjusting geometry for rcu_fanout_leaf=16, nr_cpu_ids=2
[    0.000000] RCU Tasks: Setting shift to 1 and lim to 1 rcu_task_cb_adjust=1 rcu_task_cpu_ids=2.
[    0.000000] NR_IRQS: 4352, nr_irqs: 440, preallocated irqs: 16
[    0.000000] rcu: srcu_init: Setting srcu_struct sizes based on contention.
[    0.000000] clocksource: jiffies: mask: 0xffffffff max_cycles: 0xffffffff, max_idle_ns: 1911260446275000 ns
[    0.000000] Console: colour VGA+ 80x25
[    0.000000] printk: legacy console [ttyS0] enabled
[    0.000000] ACPI: Core revision 20260408
[    0.000000] clocksource: hpet: mask: 0xffffffff max_cycles: 0xffffffff, max_idle_ns: 19112604467 ns
[    0.003000] APIC: Switch to symmetric I/O mode setup
[    0.008000] ..TIMER: vector=0x30 apic1=0 pin1=2 apic2=-1 pin2=-1
[    0.016000] tsc: Unable to calibrate against PIT
[    0.016000] tsc: using HPET reference calibration
[    0.017000] tsc: Detected 2100.011 MHz processor
[    0.000572] clocksource: tsc-early: mask: 0xffffffffffffffff max_cycles: 0x1e453af3f3f, max_idle_ns: 440795312709 ns
[    0.001389] Calibrating delay loop (skipped), value calculated using timer frequency.. 4200.02 BogoMIPS (lpj=2100011)
[    0.006324] Last level iTLB entries: 4KB 512, 2MB 255, 4MB 127
[    0.006492] Last level dTLB entries: 4KB 512, 2MB 255, 4MB 127, 1GB 0
[    0.006817] mitigations: Enabled attack vectors: user_kernel, user_user, SMT mitigations: auto
[    0.007524] Spectre V2 : Mitigation: Retpolines
[    0.007744] Spectre V1 : Mitigation: usercopy/swapgs barriers and __user pointer sanitization
[    0.007955] Spectre V2 : Spectre v2 / SpectreRSB: Filling RSB on context switch and VMEXIT
[    0.008979] x86/fpu: x87 FPU will use FXSAVE
[    0.169101] pid_max: default: 32768 minimum: 301
[    0.181783] SELinux:  Initializing.
[    0.191379] Mount-cache hash table entries: 1024 (order: 1, 8192 bytes, linear)
[    0.191661] Mountpoint-cache hash table entries: 1024 (order: 1, 8192 bytes, linear)
[    0.204265] VFS: Finished mounting rootfs on nullfs
[    0.335150] smpboot: CPU0: AMD QEMU Virtual CPU version 2.5+ (family: 0xf, model: 0x6b, stepping: 0x1)
[    0.348770] Performance Events: PMU not available due to virtualization, using software events only.
[    0.352168] signal: max sigframe size: 1440
[    0.353721] rcu: Hierarchical SRCU implementation.
[    0.353868] rcu: 	Max phase no-delay instances is 400.
[    0.355826] Timer migration: 1 hierarchy levels; 8 children per group; 1 crossnode level
[    0.361662] smp: Bringing up secondary CPUs ...
[    0.371374] smpboot: x86: Booting SMP configuration:
[    0.371508] .... node  #0, CPUs:      #1
[    0.451654] smp: Brought up 1 node, 2 CPUs
[    0.452029] smpboot: Total of 2 processors activated (8410.00 BogoMIPS)
[    0.465817] Memory: 466996K/523768K available (19358K kernel code, 3000K rwdata, 8044K rodata, 2984K init, 884K bss, 53232K reserved, 0K cma-reserved)
[    0.479261] devtmpfs: initialized
[    0.491687] posixtimers hash table entries: 1024 (order: 2, 16384 bytes, linear)
[    0.492348] futex hash table entries: 512 (32768 bytes on 1 NUMA nodes, total 32 KiB, linear).
[    0.496628] PM: RTC time: 16:15:52, date: 2026-08-15
[    0.503763] NET: Registered PF_NETLINK/PF_ROUTE protocol family
[    0.507775] audit: initializing netlink subsys (disabled)
[    0.511694] audit: type=2000 audit(1786810552.527:1): state=initialized audit_enabled=0 res=1
[    0.517427] thermal_sys: Registered thermal governor 'step_wise'
[    0.518232] cpuidle: using governor menu
[    0.520789] Freeing SMP alternatives memory: 56K
[    0.525244] PCI: Using configuration type 1 for base access
[    0.526042] mtrr: your CPUs had inconsistent fixed MTRR settings
[    0.526196] mtrr: your CPUs had inconsistent variable MTRR settings
[    0.526395] mtrr: your CPUs had inconsistent MTRRdefType settings
[    0.526643] mtrr: probably your BIOS does not setup all CPUs.
[    0.526803] mtrr: corrected configuration.
[    0.530439] kprobes: kprobe jump-optimization is enabled. All kprobes are optimized if possible.
[    0.536586] HugeTLB: registered 2.00 MiB page size, pre-allocated 0 pages
[    0.536800] HugeTLB: 28 KiB vmemmap can be freed for a 2.00 MiB page
[    0.543077] ACPI: Added _OSI(Module Device)
[    0.543240] ACPI: Added _OSI(Processor Device)
[    0.543323] ACPI: Added _OSI(Processor Aggregator Device)
[    0.565110] ACPI: 1 ACPI AML tables successfully acquired and loaded
[    0.587312] ACPI: \_SB_: platform _OSC: OS support mask [002a7eee]
[    0.593130] ACPI: Interpreter enabled
[    0.594489] ACPI: PM: (supports S0 S3 S4 S5)
[    0.594719] ACPI: Using IOAPIC for interrupt routing
[    0.595251] PCI: Using host bridge windows from ACPI; if necessary, use "pci=nocrs" and report a bug
[    0.595404] PCI: Using E820 reservations for host bridge windows
[    0.598330] ACPI: Enabled 2 GPEs in block 00 to 0F
[    0.644517] ACPI: PCI Root Bridge [PCI0] (domain 0000 [bus 00-ff])
[    0.645586] acpi PNP0A03:00: _OSC: OS supports [ASPM ClockPM Segments MSI HPX-Type3]
[    0.645896] acpi PNP0A03:00: _OSC: not requesting OS control; OS requires [ExtendedConfig ASPM ClockPM MSI]
[    0.646423] acpi PNP0A03:00: _OSC: platform retains control of PCIe features (AE_ERROR)
[    0.647025] acpi PNP0A03:00: fail to add MMCONFIG information, can't access extended configuration space under this bridge
[    0.651240] PCI host bridge to bus 0000:00
[    0.651581] pci_bus 0000:00: root bus resource [io  0x0000-0x0cf7 window]
[    0.651813] pci_bus 0000:00: root bus resource [io  0x0d00-0xffff window]
[    0.651931] pci_bus 0000:00: root bus resource [mem 0x000a0000-0x000bffff window]
[    0.652081] pci_bus 0000:00: root bus resource [mem 0x20000000-0xfebfffff window]
[    0.652168] pci_bus 0000:00: root bus resource [mem 0x100000000-0x17fffffff window]
[    0.652425] pci_bus 0000:00: root bus resource [bus 00-ff]
[    0.654400] pci 0000:00:00.0: [8086:1237] type 00 class 0x060000 conventional PCI endpoint
[    0.659650] pci 0000:00:01.0: [8086:7000] type 00 class 0x060100 conventional PCI endpoint
[    0.660538] pci 0000:00:01.1: [8086:7010] type 00 class 0x010180 conventional PCI endpoint
[    0.661422] pci 0000:00:01.1: BAR 4 [io  0xc040-0xc04f]
[    0.661620] pci 0000:00:01.1: BAR 0 [io  0x01f0-0x01f7]: legacy IDE quirk
[    0.661740] pci 0000:00:01.1: BAR 1 [io  0x03f6]: legacy IDE quirk
[    0.661861] pci 0000:00:01.1: BAR 2 [io  0x0170-0x0177]: legacy IDE quirk
[    0.662186] pci 0000:00:01.1: BAR 3 [io  0x0376]: legacy IDE quirk
[    0.663283] pci 0000:00:01.3: [8086:7113] type 00 class 0x068000 conventional PCI endpoint
[    0.663921] pci 0000:00:01.3: quirk: [io  0x0600-0x063f] claimed by PIIX4 ACPI
[    0.664080] pci 0000:00:01.3: quirk: [io  0x0700-0x070f] claimed by PIIX4 SMB
[    0.664847] pci 0000:00:02.0: [1234:1111] type 00 class 0x030000 conventional PCI endpoint
[    0.665619] pci 0000:00:02.0: BAR 0 [mem 0xfd000000-0xfdffffff pref]
[    0.666286] pci 0000:00:02.0: BAR 2 [mem 0xfebb0000-0xfebb0fff]
[    0.666377] pci 0000:00:02.0: ROM [mem 0xfeba0000-0xfebaffff pref]
[    0.666872] pci 0000:00:02.0: Video device with shadowed ROM at [mem 0x000c0000-0x000dffff]
[    0.667951] pci 0000:00:03.0: [8086:100e] type 00 class 0x020000 conventional PCI endpoint
[    0.668646] pci 0000:00:03.0: BAR 0 [mem 0xfeb80000-0xfeb9ffff]
[    0.669274] pci 0000:00:03.0: BAR 1 [io  0xc000-0xc03f]
[    0.669492] pci 0000:00:03.0: ROM [mem 0xfeb00000-0xfeb7ffff pref]
[    0.683769] ACPI: PCI: Interrupt link LNKA configured for IRQ 10
[    0.684809] ACPI: PCI: Interrupt link LNKB configured for IRQ 10
[    0.685775] ACPI: PCI: Interrupt link LNKC configured for IRQ 11
[    0.686781] ACPI: PCI: Interrupt link LNKD configured for IRQ 11
[    0.687288] ACPI: PCI: Interrupt link LNKS configured for IRQ 9
[    0.691993] iommu: Default domain type: Translated
[    0.692164] iommu: DMA domain TLB invalidation policy: lazy mode
[    0.696186] SCSI subsystem initialized
[    0.698701] ACPI: bus type USB registered
[    0.699260] usbcore: registered new interface driver usbfs
[    0.699673] usbcore: registered new interface driver hub
[    0.699917] usbcore: registered new device driver usb
[    0.700982] pps_core: LinuxPPS API ver. 1 registered
[    0.701080] pps_core: Software ver. 5.3.6 - Copyright 2005-2007 Rodolfo Giometti <giometti@linux.it>
[    0.701225] PTP clock support registered
[    0.704096] Advanced Linux Sound Architecture Driver Initialized.
[    0.715213] NetLabel: Initializing
[    0.715308] NetLabel:  domain hash size = 128
[    0.715380] NetLabel:  protocols = UNLABELED CIPSOv4 CALIPSO
[    0.716362] NetLabel:  unlabeled traffic allowed by default
[    0.721722] PCI: Using ACPI for IRQ routing
[    0.722562] e820: register RAM buffer resource [mem 0x0009fc00-0x0009ffff]
[    0.722960] e820: register RAM buffer resource [mem 0x1ffe0000-0x1fffffff]
[    0.725150] pci 0000:00:02.0: vgaarb: setting as boot VGA device
[    0.725150] pci 0000:00:02.0: vgaarb: bridge control possible
[    0.725150] pci 0000:00:02.0: vgaarb: VGA device added: decodes=io+mem,owns=io+mem,locks=none
[    0.725208] vgaarb: loaded
[    0.727638] hpet: 3 channels of 0 reserved for per-cpu timers
[    0.728047] hpet0: at MMIO 0xfed00000, IRQs 2, 8, 0
[    0.728312] hpet0: 3 comparators, 64-bit 100.000000 MHz counter
[    0.732618] clocksource: Switched to clocksource tsc-early
[    0.735083] VFS: Disk quotas dquot_6.6.0
[    0.735323] VFS: Dquot-cache hash table entries: 512 (4096 bytes)
[    0.740881] pnp: PnP ACPI init
[    0.746170] pnp: PnP ACPI: found 5 devices
[    0.776643] clocksource: acpi_pm: mask: 0xffffff max_cycles: 0xffffff, max_idle_ns: 2085701024 ns
[    0.777716] NET: Registered PF_INET protocol family
[    0.779763] IP idents hash table entries: 8192 (order: 4, 65536 bytes, linear)
[    0.787210] tcp_listen_portaddr_hash hash table entries: 256 (order: 0, 4096 bytes, linear)
[    0.787491] Table-perturb hash table entries: 65536 (order: 6, 262144 bytes, linear)
[    0.787707] TCP established hash table entries: 4096 (order: 3, 32768 bytes, linear)
[    0.788052] TCP bind hash table entries: 4096 (order: 5, 131072 bytes, linear)
[    0.788425] TCP: Hash tables configured (established 4096 bind 4096)
[    0.789493] UDP hash table entries: 256 (order: 2, 16384 bytes, linear)
[    0.791261] NET: Registered PF_UNIX/PF_LOCAL protocol family
[    0.796349] RPC: Registered named UNIX socket transport module.
[    0.796637] RPC: Registered udp transport module.
[    0.796754] RPC: Registered tcp transport module.
[    0.796926] RPC: Registered tcp-with-tls transport module.
[    0.797010] RPC: Registered tcp NFSv4.1 backchannel transport module.
[    0.801450] pci_bus 0000:00: resource 4 [io  0x0000-0x0cf7 window]
[    0.801809] pci_bus 0000:00: resource 5 [io  0x0d00-0xffff window]
[    0.801966] pci_bus 0000:00: resource 6 [mem 0x000a0000-0x000bffff window]
[    0.802067] pci_bus 0000:00: resource 7 [mem 0x20000000-0xfebfffff window]
[    0.802183] pci_bus 0000:00: resource 8 [mem 0x100000000-0x17fffffff window]
[    0.802962] pci 0000:00:01.0: PIIX3: Enabling Passive Release
[    0.803183] pci 0000:00:00.0: Limiting direct PCI/PCI transfers
[    0.803461] PCI: CLS 0 bytes, default 64
[    0.816158] Unpacking initramfs...
[    0.824501] Initialise system trusted keyrings
[    0.830743] workingset: timestamp_bits=56 (anon: 51) max_order=17 bucket_order=0 (anon: 0)
[    0.839944] NFS: Registering the id_resolver key type
[    0.840442] Key type id_resolver registered
[    0.840539] Key type id_legacy registered
[    0.840693] nfs4filelayout_init: NFSv4 File Layout Driver Registering...
[    0.841073] nfs4flexfilelayout_init: NFSv4 Flexfile Layout Driver Registering...
[    0.845030] 9p: Installing v9fs 9p2000 file system support
[    0.857954] Key type asymmetric registered
[    0.858126] Asymmetric key parser 'x509' registered
[    0.860733] Block layer SCSI generic (bsg) driver version 0.4 loaded (major 251)
[    0.861673] io scheduler mq-deadline registered
[    0.861818] io scheduler kyber registered
[    0.871148] input: Power Button as /devices/platform/LNXPWRBN:00/input/input0
[    0.874576] ACPI: button: Power Button [PWRF]
[    0.886237] Serial: 8250/16550 driver, 4 ports, IRQ sharing enabled
[    0.898254] 00:04: ttyS0 at I/O 0x3f8 (irq = 4, base_baud = 115200) is a 16550A
[    0.915082] Non-volatile memory driver v1.3
[    0.918022] ACPI: bus type drm_connector registered
[    0.950234] Freeing initrd memory: 1416K
[    0.954891] loop: module loaded
[    0.967601] scsi host0: ata_piix
[    0.971196] scsi host1: ata_piix
[    0.971892] ata1: PATA max MWDMA2 cmd 0x1f0 ctl 0x3f6 bmdma 0xc040 irq 14 lpm-pol 0
[    0.972057] ata2: PATA max MWDMA2 cmd 0x170 ctl 0x376 bmdma 0xc048 irq 15 lpm-pol 0
[    0.975335] e100: Intel(R) PRO/100 Network Driver
[    0.975560] e100: Copyright(c) 1999-2006 Intel Corporation
[    0.975759] e1000: Intel(R) PRO/1000 Network Driver
[    0.975836] e1000: Copyright (c) 1999-2006 Intel Corporation.
[    1.138071] ata2: found unknown device (class 0)
[    1.148333] ata2.00: ATAPI: QEMU DVD-ROM, 2.5+, max UDMA/100
[    1.167593] ACPI: \_SB_.LNKC: Enabled at IRQ 11
[    1.173592] scsi 1:0:0:0: CD-ROM            QEMU     QEMU DVD-ROM     2.5+ PQ: 0 ANSI: 5
[    1.197321] sr 1:0:0:0: [sr0] scsi3-mmc drive: 4x/4x cd/rw xa/form2 tray
[    1.209371] cdrom: Uniform CD-ROM driver Revision: 3.20
[    1.232720] sr 1:0:0:0: Attached scsi generic sg0 type 5
[    1.466624] e1000 0000:00:03.0 eth0: (PCI:33MHz:32-bit) 52:54:00:12:34:56
[    1.467343] e1000 0000:00:03.0 eth0: Intel(R) PRO/1000 Network Connection
[    1.467829] e1000e: Intel(R) PRO/1000 Network Driver
[    1.467917] e1000e: Copyright(c) 1999 - 2015 Intel Corporation.
[    1.468139] sky2: driver version 1.30
[    1.471894] usbcore: registered new interface driver usblp
[    1.472350] usbcore: registered new interface driver usb-storage
[    1.474699] i8042: PNP: PS/2 Controller [PNP0303:KBD,PNP0f13:MOU] at 0x60,0x64 irq 1,12
[    1.479010] serio: i8042 KBD port at 0x60,0x64 irq 1
[    1.479554] serio: i8042 AUX port at 0x60,0x64 irq 12
[    1.483040] rtc_cmos PNP0B00:00: RTC can wake from S4
[    1.486183] input: AT Translated Set 2 keyboard as /devices/platform/i8042/serio0/input/input1
[    1.488580] rtc_cmos PNP0B00:00: registered as rtc0
[    1.490001] rtc_cmos PNP0B00:00: alarms up to one day, y3k, 242 bytes nvram, hpet irqs
[    1.492178] device-mapper: ioctl: 4.50.0-ioctl (2025-04-28) initialised: dm-devel@lists.linux.dev
[    1.493679] hid: raw HID events driver (C) Jiri Kosina
[    1.495720] usbcore: registered new interface driver usbhid
[    1.495836] usbhid: USB HID core driver
[    1.503699] nf_conntrack_irc: The irc conntrack helper is scheduled for removal.
[    1.503699] Please contact the netfilter-devel mailing list if you still need this.
[    1.505365] Initializing XFRM netlink socket
[    1.505813] NET: Registered PF_INET6 protocol family
[    1.517615] Segment Routing with IPv6
[    1.517981] In-situ OAM (IOAM) with IPv6
[    1.519099] NET: Registered PF_PACKET protocol family
[    1.520876] 9pnet: Installing 9P2000 support
[    1.521355] Key type dns_resolver registered
[    1.524721] IPI shorthand broadcast: enabled
[    1.556018] sched_clock: Marking stable (1572058790, -16849811)->(1569060832, -13851853)
[    1.560486] registered taskstats version 1
[    1.560651] Loading compiled-in X.509 certificates
[    1.574902] Demotion targets for Node 0: null
[    1.578309] PM:   Magic number: 6:556:287
[    1.578609] tty tty20: hash matches
[    1.578701] acpi PNP0400:00: hash matches
[    1.579030] netconsole: network logging started
[    1.580193] cfg80211: Loading compiled-in X.509 certificates for regulatory database
[    1.590036] kworker/u8:1 (60) used greatest stack depth: 15048 bytes left
[    1.601808] Loaded X.509 cert 'sforshee: 00b28ddf47aef9cea7'
[    1.602663] Loaded X.509 cert 'wens: 61c038651aabdcf94bd0ac7ff06c7248db18c600'
[    1.603973] ALSA device list:
[    1.604097]   No soundcards found.
[    1.606084] faux_driver regulatory: Direct firmware load for regulatory.db failed with error -2
[    1.606965] cfg80211: failed to load regulatory.db
[    1.718127] Freeing unused kernel image (initmem) memory: 2984K
[    1.718739] Write protecting the kernel read-only data: 28672k
[    1.721474] Freeing unused kernel image (text/rodata gap) memory: 1120K
[    1.721988] Freeing unused kernel image (rodata/data gap) memory: 148K
[    1.807977] tsc: Refined TSC clocksource calibration: 2100.000 MHz
[    1.808677] clocksource: tsc: mask: 0xffffffffffffffff max_cycles: 0x1e4530a99b6, max_idle_ns: 440795257976 ns
[    1.811078] clocksource: Switched to clocksource tsc
[    1.852998] x86/mm: Checked W+X mappings: passed, no W+X pages found.
[    1.853480] Run /init as init process
[    1.921068] input: ImExPS/2 Generic Explorer Mouse as /devices/platform/i8042/serio1/input/input3
[    1.975879] busybox (64) used greatest stack depth: 13784 bytes left
FAISAL_M68_BOOT_OK
M68_MEMORY_REGION_OK id=1 bytes=4096
M68_CONTEXT_NEGOTIATION_OK active_fabric=0xf
M68_CONTEXT_QUERY_OK
M68_STALE_CONTEXT_CAPABILITY_REJECT_OK
M68_CONTEXT_BIND_OK accounted=4096
M68_CONTEXT_UNBIND_OK
M68_GPU_PROVIDER_BOUNDARY_OK
M68_CONTEXT_CLOSE_OK
M68_SELFTEST_EXIT=0
FAISAL_M68_TEST_RC=0
[    2.251590] ACPI: PM: Preparing to enter system sleep state S5
[    2.253083] reboot: Power down
QEMU_RC=0
FAISAL_M68_SELFTEST_EXIT=0
REGRESSION_SCRIPT_RC=0

=== tools/faisal-build/run_graph_telemetry_qemu.sh ===
c[?7l[2J[0mSeaBIOS (version 1.16.3-debian-1.16.3-2)


iPXE (https://ipxe.org) 00:03.0 CA00 PCI2.10 PnP PMM+1EFCAE00+1EF0AE00 CA00
Press Ctrl-B to configure iPXE (PCI 00:03.0)...


Booting from ROM..c[?7l[2J[    0.000000] Linux version 7.2.0-rc7-g03d7a0afa3e6-dirty (ubuntu@db71298c03d4) (gcc (Ubuntu 13.3.0-6ubuntu2~24.04.1) 13.3.0, GNU ld (GNU Binutils for Ubuntu) 2.42) #13 SMP PREEMPT_DYNAMIC Sat Aug 15 16:00:59 UTC 2026
[    0.000000] Command line: console=ttyS0 rdinit=/init
[    0.000000] BIOS-provided physical RAM map:
[    0.000000] BIOS-e820: [mem 0x0000000000000000-0x000000000009fbff]  System RAM
[    0.000000] BIOS-e820: [mem 0x000000000009fc00-0x000000000009ffff]  device reserved
[    0.000000] BIOS-e820: [gap 0x00000000000a0000-0x00000000000effff]
[    0.000000] BIOS-e820: [mem 0x00000000000f0000-0x00000000000fffff]  device reserved
[    0.000000] BIOS-e820: [mem 0x0000000000100000-0x000000001ffdffff]  System RAM
[    0.000000] BIOS-e820: [mem 0x000000001ffe0000-0x000000001fffffff]  device reserved
[    0.000000] BIOS-e820: [gap 0x0000000020000000-0x00000000fffbffff]
[    0.000000] BIOS-e820: [mem 0x00000000fffc0000-0x00000000ffffffff]  device reserved
[    0.000000] BIOS-e820: [gap 0x0000000100000000-0x000000fcffffffff]
[    0.000000] BIOS-e820: [mem 0x000000fd00000000-0x000000ffffffffff]  device reserved
[    0.000000] NX (Execute Disable) protection: active
[    0.000000] APIC: Static calls initialized
[    0.000000] DMI: SMBIOS 3.0.0 present.
[    0.000000] DMI: QEMU Standard PC (i440FX + PIIX, 1996), BIOS 1.16.3-debian-1.16.3-2 04/01/2014
[    0.000000] DMI: Memory slots populated: 1/1
[    0.000000] last_pfn = 0x1ffe0 max_arch_pfn = 0x400000000
[    0.000000] MTRR map: 4 entries (3 fixed + 1 variable; max 19), built from 8 variable MTRRs
[    0.000000] x86/PAT: Configuration [0-7]: WB  WC  UC- UC  WB  WP  UC- WT
[    0.000000] found SMP MP-table at [mem 0x000f5480-0x000f548f]
[    0.000000] RAMDISK: [mem 0x1fe7e000-0x1ffdffff]
[    0.000000] ACPI: Early table checksum verification disabled
[    0.000000] ACPI: RSDP 0x00000000000F52B0 000014 (v00 BOCHS )
[    0.000000] ACPI: RSDT 0x000000001FFE1CAD 000034 (v01 BOCHS  BXPC     00000001 BXPC 00000001)
[    0.000000] ACPI: FACP 0x000000001FFE1B59 000074 (v01 BOCHS  BXPC     00000001 BXPC 00000001)
[    0.000000] ACPI: DSDT 0x000000001FFE0040 001B19 (v01 BOCHS  BXPC     00000001 BXPC 00000001)
[    0.000000] ACPI: FACS 0x000000001FFE0000 000040
[    0.000000] ACPI: APIC 0x000000001FFE1BCD 000080 (v03 BOCHS  BXPC     00000001 BXPC 00000001)
[    0.000000] ACPI: HPET 0x000000001FFE1C4D 000038 (v01 BOCHS  BXPC     00000001 BXPC 00000001)
[    0.000000] ACPI: WAET 0x000000001FFE1C85 000028 (v01 BOCHS  BXPC     00000001 BXPC 00000001)
[    0.000000] ACPI: Reserving FACP table memory at [mem 0x1ffe1b59-0x1ffe1bcc]
[    0.000000] ACPI: Reserving DSDT table memory at [mem 0x1ffe0040-0x1ffe1b58]
[    0.000000] ACPI: Reserving FACS table memory at [mem 0x1ffe0000-0x1ffe003f]
[    0.000000] ACPI: Reserving APIC table memory at [mem 0x1ffe1bcd-0x1ffe1c4c]
[    0.000000] ACPI: Reserving HPET table memory at [mem 0x1ffe1c4d-0x1ffe1c84]
[    0.000000] ACPI: Reserving WAET table memory at [mem 0x1ffe1c85-0x1ffe1cac]
[    0.000000] No NUMA configuration found
[    0.000000] Faking a node at [mem 0x0000000000000000-0x000000001ffdffff]
[    0.000000] NODE_DATA(0) allocated [mem 0x1fe7a680-0x1fe7dfff]
[    0.000000] ACPI: PM-Timer IO Port: 0x608
[    0.000000] ACPI: LAPIC_NMI (acpi_id[0xff] dfl dfl lint[0x1])
[    0.000000] IOAPIC[0]: apic_id 0, version 32, address 0xfec00000, GSI 0-23
[    0.000000] ACPI: INT_SRC_OVR (bus 0 bus_irq 0 global_irq 2 dfl dfl)
[    0.000000] ACPI: INT_SRC_OVR (bus 0 bus_irq 5 global_irq 5 high level)
[    0.000000] ACPI: INT_SRC_OVR (bus 0 bus_irq 9 global_irq 9 high level)
[    0.000000] ACPI: INT_SRC_OVR (bus 0 bus_irq 10 global_irq 10 high level)
[    0.000000] ACPI: INT_SRC_OVR (bus 0 bus_irq 11 global_irq 11 high level)
[    0.000000] ACPI: Using ACPI (MADT) for SMP configuration information
[    0.000000] ACPI: HPET id: 0x8086a201 base: 0xfed00000
[    0.000000] CPU topo: Max. logical packages:   1
[    0.000000] CPU topo: Max. logical nodes:      1
[    0.000000] CPU topo: Num. nodes per package:  1
[    0.000000] CPU topo: Max. logical dies:       1
[    0.000000] CPU topo: Max. dies per package:   1
[    0.000000] CPU topo: Max. threads per core:   1
[    0.000000] CPU topo: Num. cores per package:     2
[    0.000000] CPU topo: Num. threads per package:   2
[    0.000000] CPU topo: Allowing 2 present CPUs plus 0 hotplug CPUs
[    0.000000] PM: hibernation: Registered nosave memory: [mem 0x00000000-0x00000fff]
[    0.000000] PM: hibernation: Registered nosave memory: [mem 0x0009f000-0x000fffff]
[    0.000000] [gap 0x20000000-0xfffbffff] available for PCI devices
[    0.000000] Booting paravirtualized kernel on bare hardware
[    0.000000] clocksource: refined-jiffies: mask: 0xffffffff max_cycles: 0xffffffff, max_idle_ns: 1910969940391419 ns
[    0.000000] Zone ranges:
[    0.000000]   DMA      [mem 0x0000000000001000-0x0000000000ffffff]
[    0.000000]   DMA32    [mem 0x0000000001000000-0x000000001ffdffff]
[    0.000000]   Normal   empty
[    0.000000] Movable zone start for each node
[    0.000000] Early memory node ranges
[    0.000000]   node   0: [mem 0x0000000000001000-0x000000000009efff]
[    0.000000]   node   0: [mem 0x0000000000100000-0x000000001ffdffff]
[    0.000000] Initmem setup node 0 [mem 0x0000000000001000-0x000000001ffdffff]
[    0.000000] On node 0, zone DMA: 1 pages in unavailable ranges
[    0.000000] On node 0, zone DMA: 97 pages in unavailable ranges
[    0.000000] On node 0, zone DMA32: 32 pages in unavailable ranges
[    0.000000] setup_percpu: NR_CPUS:64 nr_cpumask_bits:2 nr_cpu_ids:2 nr_node_ids:1
[    0.000000] percpu: Embedded 52 pages/cpu s175704 r8192 d29096 u1048576
[    0.000000] Kernel command line: console=ttyS0 rdinit=/init
[    0.000000] printk: log buffer data + meta data: 262144 + 917504 = 1179648 bytes
[    0.000000] Dentry cache hash table entries: 65536 (order: 7, 524288 bytes, linear)
[    0.000000] Inode-cache hash table entries: 32768 (order: 6, 262144 bytes, linear)
[    0.000000] Fallback order for Node 0: 0
[    0.000000] Built 1 zonelists, mobility grouping on.  Total pages: 130942
[    0.000000] Policy zone: DMA32
[    0.000000] mem auto-init: stack:all(zero), heap alloc:off, heap free:off
[    0.000000] SLUB: HWalign=64, Order=0-3, MinObjects=0, CPUs=2, Nodes=1
[    0.000000] Dynamic Preempt: lazy
[    0.000000] rcu: Preemptible hierarchical RCU implementation.
[    0.000000] rcu: 	RCU event tracing is enabled.
[    0.000000] rcu: 	RCU restricting CPUs from NR_CPUS=64 to nr_cpu_ids=2.
[    0.000000] 	Trampoline variant of Tasks RCU enabled.
[    0.000000] 	Tracing variant of Tasks RCU enabled.
[    0.000000] rcu: RCU calculated value of scheduler-enlistment delay is 100 jiffies.
[    0.000000] rcu: Adjusting geometry for rcu_fanout_leaf=16, nr_cpu_ids=2
[    0.000000] RCU Tasks: Setting shift to 1 and lim to 1 rcu_task_cb_adjust=1 rcu_task_cpu_ids=2.
[    0.000000] NR_IRQS: 4352, nr_irqs: 440, preallocated irqs: 16
[    0.000000] rcu: srcu_init: Setting srcu_struct sizes based on contention.
[    0.000000] clocksource: jiffies: mask: 0xffffffff max_cycles: 0xffffffff, max_idle_ns: 1911260446275000 ns
[    0.000000] Console: colour VGA+ 80x25
[    0.000000] printk: legacy console [ttyS0] enabled
[    0.000000] ACPI: Core revision 20260408
[    0.000000] clocksource: hpet: mask: 0xffffffff max_cycles: 0xffffffff, max_idle_ns: 19112604467 ns
[    0.003000] APIC: Switch to symmetric I/O mode setup
[    0.008000] ..TIMER: vector=0x30 apic1=0 pin1=2 apic2=-1 pin2=-1
[    0.016000] tsc: Unable to calibrate against PIT
[    0.016000] tsc: using HPET reference calibration
[    0.017000] tsc: Detected 2096.371 MHz processor
[    0.000745] clocksource: tsc-early: mask: 0xffffffffffffffff max_cycles: 0x1e37cc864fc, max_idle_ns: 440795291331 ns
[    0.002348] Calibrating delay loop (skipped), value calculated using timer frequency.. 4192.74 BogoMIPS (lpj=2096371)
[    0.006366] Last level iTLB entries: 4KB 512, 2MB 255, 4MB 127
[    0.006498] Last level dTLB entries: 4KB 512, 2MB 255, 4MB 127, 1GB 0
[    0.006816] mitigations: Enabled attack vectors: user_kernel, user_user, SMT mitigations: auto
[    0.007418] Spectre V2 : Mitigation: Retpolines
[    0.007615] Spectre V1 : Mitigation: usercopy/swapgs barriers and __user pointer sanitization
[    0.007818] Spectre V2 : Spectre v2 / SpectreRSB: Filling RSB on context switch and VMEXIT
[    0.008796] x86/fpu: x87 FPU will use FXSAVE
[    0.170420] pid_max: default: 32768 minimum: 301
[    0.182258] SELinux:  Initializing.
[    0.191686] Mount-cache hash table entries: 1024 (order: 1, 8192 bytes, linear)
[    0.191944] Mountpoint-cache hash table entries: 1024 (order: 1, 8192 bytes, linear)
[    0.202227] VFS: Finished mounting rootfs on nullfs
[    0.333193] smpboot: CPU0: AMD QEMU Virtual CPU version 2.5+ (family: 0xf, model: 0x6b, stepping: 0x1)
[    0.345983] Performance Events: PMU not available due to virtualization, using software events only.
[    0.348848] signal: max sigframe size: 1440
[    0.350834] rcu: Hierarchical SRCU implementation.
[    0.351007] rcu: 	Max phase no-delay instances is 400.
[    0.352976] Timer migration: 1 hierarchy levels; 8 children per group; 1 crossnode level
[    0.359162] smp: Bringing up secondary CPUs ...
[    0.369512] smpboot: x86: Booting SMP configuration:
[    0.369648] .... node  #0, CPUs:      #1
[    0.451289] smp: Brought up 1 node, 2 CPUs
[    0.451640] smpboot: Total of 2 processors activated (8383.10 BogoMIPS)
[    0.467046] Memory: 466996K/523768K available (19358K kernel code, 3000K rwdata, 8044K rodata, 2984K init, 884K bss, 53232K reserved, 0K cma-reserved)
[    0.478790] devtmpfs: initialized
[    0.492444] posixtimers hash table entries: 1024 (order: 2, 16384 bytes, linear)
[    0.492837] futex hash table entries: 512 (32768 bytes on 1 NUMA nodes, total 32 KiB, linear).
[    0.497151] PM: RTC time: 16:15:56, date: 2026-08-15
[    0.505478] NET: Registered PF_NETLINK/PF_ROUTE protocol family
[    0.509804] audit: initializing netlink subsys (disabled)
[    0.512560] audit: type=2000 audit(1786810556.528:1): state=initialized audit_enabled=0 res=1
[    0.518621] thermal_sys: Registered thermal governor 'step_wise'
[    0.519310] cpuidle: using governor menu
[    0.522538] Freeing SMP alternatives memory: 56K
[    0.527259] PCI: Using configuration type 1 for base access
[    0.528043] mtrr: your CPUs had inconsistent fixed MTRR settings
[    0.528213] mtrr: your CPUs had inconsistent variable MTRR settings
[    0.528311] mtrr: your CPUs had inconsistent MTRRdefType settings
[    0.528408] mtrr: probably your BIOS does not setup all CPUs.
[    0.528529] mtrr: corrected configuration.
[    0.531244] kprobes: kprobe jump-optimization is enabled. All kprobes are optimized if possible.
[    0.535420] HugeTLB: registered 2.00 MiB page size, pre-allocated 0 pages
[    0.535631] HugeTLB: 28 KiB vmemmap can be freed for a 2.00 MiB page
[    0.544522] ACPI: Added _OSI(Module Device)
[    0.544646] ACPI: Added _OSI(Processor Device)
[    0.544715] ACPI: Added _OSI(Processor Aggregator Device)
[    0.566566] ACPI: 1 ACPI AML tables successfully acquired and loaded
[    0.590404] ACPI: \_SB_: platform _OSC: OS support mask [002a7eee]
[    0.596446] ACPI: Interpreter enabled
[    0.598064] ACPI: PM: (supports S0 S3 S4 S5)
[    0.598283] ACPI: Using IOAPIC for interrupt routing
[    0.598863] PCI: Using host bridge windows from ACPI; if necessary, use "pci=nocrs" and report a bug
[    0.599016] PCI: Using E820 reservations for host bridge windows
[    0.602958] ACPI: Enabled 2 GPEs in block 00 to 0F
[    0.648899] ACPI: PCI Root Bridge [PCI0] (domain 0000 [bus 00-ff])
[    0.649841] acpi PNP0A03:00: _OSC: OS supports [ASPM ClockPM Segments MSI HPX-Type3]
[    0.650108] acpi PNP0A03:00: _OSC: not requesting OS control; OS requires [ExtendedConfig ASPM ClockPM MSI]
[    0.650573] acpi PNP0A03:00: _OSC: platform retains control of PCIe features (AE_ERROR)
[    0.651273] acpi PNP0A03:00: fail to add MMCONFIG information, can't access extended configuration space under this bridge
[    0.655051] PCI host bridge to bus 0000:00
[    0.655412] pci_bus 0000:00: root bus resource [io  0x0000-0x0cf7 window]
[    0.655715] pci_bus 0000:00: root bus resource [io  0x0d00-0xffff window]
[    0.655821] pci_bus 0000:00: root bus resource [mem 0x000a0000-0x000bffff window]
[    0.655964] pci_bus 0000:00: root bus resource [mem 0x20000000-0xfebfffff window]
[    0.656062] pci_bus 0000:00: root bus resource [mem 0x100000000-0x17fffffff window]
[    0.656315] pci_bus 0000:00: root bus resource [bus 00-ff]
[    0.657985] pci 0000:00:00.0: [8086:1237] type 00 class 0x060000 conventional PCI endpoint
[    0.663153] pci 0000:00:01.0: [8086:7000] type 00 class 0x060100 conventional PCI endpoint
[    0.664016] pci 0000:00:01.1: [8086:7010] type 00 class 0x010180 conventional PCI endpoint
[    0.665079] pci 0000:00:01.1: BAR 4 [io  0xc040-0xc04f]
[    0.665314] pci 0000:00:01.1: BAR 0 [io  0x01f0-0x01f7]: legacy IDE quirk
[    0.665437] pci 0000:00:01.1: BAR 1 [io  0x03f6]: legacy IDE quirk
[    0.665645] pci 0000:00:01.1: BAR 2 [io  0x0170-0x0177]: legacy IDE quirk
[    0.665767] pci 0000:00:01.1: BAR 3 [io  0x0376]: legacy IDE quirk
[    0.667148] pci 0000:00:01.3: [8086:7113] type 00 class 0x068000 conventional PCI endpoint
[    0.667663] pci 0000:00:01.3: quirk: [io  0x0600-0x063f] claimed by PIIX4 ACPI
[    0.667812] pci 0000:00:01.3: quirk: [io  0x0700-0x070f] claimed by PIIX4 SMB
[    0.668839] pci 0000:00:02.0: [1234:1111] type 00 class 0x030000 conventional PCI endpoint
[    0.670709] pci 0000:00:02.0: BAR 0 [mem 0xfd000000-0xfdffffff pref]
[    0.670709] pci 0000:00:02.0: BAR 2 [mem 0xfebb0000-0xfebb0fff]
[    0.670709] pci 0000:00:02.0: ROM [mem 0xfeba0000-0xfebaffff pref]
[    0.670888] pci 0000:00:02.0: Video device with shadowed ROM at [mem 0x000c0000-0x000dffff]
[    0.671882] pci 0000:00:03.0: [8086:100e] type 00 class 0x020000 conventional PCI endpoint
[    0.673714] pci 0000:00:03.0: BAR 0 [mem 0xfeb80000-0xfeb9ffff]
[    0.673714] pci 0000:00:03.0: BAR 1 [io  0xc000-0xc03f]
[    0.673714] pci 0000:00:03.0: ROM [mem 0xfeb00000-0xfeb7ffff pref]
[    0.685616] ACPI: PCI: Interrupt link LNKA configured for IRQ 10
[    0.686827] ACPI: PCI: Interrupt link LNKB configured for IRQ 10
[    0.687964] ACPI: PCI: Interrupt link LNKC configured for IRQ 11
[    0.688854] ACPI: PCI: Interrupt link LNKD configured for IRQ 11
[    0.689549] ACPI: PCI: Interrupt link LNKS configured for IRQ 9
[    0.694904] iommu: Default domain type: Translated
[    0.695032] iommu: DMA domain TLB invalidation policy: lazy mode
[    0.697330] SCSI subsystem initialized
[    0.699645] ACPI: bus type USB registered
[    0.700212] usbcore: registered new interface driver usbfs
[    0.700600] usbcore: registered new interface driver hub
[    0.700858] usbcore: registered new device driver usb
[    0.701393] pps_core: LinuxPPS API ver. 1 registered
[    0.701484] pps_core: Software ver. 5.3.6 - Copyright 2005-2007 Rodolfo Giometti <giometti@linux.it>
[    0.701748] PTP clock support registered
[    0.706136] Advanced Linux Sound Architecture Driver Initialized.
[    0.716018] NetLabel: Initializing
[    0.716110] NetLabel:  domain hash size = 128
[    0.716214] NetLabel:  protocols = UNLABELED CIPSOv4 CALIPSO
[    0.717336] NetLabel:  unlabeled traffic allowed by default
[    0.722889] PCI: Using ACPI for IRQ routing
[    0.723713] e820: register RAM buffer resource [mem 0x0009fc00-0x0009ffff]
[    0.724019] e820: register RAM buffer resource [mem 0x1ffe0000-0x1fffffff]
[    0.726193] pci 0000:00:02.0: vgaarb: setting as boot VGA device
[    0.726193] pci 0000:00:02.0: vgaarb: bridge control possible
[    0.726193] pci 0000:00:02.0: vgaarb: VGA device added: decodes=io+mem,owns=io+mem,locks=none
[    0.727241] vgaarb: loaded
[    0.728335] hpet: 3 channels of 0 reserved for per-cpu timers
[    0.728688] hpet0: at MMIO 0xfed00000, IRQs 2, 8, 0
[    0.728888] hpet0: 3 comparators, 64-bit 100.000000 MHz counter
[    0.733746] clocksource: Switched to clocksource tsc-early
[    0.736049] VFS: Disk quotas dquot_6.6.0
[    0.736241] VFS: Dquot-cache hash table entries: 512 (4096 bytes)
[    0.740422] pnp: PnP ACPI init
[    0.745641] pnp: PnP ACPI: found 5 devices
[    0.775270] clocksource: acpi_pm: mask: 0xffffff max_cycles: 0xffffff, max_idle_ns: 2085701024 ns
[    0.776328] NET: Registered PF_INET protocol family
[    0.778517] IP idents hash table entries: 8192 (order: 4, 65536 bytes, linear)
[    0.785852] tcp_listen_portaddr_hash hash table entries: 256 (order: 0, 4096 bytes, linear)
[    0.786140] Table-perturb hash table entries: 65536 (order: 6, 262144 bytes, linear)
[    0.786313] TCP established hash table entries: 4096 (order: 3, 32768 bytes, linear)
[    0.786691] TCP bind hash table entries: 4096 (order: 5, 131072 bytes, linear)
[    0.787019] TCP: Hash tables configured (established 4096 bind 4096)
[    0.789084] UDP hash table entries: 256 (order: 2, 16384 bytes, linear)
[    0.790929] NET: Registered PF_UNIX/PF_LOCAL protocol family
[    0.795890] RPC: Registered named UNIX socket transport module.
[    0.796090] RPC: Registered udp transport module.
[    0.796165] RPC: Registered tcp transport module.
[    0.796237] RPC: Registered tcp-with-tls transport module.
[    0.796316] RPC: Registered tcp NFSv4.1 backchannel transport module.
[    0.801109] pci_bus 0000:00: resource 4 [io  0x0000-0x0cf7 window]
[    0.801242] pci_bus 0000:00: resource 5 [io  0x0d00-0xffff window]
[    0.801382] pci_bus 0000:00: resource 6 [mem 0x000a0000-0x000bffff window]
[    0.801490] pci_bus 0000:00: resource 7 [mem 0x20000000-0xfebfffff window]
[    0.801581] pci_bus 0000:00: resource 8 [mem 0x100000000-0x17fffffff window]
[    0.802346] pci 0000:00:01.0: PIIX3: Enabling Passive Release
[    0.802529] pci 0000:00:00.0: Limiting direct PCI/PCI transfers
[    0.802784] PCI: CLS 0 bytes, default 64
[    0.811797] Unpacking initramfs...
[    0.817070] Initialise system trusted keyrings
[    0.823681] workingset: timestamp_bits=56 (anon: 51) max_order=17 bucket_order=0 (anon: 0)
[    0.832084] NFS: Registering the id_resolver key type
[    0.834515] Key type id_resolver registered
[    0.834634] Key type id_legacy registered
[    0.834829] nfs4filelayout_init: NFSv4 File Layout Driver Registering...
[    0.835168] nfs4flexfilelayout_init: NFSv4 Flexfile Layout Driver Registering...
[    0.838471] 9p: Installing v9fs 9p2000 file system support
[    0.849165] Key type asymmetric registered
[    0.849317] Asymmetric key parser 'x509' registered
[    0.849800] Block layer SCSI generic (bsg) driver version 0.4 loaded (major 251)
[    0.852415] io scheduler mq-deadline registered
[    0.852584] io scheduler kyber registered
[    0.862066] input: Power Button as /devices/platform/LNXPWRBN:00/input/input0
[    0.865515] ACPI: button: Power Button [PWRF]
[    0.878087] Serial: 8250/16550 driver, 4 ports, IRQ sharing enabled
[    0.889167] 00:04: ttyS0 at I/O 0x3f8 (irq = 4, base_baud = 115200) is a 16550A
[    0.916627] Non-volatile memory driver v1.3
[    0.922032] ACPI: bus type drm_connector registered
[    0.944864] Freeing initrd memory: 1416K
[    0.956826] loop: module loaded
[    0.968444] scsi host0: ata_piix
[    0.971677] scsi host1: ata_piix
[    0.972448] ata1: PATA max MWDMA2 cmd 0x1f0 ctl 0x3f6 bmdma 0xc040 irq 14 lpm-pol 0
[    0.972606] ata2: PATA max MWDMA2 cmd 0x170 ctl 0x376 bmdma 0xc048 irq 15 lpm-pol 0
[    0.975897] e100: Intel(R) PRO/100 Network Driver
[    0.976083] e100: Copyright(c) 1999-2006 Intel Corporation
[    0.976321] e1000: Intel(R) PRO/1000 Network Driver
[    0.976470] e1000: Copyright (c) 1999-2006 Intel Corporation.
[    1.137891] ata2: found unknown device (class 0)
[    1.149175] ata2.00: ATAPI: QEMU DVD-ROM, 2.5+, max UDMA/100
[    1.152460] ACPI: \_SB_.LNKC: Enabled at IRQ 11
[    1.167439] scsi 1:0:0:0: CD-ROM            QEMU     QEMU DVD-ROM     2.5+ PQ: 0 ANSI: 5
[    1.192815] sr 1:0:0:0: [sr0] scsi3-mmc drive: 4x/4x cd/rw xa/form2 tray
[    1.209469] cdrom: Uniform CD-ROM driver Revision: 3.20
[    1.226380] sr 1:0:0:0: Attached scsi generic sg0 type 5
[    1.460489] e1000 0000:00:03.0 eth0: (PCI:33MHz:32-bit) 52:54:00:12:34:56
[    1.461195] e1000 0000:00:03.0 eth0: Intel(R) PRO/1000 Network Connection
[    1.461780] e1000e: Intel(R) PRO/1000 Network Driver
[    1.461902] e1000e: Copyright(c) 1999 - 2015 Intel Corporation.
[    1.462100] sky2: driver version 1.30
[    1.465134] usbcore: registered new interface driver usblp
[    1.465490] usbcore: registered new interface driver usb-storage
[    1.466642] i8042: PNP: PS/2 Controller [PNP0303:KBD,PNP0f13:MOU] at 0x60,0x64 irq 1,12
[    1.470442] serio: i8042 KBD port at 0x60,0x64 irq 1
[    1.470849] serio: i8042 AUX port at 0x60,0x64 irq 12
[    1.476661] rtc_cmos PNP0B00:00: RTC can wake from S4
[    1.478282] input: AT Translated Set 2 keyboard as /devices/platform/i8042/serio0/input/input1
[    1.483900] rtc_cmos PNP0B00:00: registered as rtc0
[    1.487133] rtc_cmos PNP0B00:00: alarms up to one day, y3k, 242 bytes nvram, hpet irqs
[    1.491172] device-mapper: ioctl: 4.50.0-ioctl (2025-04-28) initialised: dm-devel@lists.linux.dev
[    1.492155] hid: raw HID events driver (C) Jiri Kosina
[    1.493734] usbcore: registered new interface driver usbhid
[    1.493877] usbhid: USB HID core driver
[    1.501285] nf_conntrack_irc: The irc conntrack helper is scheduled for removal.
[    1.501285] Please contact the netfilter-devel mailing list if you still need this.
[    1.503835] Initializing XFRM netlink socket
[    1.504582] NET: Registered PF_INET6 protocol family
[    1.517021] Segment Routing with IPv6
[    1.517475] In-situ OAM (IOAM) with IPv6
[    1.518670] NET: Registered PF_PACKET protocol family
[    1.520377] 9pnet: Installing 9P2000 support
[    1.520745] Key type dns_resolver registered
[    1.524184] IPI shorthand broadcast: enabled
[    1.559225] sched_clock: Marking stable (1575071774, -16806892)->(1567323661, -9058779)
[    1.563983] registered taskstats version 1
[    1.564420] Loading compiled-in X.509 certificates
[    1.579134] Demotion targets for Node 0: null
[    1.583131] PM:   Magic number: 6:556:287
[    1.583509] tty tty20: hash matches
[    1.583612] acpi PNP0400:00: hash matches
[    1.583961] netconsole: network logging started
[    1.585126] cfg80211: Loading compiled-in X.509 certificates for regulatory database
[    1.595390] kworker/u8:1 (61) used greatest stack depth: 15048 bytes left
[    1.606765] Loaded X.509 cert 'sforshee: 00b28ddf47aef9cea7'
[    1.607613] Loaded X.509 cert 'wens: 61c038651aabdcf94bd0ac7ff06c7248db18c600'
[    1.610191] ALSA device list:
[    1.610478]   No soundcards found.
[    1.614111] faux_driver regulatory: Direct firmware load for regulatory.db failed with error -2
[    1.614856] cfg80211: failed to load regulatory.db
[    1.725114] Freeing unused kernel image (initmem) memory: 2984K
[    1.725782] Write protecting the kernel read-only data: 28672k
[    1.728677] Freeing unused kernel image (text/rodata gap) memory: 1120K
[    1.729206] Freeing unused kernel image (rodata/data gap) memory: 148K
[    1.807979] tsc: Refined TSC clocksource calibration: 2100.000 MHz
[    1.808695] clocksource: tsc: mask: 0xffffffffffffffff max_cycles: 0x1e4530a99b6, max_idle_ns: 440795257976 ns
[    1.811037] clocksource: Switched to clocksource tsc
[    1.864075] x86/mm: Checked W+X mappings: passed, no W+X pages found.
[    1.864656] Run /init as init process
[    1.906157] input: ImExPS/2 Generic Explorer Mouse as /devices/platform/i8042/serio1/input/input3
[    1.978806] busybox (64) used greatest stack depth: 13784 bytes left
FAISAL_M69_BOOT_OK
M69_TELEMETRY_BEGIN_OK id=1 start=2064204319
M69_TELEMETRY_QUERY_OK
M69_STALE_TELEMETRY_CAPABILITY_REJECT_OK
M69_ANOMALY_SIGNAL_OK score=420000
M69_TELEMETRY_END_OK duration=3819973
M69_GRAPH_EVENT_DELIVERY_OK
M69_COMPLETED_QUERY_OK
M69_SELFTEST_EXIT=0
FAISAL_M69_TEST_RC=0
[    2.242685] ACPI: PM: Preparing to enter system sleep state S5
[    2.243768] reboot: Power down
QEMU_RC=0
FAISAL_M69_SELFTEST_EXIT=0
REGRESSION_SCRIPT_RC=0

=== tools/faisal-build/run_power_policy_qemu.sh ===
M70_QEMU_VALIDATION_OK
REGRESSION_SCRIPT_RC=0

=== tools/faisal-build/run_persistent_memory_qemu.sh ===
M71_QEMU_VALIDATION_OK
REGRESSION_SCRIPT_RC=0

=== tools/faisal-build/run_experience_learning_qemu.sh ===
M72_QEMU_VALIDATION_OK
REGRESSION_SCRIPT_RC=0

=== tools/faisal-build/run_world_state_qemu.sh ===
M73_QEMU_VALIDATION_OK
REGRESSION_SCRIPT_RC=0

=== tools/faisal-build/run_model_orchestration_qemu.sh ===
M74_QEMU_VALIDATION_OK
REGRESSION_SCRIPT_RC=0

=== tools/faisal-build/run_browser_tool_qemu.sh ===
M75_QEMU_VALIDATION_OK
REGRESSION_SCRIPT_RC=0
M75_REGRESSION_RC=0
