
=== tools/faisal-build/run_agent_security_m64_qemu.sh ===
M64_QEMU_VALIDATION_OK
REGRESSION_SCRIPT_RC=0

=== tools/faisal-build/run_transport_qemu.sh ===
c[?7l[2J[0mSeaBIOS (version 1.16.3-debian-1.16.3-2)


iPXE (https://ipxe.org) 00:03.0 CA00 PCI2.10 PnP PMM+1EFCAE00+1EF0AE00 CA00
Press Ctrl-B to configure iPXE (PCI 00:03.0)...


Booting from ROM..c[?7l[2J[    0.000000] Linux version 7.2.0-rc7-g03d7a0afa3e6-dirty (ubuntu@db71298c03d4) (gcc (Ubuntu 13.3.0-6ubuntu2~24.04.1) 13.3.0, GNU ld (GNU Binutils for Ubuntu) 2.42) #13 SMP PREEMPT_DYNAMIC Sat Aug 15 16:00:59 UTC 2026
[    0.000000] Command line: console=ttyS0 rdinit=/init
[    0.000000] BIOS-provided physical RAM map:
[    0.000000] BIOS-e820: [mem 0x0000000000000000-0x000000000009fbff]  System RAM
[    0.000000] BIOS-e820: [mem 0x000000000009fc00-0x000000000009ffff]  device reserved
[    0.000000] BIOS-e820: [gap 0x00000000000a0000-0x00000000000effff]
[    0.000000] BIOS-e820: [mem 0x00000000000f0000-0x00000000000fffff]  device reserved
[    0.000000] BIOS-e820: [mem 0x0000000000100000-0x000000001ffdffff]  System RAM
[    0.000000] BIOS-e820: [mem 0x000000001ffe0000-0x000000001fffffff]  device reserved
[    0.000000] BIOS-e820: [gap 0x0000000020000000-0x00000000fffbffff]
[    0.000000] BIOS-e820: [mem 0x00000000fffc0000-0x00000000ffffffff]  device reserved
[    0.000000] BIOS-e820: [gap 0x0000000100000000-0x000000fcffffffff]
[    0.000000] BIOS-e820: [mem 0x000000fd00000000-0x000000ffffffffff]  device reserved
[    0.000000] NX (Execute Disable) protection: active
[    0.000000] APIC: Static calls initialized
[    0.000000] DMI: SMBIOS 3.0.0 present.
[    0.000000] DMI: QEMU Standard PC (i440FX + PIIX, 1996), BIOS 1.16.3-debian-1.16.3-2 04/01/2014
[    0.000000] DMI: Memory slots populated: 1/1
[    0.000000] tsc: Fast TSC calibration using PIT
[    0.000000] tsc: Detected 2100.018 MHz processor
[    0.008173] last_pfn = 0x1ffe0 max_arch_pfn = 0x400000000
[    0.008860] MTRR map: 4 entries (3 fixed + 1 variable; max 19), built from 8 variable MTRRs
[    0.009070] x86/PAT: Configuration [0-7]: WB  WC  UC- UC  WB  WP  UC- WT
[    0.024553] found SMP MP-table at [mem 0x000f5480-0x000f548f]
[    0.030230] RAMDISK: [mem 0x1fe7e000-0x1ffdffff]
[    0.030687] ACPI: Early table checksum verification disabled
[    0.031126] ACPI: RSDP 0x00000000000F52B0 000014 (v00 BOCHS )
[    0.031425] ACPI: RSDT 0x000000001FFE1C52 000034 (v01 BOCHS  BXPC     00000001 BXPC 00000001)
[    0.032181] ACPI: FACP 0x000000001FFE1B06 000074 (v01 BOCHS  BXPC     00000001 BXPC 00000001)
[    0.032868] ACPI: DSDT 0x000000001FFE0040 001AC6 (v01 BOCHS  BXPC     00000001 BXPC 00000001)
[    0.032965] ACPI: FACS 0x000000001FFE0000 000040
[    0.033025] ACPI: APIC 0x000000001FFE1B7A 000078 (v03 BOCHS  BXPC     00000001 BXPC 00000001)
[    0.033046] ACPI: HPET 0x000000001FFE1BF2 000038 (v01 BOCHS  BXPC     00000001 BXPC 00000001)
[    0.033062] ACPI: WAET 0x000000001FFE1C2A 000028 (v01 BOCHS  BXPC     00000001 BXPC 00000001)
[    0.033156] ACPI: Reserving FACP table memory at [mem 0x1ffe1b06-0x1ffe1b79]
[    0.033177] ACPI: Reserving DSDT table memory at [mem 0x1ffe0040-0x1ffe1b05]
[    0.033184] ACPI: Reserving FACS table memory at [mem 0x1ffe0000-0x1ffe003f]
[    0.033190] ACPI: Reserving APIC table memory at [mem 0x1ffe1b7a-0x1ffe1bf1]
[    0.033195] ACPI: Reserving HPET table memory at [mem 0x1ffe1bf2-0x1ffe1c29]
[    0.033199] ACPI: Reserving WAET table memory at [mem 0x1ffe1c2a-0x1ffe1c51]
[    0.035499] No NUMA configuration found
[    0.035523] Faking a node at [mem 0x0000000000000000-0x000000001ffdffff]
[    0.036232] NODE_DATA(0) allocated [mem 0x1fe7a680-0x1fe7dfff]
[    0.037062] ACPI: PM-Timer IO Port: 0x608
[    0.037441] ACPI: LAPIC_NMI (acpi_id[0xff] dfl dfl lint[0x1])
[    0.037869] IOAPIC[0]: apic_id 0, version 32, address 0xfec00000, GSI 0-23
[    0.038018] ACPI: INT_SRC_OVR (bus 0 bus_irq 0 global_irq 2 dfl dfl)
[    0.038307] ACPI: INT_SRC_OVR (bus 0 bus_irq 5 global_irq 5 high level)
[    0.038359] ACPI: INT_SRC_OVR (bus 0 bus_irq 9 global_irq 9 high level)
[    0.038446] ACPI: INT_SRC_OVR (bus 0 bus_irq 10 global_irq 10 high level)
[    0.038454] ACPI: INT_SRC_OVR (bus 0 bus_irq 11 global_irq 11 high level)
[    0.038654] ACPI: Using ACPI (MADT) for SMP configuration information
[    0.038696] ACPI: HPET id: 0x8086a201 base: 0xfed00000
[    0.039133] CPU topo: Max. logical packages:   1
[    0.039190] CPU topo: Max. logical nodes:      1
[    0.039201] CPU topo: Num. nodes per package:  1
[    0.039264] CPU topo: Max. logical dies:       1
[    0.039275] CPU topo: Max. dies per package:   1
[    0.039334] CPU topo: Max. threads per core:   1
[    0.039469] CPU topo: Num. cores per package:     1
[    0.039486] CPU topo: Num. threads per package:   1
[    0.039494] CPU topo: Allowing 1 present CPUs plus 0 hotplug CPUs
[    0.040386] PM: hibernation: Registered nosave memory: [mem 0x00000000-0x00000fff]
[    0.040420] PM: hibernation: Registered nosave memory: [mem 0x0009f000-0x000fffff]
[    0.040540] [gap 0x20000000-0xfffbffff] available for PCI devices
[    0.040587] Booting paravirtualized kernel on bare hardware
[    0.040913] clocksource: refined-jiffies: mask: 0xffffffff max_cycles: 0xffffffff, max_idle_ns: 1910969940391419 ns
[    0.055916] Zone ranges:
[    0.055952]   DMA      [mem 0x0000000000001000-0x0000000000ffffff]
[    0.056043]   DMA32    [mem 0x0000000001000000-0x000000001ffdffff]
[    0.056054]   Normal   empty
[    0.056077] Movable zone start for each node
[    0.056105] Early memory node ranges
[    0.056135]   node   0: [mem 0x0000000000001000-0x000000000009efff]
[    0.056265]   node   0: [mem 0x0000000000100000-0x000000001ffdffff]
[    0.056397] Initmem setup node 0 [mem 0x0000000000001000-0x000000001ffdffff]
[    0.057718] On node 0, zone DMA: 1 pages in unavailable ranges
[    0.058053] On node 0, zone DMA: 97 pages in unavailable ranges
[    0.061199] On node 0, zone DMA32: 32 pages in unavailable ranges
[    0.061464] setup_percpu: NR_CPUS:64 nr_cpumask_bits:1 nr_cpu_ids:1 nr_node_ids:1
[    0.063317] percpu: Embedded 52 pages/cpu s175704 r8192 d29096 u2097152
[    0.065532] Kernel command line: console=ttyS0 rdinit=/init
[    0.066613] printk: log buffer data + meta data: 262144 + 917504 = 1179648 bytes
[    0.066974] Dentry cache hash table entries: 65536 (order: 7, 524288 bytes, linear)
[    0.067157] Inode-cache hash table entries: 32768 (order: 6, 262144 bytes, linear)
[    0.070860] Fallback order for Node 0: 0
[    0.071204] Built 1 zonelists, mobility grouping on.  Total pages: 130942
[    0.071222] Policy zone: DMA32
[    0.071590] mem auto-init: stack:all(zero), heap alloc:off, heap free:off
[    0.083673] SLUB: HWalign=64, Order=0-3, MinObjects=0, CPUs=1, Nodes=1
[    0.100317] Dynamic Preempt: lazy
[    0.105327] rcu: Preemptible hierarchical RCU implementation.
[    0.105342] rcu: 	RCU event tracing is enabled.
[    0.105368] rcu: 	RCU restricting CPUs from NR_CPUS=64 to nr_cpu_ids=1.
[    0.105556] 	Trampoline variant of Tasks RCU enabled.
[    0.105606] 	Tracing variant of Tasks RCU enabled.
[    0.105720] rcu: RCU calculated value of scheduler-enlistment delay is 100 jiffies.
[    0.105749] rcu: Adjusting geometry for rcu_fanout_leaf=16, nr_cpu_ids=1
[    0.107059] RCU Tasks: Setting shift to 0 and lim to 1 rcu_task_cb_adjust=1 rcu_task_cpu_ids=1.
[    0.139597] NR_IRQS: 4352, nr_irqs: 256, preallocated irqs: 16
[    0.150622] rcu: srcu_init: Setting srcu_struct sizes based on contention.
[    0.151451] clocksource: jiffies: mask: 0xffffffff max_cycles: 0xffffffff, max_idle_ns: 1911260446275000 ns
[    0.159303] Console: colour VGA+ 80x25
[    0.161770] printk: legacy console [ttyS0] enabled
[    0.173557] ACPI: Core revision 20260408
[    0.179930] clocksource: hpet: mask: 0xffffffff max_cycles: 0xffffffff, max_idle_ns: 19112604467 ns
[    0.185625] APIC: Switch to symmetric I/O mode setup
[    0.191626] ..TIMER: vector=0x30 apic1=0 pin1=2 apic2=-1 pin2=-1
[    0.197651] clocksource: tsc-early: mask: 0xffffffffffffffff max_cycles: 0x1e454170c01, max_idle_ns: 440795204360 ns
[    0.198235] Calibrating delay loop (skipped), value calculated using timer frequency.. 4200.03 BogoMIPS (lpj=2100018)
[    0.202978] Last level iTLB entries: 4KB 512, 2MB 255, 4MB 127
[    0.203136] Last level dTLB entries: 4KB 512, 2MB 255, 4MB 127, 1GB 0
[    0.203450] mitigations: Enabled attack vectors: user_kernel, user_user, SMT mitigations: auto
[    0.204286] Spectre V2 : Mitigation: Retpolines
[    0.204552] Spectre V1 : Mitigation: usercopy/swapgs barriers and __user pointer sanitization
[    0.204991] Spectre V2 : Spectre v2 / SpectreRSB: Filling RSB on context switch and VMEXIT
[    0.205978] x86/fpu: x87 FPU will use FXSAVE
[    0.641757] pid_max: default: 32768 minimum: 301
[    0.651921] SELinux:  Initializing.
[    0.662177] Mount-cache hash table entries: 1024 (order: 1, 8192 bytes, linear)
[    0.662470] Mountpoint-cache hash table entries: 1024 (order: 1, 8192 bytes, linear)
[    0.673157] VFS: Finished mounting rootfs on nullfs
[    0.802920] smpboot: CPU0: AMD QEMU Virtual CPU version 2.5+ (family: 0xf, model: 0x6b, stepping: 0x1)
[    0.817252] Performance Events: PMU not available due to virtualization, using software events only.
[    0.818463] signal: max sigframe size: 1440
[    0.819836] rcu: Hierarchical SRCU implementation.
[    0.820021] rcu: 	Max phase no-delay instances is 400.
[    0.825795] smp: Bringing up secondary CPUs ...
[    0.828717] smp: Brought up 1 node, 1 CPU
[    0.831416] smpboot: Total of 1 processors activated (4200.03 BogoMIPS)
[    0.840339] Memory: 467940K/523768K available (19358K kernel code, 3000K rwdata, 8044K rodata, 2984K init, 884K bss, 53016K reserved, 0K cma-reserved)
[    0.849292] devtmpfs: initialized
[    0.860525] posixtimers hash table entries: 512 (order: 1, 8192 bytes, linear)
[    0.861383] futex hash table entries: 256 (16384 bytes on 1 NUMA nodes, total 16 KiB, linear).
[    0.864747] PM: RTC time: 16:45:27, date: 2026-08-15
[    0.871448] NET: Registered PF_NETLINK/PF_ROUTE protocol family
[    0.875439] audit: initializing netlink subsys (disabled)
[    0.878378] audit: type=2000 audit(1786812327.691:1): state=initialized audit_enabled=0 res=1
[    0.883759] thermal_sys: Registered thermal governor 'step_wise'
[    0.884374] cpuidle: using governor menu
[    0.886619] Freeing SMP alternatives memory: 56K
[    0.889369] PCI: Using configuration type 1 for base access
[    0.892217] kprobes: kprobe jump-optimization is enabled. All kprobes are optimized if possible.
[    0.897355] HugeTLB: registered 2.00 MiB page size, pre-allocated 0 pages
[    0.897510] HugeTLB: 28 KiB vmemmap can be freed for a 2.00 MiB page
[    0.911059] ACPI: Added _OSI(Module Device)
[    0.911173] ACPI: Added _OSI(Processor Device)
[    0.911239] ACPI: Added _OSI(Processor Aggregator Device)
[    0.952134] ACPI: 1 ACPI AML tables successfully acquired and loaded
[    0.988493] ACPI: \_SB_: platform _OSC: OS support mask [002a7eee]
[    0.998386] ACPI: Interpreter enabled
[    1.004128] ACPI: PM: (supports S0 S3 S4 S5)
[    1.004276] ACPI: Using IOAPIC for interrupt routing
[    1.004779] PCI: Using host bridge windows from ACPI; if necessary, use "pci=nocrs" and report a bug
[    1.004923] PCI: Using E820 reservations for host bridge windows
[    1.008619] ACPI: Enabled 2 GPEs in block 00 to 0F
[    1.093740] ACPI: PCI Root Bridge [PCI0] (domain 0000 [bus 00-ff])
[    1.096591] acpi PNP0A03:00: _OSC: OS supports [ASPM ClockPM Segments MSI HPX-Type3]
[    1.096861] acpi PNP0A03:00: _OSC: not requesting OS control; OS requires [ExtendedConfig ASPM ClockPM MSI]
[    1.097358] acpi PNP0A03:00: _OSC: platform retains control of PCIe features (AE_ERROR)
[    1.100005] acpi PNP0A03:00: fail to add MMCONFIG information, can't access extended configuration space under this bridge
[    1.105777] PCI host bridge to bus 0000:00
[    1.108166] pci_bus 0000:00: root bus resource [io  0x0000-0x0cf7 window]
[    1.108411] pci_bus 0000:00: root bus resource [io  0x0d00-0xffff window]
[    1.108504] pci_bus 0000:00: root bus resource [mem 0x000a0000-0x000bffff window]
[    1.108643] pci_bus 0000:00: root bus resource [mem 0x20000000-0xfebfffff window]
[    1.108738] pci_bus 0000:00: root bus resource [mem 0x100000000-0x17fffffff window]
[    1.109042] pci_bus 0000:00: root bus resource [bus 00-ff]
[    1.112588] pci 0000:00:00.0: [8086:1237] type 00 class 0x060000 conventional PCI endpoint
[    1.121480] pci 0000:00:01.0: [8086:7000] type 00 class 0x060100 conventional PCI endpoint
[    1.124585] pci 0000:00:01.1: [8086:7010] type 00 class 0x010180 conventional PCI endpoint
[    1.125432] pci 0000:00:01.1: BAR 4 [io  0xc040-0xc04f]
[    1.125605] pci 0000:00:01.1: BAR 0 [io  0x01f0-0x01f7]: legacy IDE quirk
[    1.125717] pci 0000:00:01.1: BAR 1 [io  0x03f6]: legacy IDE quirk
[    1.128031] pci 0000:00:01.1: BAR 2 [io  0x0170-0x0177]: legacy IDE quirk
[    1.128230] pci 0000:00:01.1: BAR 3 [io  0x0376]: legacy IDE quirk
[    1.132176] pci 0000:00:01.3: [8086:7113] type 00 class 0x068000 conventional PCI endpoint
[    1.132710] pci 0000:00:01.3: quirk: [io  0x0600-0x063f] claimed by PIIX4 ACPI
[    1.132848] pci 0000:00:01.3: quirk: [io  0x0700-0x070f] claimed by PIIX4 SMB
[    1.133612] pci 0000:00:02.0: [1234:1111] type 00 class 0x030000 conventional PCI endpoint
[    1.136403] pci 0000:00:02.0: BAR 0 [mem 0xfd000000-0xfdffffff pref]
[    1.136599] pci 0000:00:02.0: BAR 2 [mem 0xfebb0000-0xfebb0fff]
[    1.136686] pci 0000:00:02.0: ROM [mem 0xfeba0000-0xfebaffff pref]
[    1.137141] pci 0000:00:02.0: Video device with shadowed ROM at [mem 0x000c0000-0x000dffff]
[    1.140053] pci 0000:00:03.0: [8086:100e] type 00 class 0x020000 conventional PCI endpoint
[    1.140886] pci 0000:00:03.0: BAR 0 [mem 0xfeb80000-0xfeb9ffff]
[    1.141014] pci 0000:00:03.0: BAR 1 [io  0xc000-0xc03f]
[    1.141114] pci 0000:00:03.0: ROM [mem 0xfeb00000-0xfeb7ffff pref]
[    1.169520] ACPI: PCI: Interrupt link LNKA configured for IRQ 10
[    1.172674] ACPI: PCI: Interrupt link LNKB configured for IRQ 10
[    1.173667] ACPI: PCI: Interrupt link LNKC configured for IRQ 11
[    1.176583] ACPI: PCI: Interrupt link LNKD configured for IRQ 11
[    1.177037] ACPI: PCI: Interrupt link LNKS configured for IRQ 9
[    1.185134] iommu: Default domain type: Translated
[    1.185256] iommu: DMA domain TLB invalidation policy: lazy mode
[    1.189217] SCSI subsystem initialized
[    1.193000] ACPI: bus type USB registered
[    1.193402] usbcore: registered new interface driver usbfs
[    1.193774] usbcore: registered new interface driver hub
[    1.196141] usbcore: registered new device driver usb
[    1.196608] pps_core: LinuxPPS API ver. 1 registered
[    1.196694] pps_core: Software ver. 5.3.6 - Copyright 2005-2007 Rodolfo Giometti <giometti@linux.it>
[    1.196857] PTP clock support registered
[    1.201466] Advanced Linux Sound Architecture Driver Initialized.
[    1.224453] NetLabel: Initializing
[    1.224602] NetLabel:  domain hash size = 128
[    1.224693] NetLabel:  protocols = UNLABELED CIPSOv4 CALIPSO
[    1.228262] NetLabel:  unlabeled traffic allowed by default
[    1.240597] PCI: Using ACPI for IRQ routing
[    1.241339] e820: register RAM buffer resource [mem 0x0009fc00-0x0009ffff]
[    1.241625] e820: register RAM buffer resource [mem 0x1ffe0000-0x1fffffff]
[    1.245978] pci 0000:00:02.0: vgaarb: setting as boot VGA device
[    1.245978] pci 0000:00:02.0: vgaarb: bridge control possible
[    1.245978] pci 0000:00:02.0: vgaarb: VGA device added: decodes=io+mem,owns=io+mem,locks=none
[    1.246020] vgaarb: loaded
[    1.250091] hpet: 3 channels of 0 reserved for per-cpu timers
[    1.250471] hpet0: at MMIO 0xfed00000, IRQs 2, 8, 0
[    1.250673] hpet0: 3 comparators, 64-bit 100.000000 MHz counter
[    1.261971] clocksource: Switched to clocksource tsc-early
[    1.274333] VFS: Disk quotas dquot_6.6.0
[    1.275435] VFS: Dquot-cache hash table entries: 512 (4096 bytes)
[    1.285430] pnp: PnP ACPI init
[    1.295533] pnp: PnP ACPI: found 5 devices
[    1.354879] clocksource: acpi_pm: mask: 0xffffff max_cycles: 0xffffff, max_idle_ns: 2085701024 ns
[    1.357657] NET: Registered PF_INET protocol family
[    1.361056] IP idents hash table entries: 8192 (order: 4, 65536 bytes, linear)
[    1.376209] tcp_listen_portaddr_hash hash table entries: 256 (order: 0, 4096 bytes, linear)
[    1.376511] Table-perturb hash table entries: 65536 (order: 6, 262144 bytes, linear)
[    1.376685] TCP established hash table entries: 4096 (order: 3, 32768 bytes, linear)
[    1.377967] TCP bind hash table entries: 4096 (order: 5, 131072 bytes, linear)
[    1.379027] TCP: Hash tables configured (established 4096 bind 4096)
[    1.380653] UDP hash table entries: 256 (order: 2, 16384 bytes, linear)
[    1.383950] NET: Registered PF_UNIX/PF_LOCAL protocol family
[    1.389503] RPC: Registered named UNIX socket transport module.
[    1.390546] RPC: Registered udp transport module.
[    1.390626] RPC: Registered tcp transport module.
[    1.390773] RPC: Registered tcp-with-tls transport module.
[    1.390874] RPC: Registered tcp NFSv4.1 backchannel transport module.
[    1.402281] pci_bus 0000:00: resource 4 [io  0x0000-0x0cf7 window]
[    1.402415] pci_bus 0000:00: resource 5 [io  0x0d00-0xffff window]
[    1.402502] pci_bus 0000:00: resource 6 [mem 0x000a0000-0x000bffff window]
[    1.402635] pci_bus 0000:00: resource 7 [mem 0x20000000-0xfebfffff window]
[    1.402798] pci_bus 0000:00: resource 8 [mem 0x100000000-0x17fffffff window]
[    1.404394] pci 0000:00:01.0: PIIX3: Enabling Passive Release
[    1.405426] pci 0000:00:00.0: Limiting direct PCI/PCI transfers
[    1.405764] PCI: CLS 0 bytes, default 64
[    1.422086] Unpacking initramfs...
[    1.431044] Initialise system trusted keyrings
[    1.435801] workingset: timestamp_bits=56 (anon: 51) max_order=17 bucket_order=0 (anon: 0)
[    1.451761] NFS: Registering the id_resolver key type
[    1.452215] Key type id_resolver registered
[    1.452306] Key type id_legacy registered
[    1.452458] nfs4filelayout_init: NFSv4 File Layout Driver Registering...
[    1.455135] nfs4flexfilelayout_init: NFSv4 Flexfile Layout Driver Registering...
[    1.458283] 9p: Installing v9fs 9p2000 file system support
[    1.478197] Key type asymmetric registered
[    1.478347] Asymmetric key parser 'x509' registered
[    1.478761] Block layer SCSI generic (bsg) driver version 0.4 loaded (major 251)
[    1.480989] io scheduler mq-deadline registered
[    1.482772] io scheduler kyber registered
[    1.498806] input: Power Button as /devices/platform/LNXPWRBN:00/input/input0
[    1.503270] ACPI: button: Power Button [PWRF]
[    1.521911] Serial: 8250/16550 driver, 4 ports, IRQ sharing enabled
[    1.538590] 00:04: ttyS0 at I/O 0x3f8 (irq = 4, base_baud = 115200) is a 16550A
[    1.577840] Non-volatile memory driver v1.3
[    1.584999] ACPI: bus type drm_connector registered
[    1.652630] loop: module loaded
[    1.653171] Freeing initrd memory: 1416K
[    1.674315] scsi host0: ata_piix
[    1.678945] scsi host1: ata_piix
[    1.679493] ata1: PATA max MWDMA2 cmd 0x1f0 ctl 0x3f6 bmdma 0xc040 irq 14 lpm-pol 0
[    1.681778] ata2: PATA max MWDMA2 cmd 0x170 ctl 0x376 bmdma 0xc048 irq 15 lpm-pol 0
[    1.688521] e100: Intel(R) PRO/100 Network Driver
[    1.688626] e100: Copyright(c) 1999-2006 Intel Corporation
[    1.690462] e1000: Intel(R) PRO/1000 Network Driver
[    1.690558] e1000: Copyright (c) 1999-2006 Intel Corporation.
[    1.856579] ata2: found unknown device (class 0)
[    1.866300] ata2.00: ATAPI: QEMU DVD-ROM, 2.5+, max UDMA/100
[    1.903109] scsi 1:0:0:0: CD-ROM            QEMU     QEMU DVD-ROM     2.5+ PQ: 0 ANSI: 5
[    1.936469] sr 1:0:0:0: [sr0] scsi3-mmc drive: 4x/4x cd/rw xa/form2 tray
[    1.945568] cdrom: Uniform CD-ROM driver Revision: 3.20
[    1.966198] sr 1:0:0:0: Attached scsi generic sg0 type 5
[    2.100265] ACPI: \_SB_.LNKC: Enabled at IRQ 11
[    2.458454] tsc: Refined TSC clocksource calibration: 2100.000 MHz
[    2.460734] clocksource: tsc: mask: 0xffffffffffffffff max_cycles: 0x1e4530a99b6, max_idle_ns: 440795257976 ns
[    2.467863] clocksource: Switched to clocksource tsc
[    2.658863] e1000 0000:00:03.0 eth0: (PCI:33MHz:32-bit) 52:54:00:12:34:56
[    2.662159] e1000 0000:00:03.0 eth0: Intel(R) PRO/1000 Network Connection
[    2.662625] e1000e: Intel(R) PRO/1000 Network Driver
[    2.662841] e1000e: Copyright(c) 1999 - 2015 Intel Corporation.
[    2.663048] sky2: driver version 1.30
[    2.669626] usbcore: registered new interface driver usblp
[    2.669977] usbcore: registered new interface driver usb-storage
[    2.672907] i8042: PNP: PS/2 Controller [PNP0303:KBD,PNP0f13:MOU] at 0x60,0x64 irq 1,12
[    2.679729] serio: i8042 KBD port at 0x60,0x64 irq 1
[    2.682968] serio: i8042 AUX port at 0x60,0x64 irq 12
[    2.686994] rtc_cmos PNP0B00:00: RTC can wake from S4
[    2.691209] input: AT Translated Set 2 keyboard as /devices/platform/i8042/serio0/input/input1
[    2.699294] rtc_cmos PNP0B00:00: registered as rtc0
[    2.702144] rtc_cmos PNP0B00:00: alarms up to one day, y3k, 242 bytes nvram, hpet irqs
[    2.707853] device-mapper: ioctl: 4.50.0-ioctl (2025-04-28) initialised: dm-devel@lists.linux.dev
[    2.709279] hid: raw HID events driver (C) Jiri Kosina
[    2.711396] usbcore: registered new interface driver usbhid
[    2.712353] usbhid: USB HID core driver
[    2.725848] nf_conntrack_irc: The irc conntrack helper is scheduled for removal.
[    2.725848] Please contact the netfilter-devel mailing list if you still need this.
[    2.729004] Initializing XFRM netlink socket
[    2.730268] NET: Registered PF_INET6 protocol family
[    2.748491] Segment Routing with IPv6
[    2.748868] In-situ OAM (IOAM) with IPv6
[    2.752018] NET: Registered PF_PACKET protocol family
[    2.755233] 9pnet: Installing 9P2000 support
[    2.756356] Key type dns_resolver registered
[    2.762742] IPI shorthand broadcast: enabled
[    2.825282] sched_clock: Marking stable (2791053113, 33645134)->(2832786651, -8088404)
[    2.831847] registered taskstats version 1
[    2.832001] Loading compiled-in X.509 certificates
[    2.861245] Demotion targets for Node 0: null
[    2.868218] PM:   Magic number: 6:74:793
[    2.868859] netconsole: network logging started
[    2.871615] cfg80211: Loading compiled-in X.509 certificates for regulatory database
[    2.893448] kworker/u4:5 (53) used greatest stack depth: 15048 bytes left
[    2.904298] Loaded X.509 cert 'sforshee: 00b28ddf47aef9cea7'
[    2.905057] Loaded X.509 cert 'wens: 61c038651aabdcf94bd0ac7ff06c7248db18c600'
[    2.907169] faux_driver regulatory: Direct firmware load for regulatory.db failed with error -2
[    2.908763] ALSA device list:
[    2.908913]   No soundcards found.
[    2.909371] cfg80211: failed to load regulatory.db
[    2.995316] Freeing unused kernel image (initmem) memory: 2984K
[    2.995953] Write protecting the kernel read-only data: 28672k
[    2.998333] Freeing unused kernel image (text/rodata gap) memory: 1120K
[    2.998815] Freeing unused kernel image (rodata/data gap) memory: 148K
[    3.121196] x86/mm: Checked W+X mappings: passed, no W+X pages found.
[    3.121854] Run /init as init process
[    3.124239] input: ImExPS/2 Generic Explorer Mouse as /devices/platform/i8042/serio1/input/input3
[    3.231145] busybox (56) used greatest stack depth: 13784 bytes left
FAISAL_M66_BOOT_OK
M66_TRANSPORT_REGISTER_OK id=1
M66_TRANSPORT_QUERY_OK
M66_STALE_CAPABILITY_REJECT_OK
M66_ZERO_COPY_BOUNDARY_OK
M66_TRANSPORT_REVOKE_OK
M66_SELFTEST_EXIT=0
FAISAL_M66_TEST_RC=0
[    3.476358] ACPI: PM: Preparing to enter system sleep state S5
[    3.477251] reboot: Power down
QEMU_RC=0
FAISAL_M66_SELFTEST_EXIT=0
REGRESSION_SCRIPT_RC=0

=== tools/faisal-build/run_execution_domain_qemu.sh ===
c[?7l[2J[0mSeaBIOS (version 1.16.3-debian-1.16.3-2)


iPXE (https://ipxe.org) 00:03.0 CA00 PCI2.10 PnP PMM+1EFCAE00+1EF0AE00 CA00
Press Ctrl-B to configure iPXE (PCI 00:03.0)...


Booting from ROM..c[?7l[2J[    0.000000] Linux version 7.2.0-rc7-g03d7a0afa3e6-dirty (ubuntu@db71298c03d4) (gcc (Ubuntu 13.3.0-6ubuntu2~24.04.1) 13.3.0, GNU ld (GNU Binutils for Ubuntu) 2.42) #13 SMP PREEMPT_DYNAMIC Sat Aug 15 16:00:59 UTC 2026
[    0.000000] Command line: console=ttyS0 rdinit=/init
[    0.000000] BIOS-provided physical RAM map:
[    0.000000] BIOS-e820: [mem 0x0000000000000000-0x000000000009fbff]  System RAM
[    0.000000] BIOS-e820: [mem 0x000000000009fc00-0x000000000009ffff]  device reserved
[    0.000000] BIOS-e820: [gap 0x00000000000a0000-0x00000000000effff]
[    0.000000] BIOS-e820: [mem 0x00000000000f0000-0x00000000000fffff]  device reserved
[    0.000000] BIOS-e820: [mem 0x0000000000100000-0x000000001ffdffff]  System RAM
[    0.000000] BIOS-e820: [mem 0x000000001ffe0000-0x000000001fffffff]  device reserved
[    0.000000] BIOS-e820: [gap 0x0000000020000000-0x00000000fffbffff]
[    0.000000] BIOS-e820: [mem 0x00000000fffc0000-0x00000000ffffffff]  device reserved
[    0.000000] BIOS-e820: [gap 0x0000000100000000-0x000000fcffffffff]
[    0.000000] BIOS-e820: [mem 0x000000fd00000000-0x000000ffffffffff]  device reserved
[    0.000000] NX (Execute Disable) protection: active
[    0.000000] APIC: Static calls initialized
[    0.000000] DMI: SMBIOS 3.0.0 present.
[    0.000000] DMI: QEMU Standard PC (i440FX + PIIX, 1996), BIOS 1.16.3-debian-1.16.3-2 04/01/2014
[    0.000000] DMI: Memory slots populated: 1/1
[    0.000000] last_pfn = 0x1ffe0 max_arch_pfn = 0x400000000
[    0.000000] MTRR map: 4 entries (3 fixed + 1 variable; max 19), built from 8 variable MTRRs
[    0.000000] x86/PAT: Configuration [0-7]: WB  WC  UC- UC  WB  WP  UC- WT
[    0.000000] found SMP MP-table at [mem 0x000f5480-0x000f548f]
[    0.000000] RAMDISK: [mem 0x1fe7e000-0x1ffdffff]
[    0.000000] ACPI: Early table checksum verification disabled
[    0.000000] ACPI: RSDP 0x00000000000F52B0 000014 (v00 BOCHS )
[    0.000000] ACPI: RSDT 0x000000001FFE1CAD 000034 (v01 BOCHS  BXPC     00000001 BXPC 00000001)
[    0.000000] ACPI: FACP 0x000000001FFE1B59 000074 (v01 BOCHS  BXPC     00000001 BXPC 00000001)
[    0.000000] ACPI: DSDT 0x000000001FFE0040 001B19 (v01 BOCHS  BXPC     00000001 BXPC 00000001)
[    0.000000] ACPI: FACS 0x000000001FFE0000 000040
[    0.000000] ACPI: APIC 0x000000001FFE1BCD 000080 (v03 BOCHS  BXPC     00000001 BXPC 00000001)
[    0.000000] ACPI: HPET 0x000000001FFE1C4D 000038 (v01 BOCHS  BXPC     00000001 BXPC 00000001)
[    0.000000] ACPI: WAET 0x000000001FFE1C85 000028 (v01 BOCHS  BXPC     00000001 BXPC 00000001)
[    0.000000] ACPI: Reserving FACP table memory at [mem 0x1ffe1b59-0x1ffe1bcc]
[    0.000000] ACPI: Reserving DSDT table memory at [mem 0x1ffe0040-0x1ffe1b58]
[    0.000000] ACPI: Reserving FACS table memory at [mem 0x1ffe0000-0x1ffe003f]
[    0.000000] ACPI: Reserving APIC table memory at [mem 0x1ffe1bcd-0x1ffe1c4c]
[    0.000000] ACPI: Reserving HPET table memory at [mem 0x1ffe1c4d-0x1ffe1c84]
[    0.000000] ACPI: Reserving WAET table memory at [mem 0x1ffe1c85-0x1ffe1cac]
[    0.000000] No NUMA configuration found
[    0.000000] Faking a node at [mem 0x0000000000000000-0x000000001ffdffff]
[    0.000000] NODE_DATA(0) allocated [mem 0x1fe7a680-0x1fe7dfff]
[    0.000000] ACPI: PM-Timer IO Port: 0x608
[    0.000000] ACPI: LAPIC_NMI (acpi_id[0xff] dfl dfl lint[0x1])
[    0.000000] IOAPIC[0]: apic_id 0, version 32, address 0xfec00000, GSI 0-23
[    0.000000] ACPI: INT_SRC_OVR (bus 0 bus_irq 0 global_irq 2 dfl dfl)
[    0.000000] ACPI: INT_SRC_OVR (bus 0 bus_irq 5 global_irq 5 high level)
[    0.000000] ACPI: INT_SRC_OVR (bus 0 bus_irq 9 global_irq 9 high level)
[    0.000000] ACPI: INT_SRC_OVR (bus 0 bus_irq 10 global_irq 10 high level)
[    0.000000] ACPI: INT_SRC_OVR (bus 0 bus_irq 11 global_irq 11 high level)
[    0.000000] ACPI: Using ACPI (MADT) for SMP configuration information
[    0.000000] ACPI: HPET id: 0x8086a201 base: 0xfed00000
[    0.000000] CPU topo: Max. logical packages:   1
[    0.000000] CPU topo: Max. logical nodes:      1
[    0.000000] CPU topo: Num. nodes per package:  1
[    0.000000] CPU topo: Max. logical dies:       1
[    0.000000] CPU topo: Max. dies per package:   1
[    0.000000] CPU topo: Max. threads per core:   1
[    0.000000] CPU topo: Num. cores per package:     2
[    0.000000] CPU topo: Num. threads per package:   2
[    0.000000] CPU topo: Allowing 2 present CPUs plus 0 hotplug CPUs
[    0.000000] PM: hibernation: Registered nosave memory: [mem 0x00000000-0x00000fff]
[    0.000000] PM: hibernation: Registered nosave memory: [mem 0x0009f000-0x000fffff]
[    0.000000] [gap 0x20000000-0xfffbffff] available for PCI devices
[    0.000000] Booting paravirtualized kernel on bare hardware
[    0.000000] clocksource: refined-jiffies: mask: 0xffffffff max_cycles: 0xffffffff, max_idle_ns: 1910969940391419 ns
[    0.000000] Zone ranges:
[    0.000000]   DMA      [mem 0x0000000000001000-0x0000000000ffffff]
[    0.000000]   DMA32    [mem 0x0000000001000000-0x000000001ffdffff]
[    0.000000]   Normal   empty
[    0.000000] Movable zone start for each node
[    0.000000] Early memory node ranges
[    0.000000]   node   0: [mem 0x0000000000001000-0x000000000009efff]
[    0.000000]   node   0: [mem 0x0000000000100000-0x000000001ffdffff]
[    0.000000] Initmem setup node 0 [mem 0x0000000000001000-0x000000001ffdffff]
[    0.000000] On node 0, zone DMA: 1 pages in unavailable ranges
[    0.000000] On node 0, zone DMA: 97 pages in unavailable ranges
[    0.000000] On node 0, zone DMA32: 32 pages in unavailable ranges
[    0.000000] setup_percpu: NR_CPUS:64 nr_cpumask_bits:2 nr_cpu_ids:2 nr_node_ids:1
[    0.000000] percpu: Embedded 52 pages/cpu s175704 r8192 d29096 u1048576
[    0.000000] Kernel command line: console=ttyS0 rdinit=/init
[    0.000000] printk: log buffer data + meta data: 262144 + 917504 = 1179648 bytes
[    0.000000] Dentry cache hash table entries: 65536 (order: 7, 524288 bytes, linear)
[    0.000000] Inode-cache hash table entries: 32768 (order: 6, 262144 bytes, linear)
[    0.000000] Fallback order for Node 0: 0
[    0.000000] Built 1 zonelists, mobility grouping on.  Total pages: 130942
[    0.000000] Policy zone: DMA32
[    0.000000] mem auto-init: stack:all(zero), heap alloc:off, heap free:off
[    0.000000] SLUB: HWalign=64, Order=0-3, MinObjects=0, CPUs=2, Nodes=1
[    0.000000] Dynamic Preempt: lazy
[    0.000000] rcu: Preemptible hierarchical RCU implementation.
[    0.000000] rcu: 	RCU event tracing is enabled.
[    0.000000] rcu: 	RCU restricting CPUs from NR_CPUS=64 to nr_cpu_ids=2.
[    0.000000] 	Trampoline variant of Tasks RCU enabled.
[    0.000000] 	Tracing variant of Tasks RCU enabled.
[    0.000000] rcu: RCU calculated value of scheduler-enlistment delay is 100 jiffies.
[    0.000000] rcu: Adjusting geometry for rcu_fanout_leaf=16, nr_cpu_ids=2
[    0.000000] RCU Tasks: Setting shift to 1 and lim to 1 rcu_task_cb_adjust=1 rcu_task_cpu_ids=2.
[    0.000000] NR_IRQS: 4352, nr_irqs: 440, preallocated irqs: 16
[    0.000000] rcu: srcu_init: Setting srcu_struct sizes based on contention.
[    0.000000] clocksource: jiffies: mask: 0xffffffff max_cycles: 0xffffffff, max_idle_ns: 1911260446275000 ns
[    0.000000] Console: colour VGA+ 80x25
[    0.000000] printk: legacy console [ttyS0] enabled
[    0.000000] ACPI: Core revision 20260408
[    0.000000] clocksource: hpet: mask: 0xffffffff max_cycles: 0xffffffff, max_idle_ns: 19112604467 ns
[    0.003000] APIC: Switch to symmetric I/O mode setup
[    0.007000] ..TIMER: vector=0x30 apic1=0 pin1=2 apic2=-1 pin2=-1
[    0.015000] tsc: Unable to calibrate against PIT
[    0.015000] tsc: using HPET reference calibration
[    0.016000] tsc: Detected 2096.555 MHz processor
[    0.000591] clocksource: tsc-early: mask: 0xffffffffffffffff max_cycles: 0x1e387a3400a, max_idle_ns: 440795266806 ns
[    0.001465] Calibrating delay loop (skipped), value calculated using timer frequency.. 4193.11 BogoMIPS (lpj=2096555)
[    0.005987] Last level iTLB entries: 4KB 512, 2MB 255, 4MB 127
[    0.006120] Last level dTLB entries: 4KB 512, 2MB 255, 4MB 127, 1GB 0
[    0.006511] mitigations: Enabled attack vectors: user_kernel, user_user, SMT mitigations: auto
[    0.007023] Spectre V2 : Mitigation: Retpolines
[    0.007286] Spectre V1 : Mitigation: usercopy/swapgs barriers and __user pointer sanitization
[    0.007502] Spectre V2 : Spectre v2 / SpectreRSB: Filling RSB on context switch and VMEXIT
[    0.010520] x86/fpu: x87 FPU will use FXSAVE
[    0.171113] pid_max: default: 32768 minimum: 301
[    0.183095] SELinux:  Initializing.
[    0.191050] Mount-cache hash table entries: 1024 (order: 1, 8192 bytes, linear)
[    0.191395] Mountpoint-cache hash table entries: 1024 (order: 1, 8192 bytes, linear)
[    0.202284] VFS: Finished mounting rootfs on nullfs
[    0.334154] smpboot: CPU0: AMD QEMU Virtual CPU version 2.5+ (family: 0xf, model: 0x6b, stepping: 0x1)
[    0.347976] Performance Events: PMU not available due to virtualization, using software events only.
[    0.350783] signal: max sigframe size: 1440
[    0.352831] rcu: Hierarchical SRCU implementation.
[    0.353045] rcu: 	Max phase no-delay instances is 400.
[    0.355511] Timer migration: 1 hierarchy levels; 8 children per group; 1 crossnode level
[    0.361454] smp: Bringing up secondary CPUs ...
[    0.372370] smpboot: x86: Booting SMP configuration:
[    0.372588] .... node  #0, CPUs:      #1
[    0.453775] smp: Brought up 1 node, 2 CPUs
[    0.454416] smpboot: Total of 2 processors activated (8398.73 BogoMIPS)
[    0.466597] Memory: 466996K/523768K available (19358K kernel code, 3000K rwdata, 8044K rodata, 2984K init, 884K bss, 53232K reserved, 0K cma-reserved)
[    0.477782] devtmpfs: initialized
[    0.490674] posixtimers hash table entries: 1024 (order: 2, 16384 bytes, linear)
[    0.491402] futex hash table entries: 512 (32768 bytes on 1 NUMA nodes, total 32 KiB, linear).
[    0.496764] PM: RTC time: 16:45:32, date: 2026-08-15
[    0.503154] NET: Registered PF_NETLINK/PF_ROUTE protocol family
[    0.506913] audit: initializing netlink subsys (disabled)
[    0.510776] audit: type=2000 audit(1786812332.526:1): state=initialized audit_enabled=0 res=1
[    0.516382] thermal_sys: Registered thermal governor 'step_wise'
[    0.517294] cpuidle: using governor menu
[    0.520047] Freeing SMP alternatives memory: 56K
[    0.523563] PCI: Using configuration type 1 for base access
[    0.524187] mtrr: your CPUs had inconsistent fixed MTRR settings
[    0.524302] mtrr: your CPUs had inconsistent variable MTRR settings
[    0.524397] mtrr: your CPUs had inconsistent MTRRdefType settings
[    0.524480] mtrr: probably your BIOS does not setup all CPUs.
[    0.524607] mtrr: corrected configuration.
[    0.527763] kprobes: kprobe jump-optimization is enabled. All kprobes are optimized if possible.
[    0.532035] HugeTLB: registered 2.00 MiB page size, pre-allocated 0 pages
[    0.532205] HugeTLB: 28 KiB vmemmap can be freed for a 2.00 MiB page
[    0.538762] ACPI: Added _OSI(Module Device)
[    0.538907] ACPI: Added _OSI(Processor Device)
[    0.539004] ACPI: Added _OSI(Processor Aggregator Device)
[    0.561403] ACPI: 1 ACPI AML tables successfully acquired and loaded
[    0.583356] ACPI: \_SB_: platform _OSC: OS support mask [002a7eee]
[    0.589100] ACPI: Interpreter enabled
[    0.590554] ACPI: PM: (supports S0 S3 S4 S5)
[    0.590767] ACPI: Using IOAPIC for interrupt routing
[    0.591414] PCI: Using host bridge windows from ACPI; if necessary, use "pci=nocrs" and report a bug
[    0.591569] PCI: Using E820 reservations for host bridge windows
[    0.594553] ACPI: Enabled 2 GPEs in block 00 to 0F
[    0.639335] ACPI: PCI Root Bridge [PCI0] (domain 0000 [bus 00-ff])
[    0.640663] acpi PNP0A03:00: _OSC: OS supports [ASPM ClockPM Segments MSI HPX-Type3]
[    0.640965] acpi PNP0A03:00: _OSC: not requesting OS control; OS requires [ExtendedConfig ASPM ClockPM MSI]
[    0.641626] acpi PNP0A03:00: _OSC: platform retains control of PCIe features (AE_ERROR)
[    0.642640] acpi PNP0A03:00: fail to add MMCONFIG information, can't access extended configuration space under this bridge
[    0.646799] PCI host bridge to bus 0000:00
[    0.647290] pci_bus 0000:00: root bus resource [io  0x0000-0x0cf7 window]
[    0.647532] pci_bus 0000:00: root bus resource [io  0x0d00-0xffff window]
[    0.647702] pci_bus 0000:00: root bus resource [mem 0x000a0000-0x000bffff window]
[    0.647861] pci_bus 0000:00: root bus resource [mem 0x20000000-0xfebfffff window]
[    0.648014] pci_bus 0000:00: root bus resource [mem 0x100000000-0x17fffffff window]
[    0.648292] pci_bus 0000:00: root bus resource [bus 00-ff]
[    0.650062] pci 0000:00:00.0: [8086:1237] type 00 class 0x060000 conventional PCI endpoint
[    0.655312] pci 0000:00:01.0: [8086:7000] type 00 class 0x060100 conventional PCI endpoint
[    0.656174] pci 0000:00:01.1: [8086:7010] type 00 class 0x010180 conventional PCI endpoint
[    0.657147] pci 0000:00:01.1: BAR 4 [io  0xc040-0xc04f]
[    0.657341] pci 0000:00:01.1: BAR 0 [io  0x01f0-0x01f7]: legacy IDE quirk
[    0.657457] pci 0000:00:01.1: BAR 1 [io  0x03f6]: legacy IDE quirk
[    0.657662] pci 0000:00:01.1: BAR 2 [io  0x0170-0x0177]: legacy IDE quirk
[    0.657773] pci 0000:00:01.1: BAR 3 [io  0x0376]: legacy IDE quirk
[    0.658899] pci 0000:00:01.3: [8086:7113] type 00 class 0x068000 conventional PCI endpoint
[    0.659507] pci 0000:00:01.3: quirk: [io  0x0600-0x063f] claimed by PIIX4 ACPI
[    0.659741] pci 0000:00:01.3: quirk: [io  0x0700-0x070f] claimed by PIIX4 SMB
[    0.660577] pci 0000:00:02.0: [1234:1111] type 00 class 0x030000 conventional PCI endpoint
[    0.661581] pci 0000:00:02.0: BAR 0 [mem 0xfd000000-0xfdffffff pref]
[    0.661805] pci 0000:00:02.0: BAR 2 [mem 0xfebb0000-0xfebb0fff]
[    0.661898] pci 0000:00:02.0: ROM [mem 0xfeba0000-0xfebaffff pref]
[    0.662482] pci 0000:00:02.0: Video device with shadowed ROM at [mem 0x000c0000-0x000dffff]
[    0.663487] pci 0000:00:03.0: [8086:100e] type 00 class 0x020000 conventional PCI endpoint
[    0.664154] pci 0000:00:03.0: BAR 0 [mem 0xfeb80000-0xfeb9ffff]
[    0.665178] pci 0000:00:03.0: BAR 1 [io  0xc000-0xc03f]
[    0.665274] pci 0000:00:03.0: ROM [mem 0xfeb00000-0xfeb7ffff pref]
[    0.679624] ACPI: PCI: Interrupt link LNKA configured for IRQ 10
[    0.680662] ACPI: PCI: Interrupt link LNKB configured for IRQ 10
[    0.681442] ACPI: PCI: Interrupt link LNKC configured for IRQ 11
[    0.682197] ACPI: PCI: Interrupt link LNKD configured for IRQ 11
[    0.682553] ACPI: PCI: Interrupt link LNKS configured for IRQ 9
[    0.687471] iommu: Default domain type: Translated
[    0.687672] iommu: DMA domain TLB invalidation policy: lazy mode
[    0.692212] SCSI subsystem initialized
[    0.694591] ACPI: bus type USB registered
[    0.695033] usbcore: registered new interface driver usbfs
[    0.695641] usbcore: registered new interface driver hub
[    0.695917] usbcore: registered new device driver usb
[    0.697129] pps_core: LinuxPPS API ver. 1 registered
[    0.697273] pps_core: Software ver. 5.3.6 - Copyright 2005-2007 Rodolfo Giometti <giometti@linux.it>
[    0.697482] PTP clock support registered
[    0.700601] Advanced Linux Sound Architecture Driver Initialized.
[    0.712085] NetLabel: Initializing
[    0.712182] NetLabel:  domain hash size = 128
[    0.712258] NetLabel:  protocols = UNLABELED CIPSOv4 CALIPSO
[    0.713104] NetLabel:  unlabeled traffic allowed by default
[    0.718813] PCI: Using ACPI for IRQ routing
[    0.719649] e820: register RAM buffer resource [mem 0x0009fc00-0x0009ffff]
[    0.719995] e820: register RAM buffer resource [mem 0x1ffe0000-0x1fffffff]
[    0.722154] pci 0000:00:02.0: vgaarb: setting as boot VGA device
[    0.722154] pci 0000:00:02.0: vgaarb: bridge control possible
[    0.722154] pci 0000:00:02.0: vgaarb: VGA device added: decodes=io+mem,owns=io+mem,locks=none
[    0.722196] vgaarb: loaded
[    0.724741] hpet: 3 channels of 0 reserved for per-cpu timers
[    0.725242] hpet0: at MMIO 0xfed00000, IRQs 2, 8, 0
[    0.725425] hpet0: 3 comparators, 64-bit 100.000000 MHz counter
[    0.730762] clocksource: Switched to clocksource tsc-early
[    0.733050] VFS: Disk quotas dquot_6.6.0
[    0.733267] VFS: Dquot-cache hash table entries: 512 (4096 bytes)
[    0.737096] pnp: PnP ACPI init
[    0.742308] pnp: PnP ACPI: found 5 devices
[    0.774019] clocksource: acpi_pm: mask: 0xffffff max_cycles: 0xffffff, max_idle_ns: 2085701024 ns
[    0.775203] NET: Registered PF_INET protocol family
[    0.776697] IP idents hash table entries: 8192 (order: 4, 65536 bytes, linear)
[    0.784392] tcp_listen_portaddr_hash hash table entries: 256 (order: 0, 4096 bytes, linear)
[    0.784639] Table-perturb hash table entries: 65536 (order: 6, 262144 bytes, linear)
[    0.784861] TCP established hash table entries: 4096 (order: 3, 32768 bytes, linear)
[    0.785178] TCP bind hash table entries: 4096 (order: 5, 131072 bytes, linear)
[    0.785503] TCP: Hash tables configured (established 4096 bind 4096)
[    0.786464] UDP hash table entries: 256 (order: 2, 16384 bytes, linear)
[    0.788943] NET: Registered PF_UNIX/PF_LOCAL protocol family
[    0.792602] RPC: Registered named UNIX socket transport module.
[    0.792794] RPC: Registered udp transport module.
[    0.792869] RPC: Registered tcp transport module.
[    0.792936] RPC: Registered tcp-with-tls transport module.
[    0.793023] RPC: Registered tcp NFSv4.1 backchannel transport module.
[    0.797125] pci_bus 0000:00: resource 4 [io  0x0000-0x0cf7 window]
[    0.797262] pci_bus 0000:00: resource 5 [io  0x0d00-0xffff window]
[    0.797489] pci_bus 0000:00: resource 6 [mem 0x000a0000-0x000bffff window]
[    0.797587] pci_bus 0000:00: resource 7 [mem 0x20000000-0xfebfffff window]
[    0.797678] pci_bus 0000:00: resource 8 [mem 0x100000000-0x17fffffff window]
[    0.798509] pci 0000:00:01.0: PIIX3: Enabling Passive Release
[    0.798693] pci 0000:00:00.0: Limiting direct PCI/PCI transfers
[    0.799137] PCI: CLS 0 bytes, default 64
[    0.809085] Unpacking initramfs...
[    0.817252] Initialise system trusted keyrings
[    0.822753] workingset: timestamp_bits=56 (anon: 51) max_order=17 bucket_order=0 (anon: 0)
[    0.837125] NFS: Registering the id_resolver key type
[    0.837616] Key type id_resolver registered
[    0.837716] Key type id_legacy registered
[    0.837883] nfs4filelayout_init: NFSv4 File Layout Driver Registering...
[    0.838231] nfs4flexfilelayout_init: NFSv4 Flexfile Layout Driver Registering...
[    0.842492] 9p: Installing v9fs 9p2000 file system support
[    0.855902] Key type asymmetric registered
[    0.856128] Asymmetric key parser 'x509' registered
[    0.856548] Block layer SCSI generic (bsg) driver version 0.4 loaded (major 251)
[    0.859223] io scheduler mq-deadline registered
[    0.859398] io scheduler kyber registered
[    0.867328] input: Power Button as /devices/platform/LNXPWRBN:00/input/input0
[    0.868696] ACPI: button: Power Button [PWRF]
[    0.885016] Serial: 8250/16550 driver, 4 ports, IRQ sharing enabled
[    0.894099] 00:04: ttyS0 at I/O 0x3f8 (irq = 4, base_baud = 115200) is a 16550A
[    0.905131] Freeing initrd memory: 1416K
[    0.912297] Non-volatile memory driver v1.3
[    0.914710] ACPI: bus type drm_connector registered
[    0.937191] loop: module loaded
[    0.950196] scsi host0: ata_piix
[    0.952375] scsi host1: ata_piix
[    0.953091] ata1: PATA max MWDMA2 cmd 0x1f0 ctl 0x3f6 bmdma 0xc040 irq 14 lpm-pol 0
[    0.953243] ata2: PATA max MWDMA2 cmd 0x170 ctl 0x376 bmdma 0xc048 irq 15 lpm-pol 0
[    0.955581] e100: Intel(R) PRO/100 Network Driver
[    0.955710] e100: Copyright(c) 1999-2006 Intel Corporation
[    0.955948] e1000: Intel(R) PRO/1000 Network Driver
[    0.956026] e1000: Copyright (c) 1999-2006 Intel Corporation.
[    1.121795] ata2: found unknown device (class 0)
[    1.135252] ata2.00: ATAPI: QEMU DVD-ROM, 2.5+, max UDMA/100
[    1.158757] ACPI: \_SB_.LNKC: Enabled at IRQ 11
[    1.160335] scsi 1:0:0:0: CD-ROM            QEMU     QEMU DVD-ROM     2.5+ PQ: 0 ANSI: 5
[    1.191325] sr 1:0:0:0: [sr0] scsi3-mmc drive: 4x/4x cd/rw xa/form2 tray
[    1.207312] cdrom: Uniform CD-ROM driver Revision: 3.20
[    1.228605] sr 1:0:0:0: Attached scsi generic sg0 type 5
[    1.468888] e1000 0000:00:03.0 eth0: (PCI:33MHz:32-bit) 52:54:00:12:34:56
[    1.469682] e1000 0000:00:03.0 eth0: Intel(R) PRO/1000 Network Connection
[    1.470371] e1000e: Intel(R) PRO/1000 Network Driver
[    1.470526] e1000e: Copyright(c) 1999 - 2015 Intel Corporation.
[    1.471339] sky2: driver version 1.30
[    1.474698] usbcore: registered new interface driver usblp
[    1.474980] usbcore: registered new interface driver usb-storage
[    1.476059] i8042: PNP: PS/2 Controller [PNP0303:KBD,PNP0f13:MOU] at 0x60,0x64 irq 1,12
[    1.480353] serio: i8042 KBD port at 0x60,0x64 irq 1
[    1.480738] serio: i8042 AUX port at 0x60,0x64 irq 12
[    1.485661] rtc_cmos PNP0B00:00: RTC can wake from S4
[    1.491118] input: AT Translated Set 2 keyboard as /devices/platform/i8042/serio0/input/input1
[    1.494610] rtc_cmos PNP0B00:00: registered as rtc0
[    1.496588] rtc_cmos PNP0B00:00: alarms up to one day, y3k, 242 bytes nvram, hpet irqs
[    1.498662] device-mapper: ioctl: 4.50.0-ioctl (2025-04-28) initialised: dm-devel@lists.linux.dev
[    1.499401] hid: raw HID events driver (C) Jiri Kosina
[    1.502453] usbcore: registered new interface driver usbhid
[    1.502597] usbhid: USB HID core driver
[    1.510913] nf_conntrack_irc: The irc conntrack helper is scheduled for removal.
[    1.510913] Please contact the netfilter-devel mailing list if you still need this.
[    1.512938] Initializing XFRM netlink socket
[    1.513855] NET: Registered PF_INET6 protocol family
[    1.526630] Segment Routing with IPv6
[    1.526976] In-situ OAM (IOAM) with IPv6
[    1.528210] NET: Registered PF_PACKET protocol family
[    1.530371] 9pnet: Installing 9P2000 support
[    1.530737] Key type dns_resolver registered
[    1.534682] IPI shorthand broadcast: enabled
[    1.570817] sched_clock: Marking stable (1586076298, -15845380)->(1582045599, -11814681)
[    1.574687] registered taskstats version 1
[    1.574835] Loading compiled-in X.509 certificates
[    1.590612] Demotion targets for Node 0: null
[    1.594842] PM:   Magic number: 6:74:793
[    1.596623] netconsole: network logging started
[    1.597901] cfg80211: Loading compiled-in X.509 certificates for regulatory database
[    1.611522] kworker/u8:5 (60) used greatest stack depth: 14344 bytes left
[    1.622720] Loaded X.509 cert 'sforshee: 00b28ddf47aef9cea7'
[    1.623688] Loaded X.509 cert 'wens: 61c038651aabdcf94bd0ac7ff06c7248db18c600'
[    1.626584] ALSA device list:
[    1.626737]   No soundcards found.
[    1.628544] faux_driver regulatory: Direct firmware load for regulatory.db failed with error -2
[    1.628928] cfg80211: failed to load regulatory.db
[    1.739357] Freeing unused kernel image (initmem) memory: 2984K
[    1.739886] Write protecting the kernel read-only data: 28672k
[    1.742932] Freeing unused kernel image (text/rodata gap) memory: 1120K
[    1.743571] Freeing unused kernel image (rodata/data gap) memory: 148K
[    1.809444] tsc: Refined TSC clocksource calibration: 2100.000 MHz
[    1.810091] clocksource: tsc: mask: 0xffffffffffffffff max_cycles: 0x1e4530a99b6, max_idle_ns: 440795257976 ns
[    1.812626] clocksource: Switched to clocksource tsc
[    1.878465] x86/mm: Checked W+X mappings: passed, no W+X pages found.
[    1.878888] Run /init as init process
[    1.955561] input: ImExPS/2 Generic Explorer Mouse as /devices/platform/i8042/serio1/input/input3
[    1.989199] busybox (63) used greatest stack depth: 13784 bytes left
FAISAL_M67_BOOT_OK
M67_DOMAIN_CREATE_OK id=1
M67_DOMAIN_QUERY_OK
M67_STALE_DOMAIN_CAPABILITY_REJECT_OK
M67_NOHZ_BOUNDARY_OK
M67_DOMAIN_RELEASE_OK
M67_SELFTEST_EXIT=0
FAISAL_M67_TEST_RC=0
[    2.254359] ACPI: PM: Preparing to enter system sleep state S5
[    2.255756] reboot: Power down
QEMU_RC=0
FAISAL_M67_SELFTEST_EXIT=0
REGRESSION_SCRIPT_RC=0

=== tools/faisal-build/run_heterogeneous_context_qemu.sh ===
c[?7l[2J[0mSeaBIOS (version 1.16.3-debian-1.16.3-2)


iPXE (https://ipxe.org) 00:03.0 CA00 PCI2.10 PnP PMM+1EFCAE00+1EF0AE00 CA00
Press Ctrl-B to configure iPXE (PCI 00:03.0)...


Booting from ROM..c[?7l[2J[    0.000000] Linux version 7.2.0-rc7-g03d7a0afa3e6-dirty (ubuntu@db71298c03d4) (gcc (Ubuntu 13.3.0-6ubuntu2~24.04.1) 13.3.0, GNU ld (GNU Binutils for Ubuntu) 2.42) #13 SMP PREEMPT_DYNAMIC Sat Aug 15 16:00:59 UTC 2026
[    0.000000] Command line: console=ttyS0 rdinit=/init
[    0.000000] BIOS-provided physical RAM map:
[    0.000000] BIOS-e820: [mem 0x0000000000000000-0x000000000009fbff]  System RAM
[    0.000000] BIOS-e820: [mem 0x000000000009fc00-0x000000000009ffff]  device reserved
[    0.000000] BIOS-e820: [gap 0x00000000000a0000-0x00000000000effff]
[    0.000000] BIOS-e820: [mem 0x00000000000f0000-0x00000000000fffff]  device reserved
[    0.000000] BIOS-e820: [mem 0x0000000000100000-0x000000001ffdffff]  System RAM
[    0.000000] BIOS-e820: [mem 0x000000001ffe0000-0x000000001fffffff]  device reserved
[    0.000000] BIOS-e820: [gap 0x0000000020000000-0x00000000fffbffff]
[    0.000000] BIOS-e820: [mem 0x00000000fffc0000-0x00000000ffffffff]  device reserved
[    0.000000] BIOS-e820: [gap 0x0000000100000000-0x000000fcffffffff]
[    0.000000] BIOS-e820: [mem 0x000000fd00000000-0x000000ffffffffff]  device reserved
[    0.000000] NX (Execute Disable) protection: active
[    0.000000] APIC: Static calls initialized
[    0.000000] DMI: SMBIOS 3.0.0 present.
[    0.000000] DMI: QEMU Standard PC (i440FX + PIIX, 1996), BIOS 1.16.3-debian-1.16.3-2 04/01/2014
[    0.000000] DMI: Memory slots populated: 1/1
[    0.000000] last_pfn = 0x1ffe0 max_arch_pfn = 0x400000000
[    0.000000] MTRR map: 4 entries (3 fixed + 1 variable; max 19), built from 8 variable MTRRs
[    0.000000] x86/PAT: Configuration [0-7]: WB  WC  UC- UC  WB  WP  UC- WT
[    0.000000] found SMP MP-table at [mem 0x000f5480-0x000f548f]
[    0.000000] RAMDISK: [mem 0x1fe7e000-0x1ffdffff]
[    0.000000] ACPI: Early table checksum verification disabled
[    0.000000] ACPI: RSDP 0x00000000000F52B0 000014 (v00 BOCHS )
[    0.000000] ACPI: RSDT 0x000000001FFE1CAD 000034 (v01 BOCHS  BXPC     00000001 BXPC 00000001)
[    0.000000] ACPI: FACP 0x000000001FFE1B59 000074 (v01 BOCHS  BXPC     00000001 BXPC 00000001)
[    0.000000] ACPI: DSDT 0x000000001FFE0040 001B19 (v01 BOCHS  BXPC     00000001 BXPC 00000001)
[    0.000000] ACPI: FACS 0x000000001FFE0000 000040
[    0.000000] ACPI: APIC 0x000000001FFE1BCD 000080 (v03 BOCHS  BXPC     00000001 BXPC 00000001)
[    0.000000] ACPI: HPET 0x000000001FFE1C4D 000038 (v01 BOCHS  BXPC     00000001 BXPC 00000001)
[    0.000000] ACPI: WAET 0x000000001FFE1C85 000028 (v01 BOCHS  BXPC     00000001 BXPC 00000001)
[    0.000000] ACPI: Reserving FACP table memory at [mem 0x1ffe1b59-0x1ffe1bcc]
[    0.000000] ACPI: Reserving DSDT table memory at [mem 0x1ffe0040-0x1ffe1b58]
[    0.000000] ACPI: Reserving FACS table memory at [mem 0x1ffe0000-0x1ffe003f]
[    0.000000] ACPI: Reserving APIC table memory at [mem 0x1ffe1bcd-0x1ffe1c4c]
[    0.000000] ACPI: Reserving HPET table memory at [mem 0x1ffe1c4d-0x1ffe1c84]
[    0.000000] ACPI: Reserving WAET table memory at [mem 0x1ffe1c85-0x1ffe1cac]
[    0.000000] No NUMA configuration found
[    0.000000] Faking a node at [mem 0x0000000000000000-0x000000001ffdffff]
[    0.000000] NODE_DATA(0) allocated [mem 0x1fe7a680-0x1fe7dfff]
[    0.000000] ACPI: PM-Timer IO Port: 0x608
[    0.000000] ACPI: LAPIC_NMI (acpi_id[0xff] dfl dfl lint[0x1])
[    0.000000] IOAPIC[0]: apic_id 0, version 32, address 0xfec00000, GSI 0-23
[    0.000000] ACPI: INT_SRC_OVR (bus 0 bus_irq 0 global_irq 2 dfl dfl)
[    0.000000] ACPI: INT_SRC_OVR (bus 0 bus_irq 5 global_irq 5 high level)
[    0.000000] ACPI: INT_SRC_OVR (bus 0 bus_irq 9 global_irq 9 high level)
[    0.000000] ACPI: INT_SRC_OVR (bus 0 bus_irq 10 global_irq 10 high level)
[    0.000000] ACPI: INT_SRC_OVR (bus 0 bus_irq 11 global_irq 11 high level)
[    0.000000] ACPI: Using ACPI (MADT) for SMP configuration information
[    0.000000] ACPI: HPET id: 0x8086a201 base: 0xfed00000
[    0.000000] CPU topo: Max. logical packages:   1
[    0.000000] CPU topo: Max. logical nodes:      1
[    0.000000] CPU topo: Num. nodes per package:  1
[    0.000000] CPU topo: Max. logical dies:       1
[    0.000000] CPU topo: Max. dies per package:   1
[    0.000000] CPU topo: Max. threads per core:   1
[    0.000000] CPU topo: Num. cores per package:     2
[    0.000000] CPU topo: Num. threads per package:   2
[    0.000000] CPU topo: Allowing 2 present CPUs plus 0 hotplug CPUs
[    0.000000] PM: hibernation: Registered nosave memory: [mem 0x00000000-0x00000fff]
[    0.000000] PM: hibernation: Registered nosave memory: [mem 0x0009f000-0x000fffff]
[    0.000000] [gap 0x20000000-0xfffbffff] available for PCI devices
[    0.000000] Booting paravirtualized kernel on bare hardware
[    0.000000] clocksource: refined-jiffies: mask: 0xffffffff max_cycles: 0xffffffff, max_idle_ns: 1910969940391419 ns
[    0.000000] Zone ranges:
[    0.000000]   DMA      [mem 0x0000000000001000-0x0000000000ffffff]
[    0.000000]   DMA32    [mem 0x0000000001000000-0x000000001ffdffff]
[    0.000000]   Normal   empty
[    0.000000] Movable zone start for each node
[    0.000000] Early memory node ranges
[    0.000000]   node   0: [mem 0x0000000000001000-0x000000000009efff]
[    0.000000]   node   0: [mem 0x0000000000100000-0x000000001ffdffff]
[    0.000000] Initmem setup node 0 [mem 0x0000000000001000-0x000000001ffdffff]
[    0.000000] On node 0, zone DMA: 1 pages in unavailable ranges
[    0.000000] On node 0, zone DMA: 97 pages in unavailable ranges
[    0.000000] On node 0, zone DMA32: 32 pages in unavailable ranges
[    0.000000] setup_percpu: NR_CPUS:64 nr_cpumask_bits:2 nr_cpu_ids:2 nr_node_ids:1
[    0.000000] percpu: Embedded 52 pages/cpu s175704 r8192 d29096 u1048576
[    0.000000] Kernel command line: console=ttyS0 rdinit=/init
[    0.000000] printk: log buffer data + meta data: 262144 + 917504 = 1179648 bytes
[    0.000000] Dentry cache hash table entries: 65536 (order: 7, 524288 bytes, linear)
[    0.000000] Inode-cache hash table entries: 32768 (order: 6, 262144 bytes, linear)
[    0.000000] Fallback order for Node 0: 0
[    0.000000] Built 1 zonelists, mobility grouping on.  Total pages: 130942
[    0.000000] Policy zone: DMA32
[    0.000000] mem auto-init: stack:all(zero), heap alloc:off, heap free:off
[    0.000000] SLUB: HWalign=64, Order=0-3, MinObjects=0, CPUs=2, Nodes=1
[    0.000000] Dynamic Preempt: lazy
[    0.000000] rcu: Preemptible hierarchical RCU implementation.
[    0.000000] rcu: 	RCU event tracing is enabled.
[    0.000000] rcu: 	RCU restricting CPUs from NR_CPUS=64 to nr_cpu_ids=2.
[    0.000000] 	Trampoline variant of Tasks RCU enabled.
[    0.000000] 	Tracing variant of Tasks RCU enabled.
[    0.000000] rcu: RCU calculated value of scheduler-enlistment delay is 100 jiffies.
[    0.000000] rcu: Adjusting geometry for rcu_fanout_leaf=16, nr_cpu_ids=2
[    0.000000] RCU Tasks: Setting shift to 1 and lim to 1 rcu_task_cb_adjust=1 rcu_task_cpu_ids=2.
[    0.000000] NR_IRQS: 4352, nr_irqs: 440, preallocated irqs: 16
[    0.000000] rcu: srcu_init: Setting srcu_struct sizes based on contention.
[    0.000000] clocksource: jiffies: mask: 0xffffffff max_cycles: 0xffffffff, max_idle_ns: 1911260446275000 ns
[    0.000000] Console: colour VGA+ 80x25
[    0.000000] printk: legacy console [ttyS0] enabled
[    0.000000] ACPI: Core revision 20260408
[    0.000000] clocksource: hpet: mask: 0xffffffff max_cycles: 0xffffffff, max_idle_ns: 19112604467 ns
[    0.000000] APIC: Switch to symmetric I/O mode setup
[    0.008000] ..TIMER: vector=0x30 apic1=0 pin1=2 apic2=-1 pin2=-1
[    0.016000] tsc: Unable to calibrate against PIT
[    0.017000] tsc: using HPET reference calibration
[    0.017000] tsc: Detected 2096.858 MHz processor
[    0.000603] clocksource: tsc-early: mask: 0xffffffffffffffff max_cycles: 0x1e399850aac, max_idle_ns: 440795248970 ns
[    0.001278] Calibrating delay loop (skipped), value calculated using timer frequency.. 4193.71 BogoMIPS (lpj=2096858)
[    0.005693] Last level iTLB entries: 4KB 512, 2MB 255, 4MB 127
[    0.005828] Last level dTLB entries: 4KB 512, 2MB 255, 4MB 127, 1GB 0
[    0.006208] mitigations: Enabled attack vectors: user_kernel, user_user, SMT mitigations: auto
[    0.006706] Spectre V2 : Mitigation: Retpolines
[    0.006920] Spectre V1 : Mitigation: usercopy/swapgs barriers and __user pointer sanitization
[    0.007133] Spectre V2 : Spectre v2 / SpectreRSB: Filling RSB on context switch and VMEXIT
[    0.010583] x86/fpu: x87 FPU will use FXSAVE
[    0.175261] pid_max: default: 32768 minimum: 301
[    0.186370] SELinux:  Initializing.
[    0.195602] Mount-cache hash table entries: 1024 (order: 1, 8192 bytes, linear)
[    0.196018] Mountpoint-cache hash table entries: 1024 (order: 1, 8192 bytes, linear)
[    0.206467] VFS: Finished mounting rootfs on nullfs
[    0.340004] smpboot: CPU0: AMD QEMU Virtual CPU version 2.5+ (family: 0xf, model: 0x6b, stepping: 0x1)
[    0.353596] Performance Events: PMU not available due to virtualization, using software events only.
[    0.354935] signal: max sigframe size: 1440
[    0.358250] rcu: Hierarchical SRCU implementation.
[    0.358385] rcu: 	Max phase no-delay instances is 400.
[    0.360322] Timer migration: 1 hierarchy levels; 8 children per group; 1 crossnode level
[    0.365945] smp: Bringing up secondary CPUs ...
[    0.375859] smpboot: x86: Booting SMP configuration:
[    0.376037] .... node  #0, CPUs:      #1
[    0.457855] smp: Brought up 1 node, 2 CPUs
[    0.458267] smpboot: Total of 2 processors activated (8385.60 BogoMIPS)
[    0.471345] Memory: 466996K/523768K available (19358K kernel code, 3000K rwdata, 8044K rodata, 2984K init, 884K bss, 53232K reserved, 0K cma-reserved)
[    0.482198] devtmpfs: initialized
[    0.495272] posixtimers hash table entries: 1024 (order: 2, 16384 bytes, linear)
[    0.495695] futex hash table entries: 512 (32768 bytes on 1 NUMA nodes, total 32 KiB, linear).
[    0.500158] PM: RTC time: 16:45:36, date: 2026-08-15
[    0.506712] NET: Registered PF_NETLINK/PF_ROUTE protocol family
[    0.510734] audit: initializing netlink subsys (disabled)
[    0.513590] audit: type=2000 audit(1786812336.530:1): state=initialized audit_enabled=0 res=1
[    0.519254] thermal_sys: Registered thermal governor 'step_wise'
[    0.520086] cpuidle: using governor menu
[    0.522957] Freeing SMP alternatives memory: 56K
[    0.526348] PCI: Using configuration type 1 for base access
[    0.526868] mtrr: your CPUs had inconsistent fixed MTRR settings
[    0.526969] mtrr: your CPUs had inconsistent variable MTRR settings
[    0.527042] mtrr: your CPUs had inconsistent MTRRdefType settings
[    0.527135] mtrr: probably your BIOS does not setup all CPUs.
[    0.527215] mtrr: corrected configuration.
[    0.529689] kprobes: kprobe jump-optimization is enabled. All kprobes are optimized if possible.
[    0.534653] HugeTLB: registered 2.00 MiB page size, pre-allocated 0 pages
[    0.534876] HugeTLB: 28 KiB vmemmap can be freed for a 2.00 MiB page
[    0.540839] ACPI: Added _OSI(Module Device)
[    0.540946] ACPI: Added _OSI(Processor Device)
[    0.541074] ACPI: Added _OSI(Processor Aggregator Device)
[    0.563272] ACPI: 1 ACPI AML tables successfully acquired and loaded
[    0.584565] ACPI: \_SB_: platform _OSC: OS support mask [002a7eee]
[    0.590409] ACPI: Interpreter enabled
[    0.591973] ACPI: PM: (supports S0 S3 S4 S5)
[    0.592172] ACPI: Using IOAPIC for interrupt routing
[    0.592690] PCI: Using host bridge windows from ACPI; if necessary, use "pci=nocrs" and report a bug
[    0.592877] PCI: Using E820 reservations for host bridge windows
[    0.594681] ACPI: Enabled 2 GPEs in block 00 to 0F
[    0.642225] ACPI: PCI Root Bridge [PCI0] (domain 0000 [bus 00-ff])
[    0.643296] acpi PNP0A03:00: _OSC: OS supports [ASPM ClockPM Segments MSI HPX-Type3]
[    0.643710] acpi PNP0A03:00: _OSC: not requesting OS control; OS requires [ExtendedConfig ASPM ClockPM MSI]
[    0.644408] acpi PNP0A03:00: _OSC: platform retains control of PCIe features (AE_ERROR)
[    0.645342] acpi PNP0A03:00: fail to add MMCONFIG information, can't access extended configuration space under this bridge
[    0.649467] PCI host bridge to bus 0000:00
[    0.649824] pci_bus 0000:00: root bus resource [io  0x0000-0x0cf7 window]
[    0.650039] pci_bus 0000:00: root bus resource [io  0x0d00-0xffff window]
[    0.650143] pci_bus 0000:00: root bus resource [mem 0x000a0000-0x000bffff window]
[    0.650281] pci_bus 0000:00: root bus resource [mem 0x20000000-0xfebfffff window]
[    0.650377] pci_bus 0000:00: root bus resource [mem 0x100000000-0x17fffffff window]
[    0.650640] pci_bus 0000:00: root bus resource [bus 00-ff]
[    0.652328] pci 0000:00:00.0: [8086:1237] type 00 class 0x060000 conventional PCI endpoint
[    0.658683] pci 0000:00:01.0: [8086:7000] type 00 class 0x060100 conventional PCI endpoint
[    0.659709] pci 0000:00:01.1: [8086:7010] type 00 class 0x010180 conventional PCI endpoint
[    0.660536] pci 0000:00:01.1: BAR 4 [io  0xc040-0xc04f]
[    0.661030] pci 0000:00:01.1: BAR 0 [io  0x01f0-0x01f7]: legacy IDE quirk
[    0.661161] pci 0000:00:01.1: BAR 1 [io  0x03f6]: legacy IDE quirk
[    0.661376] pci 0000:00:01.1: BAR 2 [io  0x0170-0x0177]: legacy IDE quirk
[    0.661490] pci 0000:00:01.1: BAR 3 [io  0x0376]: legacy IDE quirk
[    0.662513] pci 0000:00:01.3: [8086:7113] type 00 class 0x068000 conventional PCI endpoint
[    0.663129] pci 0000:00:01.3: quirk: [io  0x0600-0x063f] claimed by PIIX4 ACPI
[    0.663290] pci 0000:00:01.3: quirk: [io  0x0700-0x070f] claimed by PIIX4 SMB
[    0.664074] pci 0000:00:02.0: [1234:1111] type 00 class 0x030000 conventional PCI endpoint
[    0.665099] pci 0000:00:02.0: BAR 0 [mem 0xfd000000-0xfdffffff pref]
[    0.666044] pci 0000:00:02.0: BAR 2 [mem 0xfebb0000-0xfebb0fff]
[    0.666188] pci 0000:00:02.0: ROM [mem 0xfeba0000-0xfebaffff pref]
[    0.666619] pci 0000:00:02.0: Video device with shadowed ROM at [mem 0x000c0000-0x000dffff]
[    0.667724] pci 0000:00:03.0: [8086:100e] type 00 class 0x020000 conventional PCI endpoint
[    0.669039] pci 0000:00:03.0: BAR 0 [mem 0xfeb80000-0xfeb9ffff]
[    0.669250] pci 0000:00:03.0: BAR 1 [io  0xc000-0xc03f]
[    0.669380] pci 0000:00:03.0: ROM [mem 0xfeb00000-0xfeb7ffff pref]
[    0.684063] ACPI: PCI: Interrupt link LNKA configured for IRQ 10
[    0.685113] ACPI: PCI: Interrupt link LNKB configured for IRQ 10
[    0.685964] ACPI: PCI: Interrupt link LNKC configured for IRQ 11
[    0.686750] ACPI: PCI: Interrupt link LNKD configured for IRQ 11
[    0.687330] ACPI: PCI: Interrupt link LNKS configured for IRQ 9
[    0.693025] iommu: Default domain type: Translated
[    0.693148] iommu: DMA domain TLB invalidation policy: lazy mode
[    0.695337] SCSI subsystem initialized
[    0.697403] ACPI: bus type USB registered
[    0.697847] usbcore: registered new interface driver usbfs
[    0.698340] usbcore: registered new interface driver hub
[    0.698548] usbcore: registered new device driver usb
[    0.699396] pps_core: LinuxPPS API ver. 1 registered
[    0.699539] pps_core: Software ver. 5.3.6 - Copyright 2005-2007 Rodolfo Giometti <giometti@linux.it>
[    0.699777] PTP clock support registered
[    0.702440] Advanced Linux Sound Architecture Driver Initialized.
[    0.713388] NetLabel: Initializing
[    0.713482] NetLabel:  domain hash size = 128
[    0.713552] NetLabel:  protocols = UNLABELED CIPSOv4 CALIPSO
[    0.714430] NetLabel:  unlabeled traffic allowed by default
[    0.720475] PCI: Using ACPI for IRQ routing
[    0.721320] e820: register RAM buffer resource [mem 0x0009fc00-0x0009ffff]
[    0.721798] e820: register RAM buffer resource [mem 0x1ffe0000-0x1fffffff]
[    0.724004] pci 0000:00:02.0: vgaarb: setting as boot VGA device
[    0.724004] pci 0000:00:02.0: vgaarb: bridge control possible
[    0.724004] pci 0000:00:02.0: vgaarb: VGA device added: decodes=io+mem,owns=io+mem,locks=none
[    0.724069] vgaarb: loaded
[    0.726526] hpet: 3 channels of 0 reserved for per-cpu timers
[    0.727090] hpet0: at MMIO 0xfed00000, IRQs 2, 8, 0
[    0.727285] hpet0: 3 comparators, 64-bit 100.000000 MHz counter
[    0.732662] clocksource: Switched to clocksource tsc-early
[    0.735040] VFS: Disk quotas dquot_6.6.0
[    0.735608] VFS: Dquot-cache hash table entries: 512 (4096 bytes)
[    0.741096] pnp: PnP ACPI init
[    0.747015] pnp: PnP ACPI: found 5 devices
[    0.777075] clocksource: acpi_pm: mask: 0xffffff max_cycles: 0xffffff, max_idle_ns: 2085701024 ns
[    0.778161] NET: Registered PF_INET protocol family
[    0.779812] IP idents hash table entries: 8192 (order: 4, 65536 bytes, linear)
[    0.787161] tcp_listen_portaddr_hash hash table entries: 256 (order: 0, 4096 bytes, linear)
[    0.787385] Table-perturb hash table entries: 65536 (order: 6, 262144 bytes, linear)
[    0.787557] TCP established hash table entries: 4096 (order: 3, 32768 bytes, linear)
[    0.787922] TCP bind hash table entries: 4096 (order: 5, 131072 bytes, linear)
[    0.788218] TCP: Hash tables configured (established 4096 bind 4096)
[    0.789261] UDP hash table entries: 256 (order: 2, 16384 bytes, linear)
[    0.791236] NET: Registered PF_UNIX/PF_LOCAL protocol family
[    0.795567] RPC: Registered named UNIX socket transport module.
[    0.795772] RPC: Registered udp transport module.
[    0.796001] RPC: Registered tcp transport module.
[    0.796223] RPC: Registered tcp-with-tls transport module.
[    0.796355] RPC: Registered tcp NFSv4.1 backchannel transport module.
[    0.801008] pci_bus 0000:00: resource 4 [io  0x0000-0x0cf7 window]
[    0.801194] pci_bus 0000:00: resource 5 [io  0x0d00-0xffff window]
[    0.801286] pci_bus 0000:00: resource 6 [mem 0x000a0000-0x000bffff window]
[    0.801402] pci_bus 0000:00: resource 7 [mem 0x20000000-0xfebfffff window]
[    0.801529] pci_bus 0000:00: resource 8 [mem 0x100000000-0x17fffffff window]
[    0.802349] pci 0000:00:01.0: PIIX3: Enabling Passive Release
[    0.802554] pci 0000:00:00.0: Limiting direct PCI/PCI transfers
[    0.802801] PCI: CLS 0 bytes, default 64
[    0.811755] Unpacking initramfs...
[    0.820235] Initialise system trusted keyrings
[    0.826211] workingset: timestamp_bits=56 (anon: 51) max_order=17 bucket_order=0 (anon: 0)
[    0.835727] NFS: Registering the id_resolver key type
[    0.839291] Key type id_resolver registered
[    0.839410] Key type id_legacy registered
[    0.839593] nfs4filelayout_init: NFSv4 File Layout Driver Registering...
[    0.840018] nfs4flexfilelayout_init: NFSv4 Flexfile Layout Driver Registering...
[    0.842052] 9p: Installing v9fs 9p2000 file system support
[    0.855714] Key type asymmetric registered
[    0.855889] Asymmetric key parser 'x509' registered
[    0.856272] Block layer SCSI generic (bsg) driver version 0.4 loaded (major 251)
[    0.856850] io scheduler mq-deadline registered
[    0.857049] io scheduler kyber registered
[    0.866410] input: Power Button as /devices/platform/LNXPWRBN:00/input/input0
[    0.867757] ACPI: button: Power Button [PWRF]
[    0.883093] Serial: 8250/16550 driver, 4 ports, IRQ sharing enabled
[    0.894658] 00:04: ttyS0 at I/O 0x3f8 (irq = 4, base_baud = 115200) is a 16550A
[    0.919123] Non-volatile memory driver v1.3
[    0.921360] ACPI: bus type drm_connector registered
[    0.925465] Freeing initrd memory: 1416K
[    0.948004] loop: module loaded
[    0.964288] scsi host0: ata_piix
[    0.969284] scsi host1: ata_piix
[    0.970031] ata1: PATA max MWDMA2 cmd 0x1f0 ctl 0x3f6 bmdma 0xc040 irq 14 lpm-pol 0
[    0.970343] ata2: PATA max MWDMA2 cmd 0x170 ctl 0x376 bmdma 0xc048 irq 15 lpm-pol 0
[    0.978902] e100: Intel(R) PRO/100 Network Driver
[    0.979055] e100: Copyright(c) 1999-2006 Intel Corporation
[    0.979394] e1000: Intel(R) PRO/1000 Network Driver
[    0.979510] e1000: Copyright (c) 1999-2006 Intel Corporation.
[    1.136603] ata2: found unknown device (class 0)
[    1.146247] ata2.00: ATAPI: QEMU DVD-ROM, 2.5+, max UDMA/100
[    1.170395] scsi 1:0:0:0: CD-ROM            QEMU     QEMU DVD-ROM     2.5+ PQ: 0 ANSI: 5
[    1.203806] ACPI: \_SB_.LNKC: Enabled at IRQ 11
[    1.208171] sr 1:0:0:0: [sr0] scsi3-mmc drive: 4x/4x cd/rw xa/form2 tray
[    1.223777] cdrom: Uniform CD-ROM driver Revision: 3.20
[    1.246051] sr 1:0:0:0: Attached scsi generic sg0 type 5
[    1.513641] e1000 0000:00:03.0 eth0: (PCI:33MHz:32-bit) 52:54:00:12:34:56
[    1.514362] e1000 0000:00:03.0 eth0: Intel(R) PRO/1000 Network Connection
[    1.514957] e1000e: Intel(R) PRO/1000 Network Driver
[    1.515046] e1000e: Copyright(c) 1999 - 2015 Intel Corporation.
[    1.515502] sky2: driver version 1.30
[    1.518604] usbcore: registered new interface driver usblp
[    1.518885] usbcore: registered new interface driver usb-storage
[    1.519891] i8042: PNP: PS/2 Controller [PNP0303:KBD,PNP0f13:MOU] at 0x60,0x64 irq 1,12
[    1.524003] serio: i8042 KBD port at 0x60,0x64 irq 1
[    1.524533] serio: i8042 AUX port at 0x60,0x64 irq 12
[    1.530709] input: AT Translated Set 2 keyboard as /devices/platform/i8042/serio0/input/input1
[    1.531271] rtc_cmos PNP0B00:00: RTC can wake from S4
[    1.535916] rtc_cmos PNP0B00:00: registered as rtc0
[    1.538234] rtc_cmos PNP0B00:00: alarms up to one day, y3k, 242 bytes nvram, hpet irqs
[    1.541003] device-mapper: ioctl: 4.50.0-ioctl (2025-04-28) initialised: dm-devel@lists.linux.dev
[    1.542710] hid: raw HID events driver (C) Jiri Kosina
[    1.544234] usbcore: registered new interface driver usbhid
[    1.544350] usbhid: USB HID core driver
[    1.552169] nf_conntrack_irc: The irc conntrack helper is scheduled for removal.
[    1.552169] Please contact the netfilter-devel mailing list if you still need this.
[    1.553732] Initializing XFRM netlink socket
[    1.554357] NET: Registered PF_INET6 protocol family
[    1.564732] Segment Routing with IPv6
[    1.565206] In-situ OAM (IOAM) with IPv6
[    1.566434] NET: Registered PF_PACKET protocol family
[    1.568146] 9pnet: Installing 9P2000 support
[    1.568531] Key type dns_resolver registered
[    1.572217] IPI shorthand broadcast: enabled
[    1.604975] sched_clock: Marking stable (1621083800, -16995442)->(1613971828, -9883470)
[    1.609477] registered taskstats version 1
[    1.609627] Loading compiled-in X.509 certificates
[    1.623422] Demotion targets for Node 0: null
[    1.626972] PM:   Magic number: 6:74:793
[    1.627775] netconsole: network logging started
[    1.629509] cfg80211: Loading compiled-in X.509 certificates for regulatory database
[    1.640888] kworker/u8:1 (62) used greatest stack depth: 15048 bytes left
[    1.655560] Loaded X.509 cert 'sforshee: 00b28ddf47aef9cea7'
[    1.656815] Loaded X.509 cert 'wens: 61c038651aabdcf94bd0ac7ff06c7248db18c600'
[    1.659874] ALSA device list:
[    1.660188]   No soundcards found.
[    1.661601] faux_driver regulatory: Direct firmware load for regulatory.db failed with error -2
[    1.662028] cfg80211: failed to load regulatory.db
[    1.775628] Freeing unused kernel image (initmem) memory: 2984K
[    1.776266] Write protecting the kernel read-only data: 28672k
[    1.779374] Freeing unused kernel image (text/rodata gap) memory: 1120K
[    1.779952] Freeing unused kernel image (rodata/data gap) memory: 148K
[    1.808378] tsc: Refined TSC clocksource calibration: 2100.000 MHz
[    1.809040] clocksource: tsc: mask: 0xffffffffffffffff max_cycles: 0x1e4530a99b6, max_idle_ns: 440795257976 ns
[    1.811587] clocksource: Switched to clocksource tsc
[    1.912386] x86/mm: Checked W+X mappings: passed, no W+X pages found.
[    1.912837] Run /init as init process
[    1.961602] input: ImExPS/2 Generic Explorer Mouse as /devices/platform/i8042/serio1/input/input3
[    2.031723] busybox (65) used greatest stack depth: 13784 bytes left
FAISAL_M68_BOOT_OK
M68_MEMORY_REGION_OK id=1 bytes=4096
M68_CONTEXT_NEGOTIATION_OK active_fabric=0xf
M68_CONTEXT_QUERY_OK
M68_STALE_CONTEXT_CAPABILITY_REJECT_OK
M68_CONTEXT_BIND_OK accounted=4096
M68_CONTEXT_UNBIND_OK
M68_GPU_PROVIDER_BOUNDARY_OK
M68_CONTEXT_CLOSE_OK
M68_SELFTEST_EXIT=0
FAISAL_M68_TEST_RC=0
[    2.304992] ACPI: PM: Preparing to enter system sleep state S5
[    2.306716] reboot: Power down
QEMU_RC=0
FAISAL_M68_SELFTEST_EXIT=0
REGRESSION_SCRIPT_RC=0

=== tools/faisal-build/run_graph_telemetry_qemu.sh ===
c[?7l[2J[0mSeaBIOS (version 1.16.3-debian-1.16.3-2)


iPXE (https://ipxe.org) 00:03.0 CA00 PCI2.10 PnP PMM+1EFCAE00+1EF0AE00 CA00
Press Ctrl-B to configure iPXE (PCI 00:03.0)...


Booting from ROM..c[?7l[2J[    0.000000] Linux version 7.2.0-rc7-g03d7a0afa3e6-dirty (ubuntu@db71298c03d4) (gcc (Ubuntu 13.3.0-6ubuntu2~24.04.1) 13.3.0, GNU ld (GNU Binutils for Ubuntu) 2.42) #13 SMP PREEMPT_DYNAMIC Sat Aug 15 16:00:59 UTC 2026
[    0.000000] Command line: console=ttyS0 rdinit=/init
[    0.000000] BIOS-provided physical RAM map:
[    0.000000] BIOS-e820: [mem 0x0000000000000000-0x000000000009fbff]  System RAM
[    0.000000] BIOS-e820: [mem 0x000000000009fc00-0x000000000009ffff]  device reserved
[    0.000000] BIOS-e820: [gap 0x00000000000a0000-0x00000000000effff]
[    0.000000] BIOS-e820: [mem 0x00000000000f0000-0x00000000000fffff]  device reserved
[    0.000000] BIOS-e820: [mem 0x0000000000100000-0x000000001ffdffff]  System RAM
[    0.000000] BIOS-e820: [mem 0x000000001ffe0000-0x000000001fffffff]  device reserved
[    0.000000] BIOS-e820: [gap 0x0000000020000000-0x00000000fffbffff]
[    0.000000] BIOS-e820: [mem 0x00000000fffc0000-0x00000000ffffffff]  device reserved
[    0.000000] BIOS-e820: [gap 0x0000000100000000-0x000000fcffffffff]
[    0.000000] BIOS-e820: [mem 0x000000fd00000000-0x000000ffffffffff]  device reserved
[    0.000000] NX (Execute Disable) protection: active
[    0.000000] APIC: Static calls initialized
[    0.000000] DMI: SMBIOS 3.0.0 present.
[    0.000000] DMI: QEMU Standard PC (i440FX + PIIX, 1996), BIOS 1.16.3-debian-1.16.3-2 04/01/2014
[    0.000000] DMI: Memory slots populated: 1/1
[    0.000000] last_pfn = 0x1ffe0 max_arch_pfn = 0x400000000
[    0.000000] MTRR map: 4 entries (3 fixed + 1 variable; max 19), built from 8 variable MTRRs
[    0.000000] x86/PAT: Configuration [0-7]: WB  WC  UC- UC  WB  WP  UC- WT
[    0.000000] found SMP MP-table at [mem 0x000f5480-0x000f548f]
[    0.000000] RAMDISK: [mem 0x1fe7e000-0x1ffdffff]
[    0.000000] ACPI: Early table checksum verification disabled
[    0.000000] ACPI: RSDP 0x00000000000F52B0 000014 (v00 BOCHS )
[    0.000000] ACPI: RSDT 0x000000001FFE1CAD 000034 (v01 BOCHS  BXPC     00000001 BXPC 00000001)
[    0.000000] ACPI: FACP 0x000000001FFE1B59 000074 (v01 BOCHS  BXPC     00000001 BXPC 00000001)
[    0.000000] ACPI: DSDT 0x000000001FFE0040 001B19 (v01 BOCHS  BXPC     00000001 BXPC 00000001)
[    0.000000] ACPI: FACS 0x000000001FFE0000 000040
[    0.000000] ACPI: APIC 0x000000001FFE1BCD 000080 (v03 BOCHS  BXPC     00000001 BXPC 00000001)
[    0.000000] ACPI: HPET 0x000000001FFE1C4D 000038 (v01 BOCHS  BXPC     00000001 BXPC 00000001)
[    0.000000] ACPI: WAET 0x000000001FFE1C85 000028 (v01 BOCHS  BXPC     00000001 BXPC 00000001)
[    0.000000] ACPI: Reserving FACP table memory at [mem 0x1ffe1b59-0x1ffe1bcc]
[    0.000000] ACPI: Reserving DSDT table memory at [mem 0x1ffe0040-0x1ffe1b58]
[    0.000000] ACPI: Reserving FACS table memory at [mem 0x1ffe0000-0x1ffe003f]
[    0.000000] ACPI: Reserving APIC table memory at [mem 0x1ffe1bcd-0x1ffe1c4c]
[    0.000000] ACPI: Reserving HPET table memory at [mem 0x1ffe1c4d-0x1ffe1c84]
[    0.000000] ACPI: Reserving WAET table memory at [mem 0x1ffe1c85-0x1ffe1cac]
[    0.000000] No NUMA configuration found
[    0.000000] Faking a node at [mem 0x0000000000000000-0x000000001ffdffff]
[    0.000000] NODE_DATA(0) allocated [mem 0x1fe7a680-0x1fe7dfff]
[    0.000000] ACPI: PM-Timer IO Port: 0x608
[    0.000000] ACPI: LAPIC_NMI (acpi_id[0xff] dfl dfl lint[0x1])
[    0.000000] IOAPIC[0]: apic_id 0, version 32, address 0xfec00000, GSI 0-23
[    0.000000] ACPI: INT_SRC_OVR (bus 0 bus_irq 0 global_irq 2 dfl dfl)
[    0.000000] ACPI: INT_SRC_OVR (bus 0 bus_irq 5 global_irq 5 high level)
[    0.000000] ACPI: INT_SRC_OVR (bus 0 bus_irq 9 global_irq 9 high level)
[    0.000000] ACPI: INT_SRC_OVR (bus 0 bus_irq 10 global_irq 10 high level)
[    0.000000] ACPI: INT_SRC_OVR (bus 0 bus_irq 11 global_irq 11 high level)
[    0.000000] ACPI: Using ACPI (MADT) for SMP configuration information
[    0.000000] ACPI: HPET id: 0x8086a201 base: 0xfed00000
[    0.000000] CPU topo: Max. logical packages:   1
[    0.000000] CPU topo: Max. logical nodes:      1
[    0.000000] CPU topo: Num. nodes per package:  1
[    0.000000] CPU topo: Max. logical dies:       1
[    0.000000] CPU topo: Max. dies per package:   1
[    0.000000] CPU topo: Max. threads per core:   1
[    0.000000] CPU topo: Num. cores per package:     2
[    0.000000] CPU topo: Num. threads per package:   2
[    0.000000] CPU topo: Allowing 2 present CPUs plus 0 hotplug CPUs
[    0.000000] PM: hibernation: Registered nosave memory: [mem 0x00000000-0x00000fff]
[    0.000000] PM: hibernation: Registered nosave memory: [mem 0x0009f000-0x000fffff]
[    0.000000] [gap 0x20000000-0xfffbffff] available for PCI devices
[    0.000000] Booting paravirtualized kernel on bare hardware
[    0.000000] clocksource: refined-jiffies: mask: 0xffffffff max_cycles: 0xffffffff, max_idle_ns: 1910969940391419 ns
[    0.000000] Zone ranges:
[    0.000000]   DMA      [mem 0x0000000000001000-0x0000000000ffffff]
[    0.000000]   DMA32    [mem 0x0000000001000000-0x000000001ffdffff]
[    0.000000]   Normal   empty
[    0.000000] Movable zone start for each node
[    0.000000] Early memory node ranges
[    0.000000]   node   0: [mem 0x0000000000001000-0x000000000009efff]
[    0.000000]   node   0: [mem 0x0000000000100000-0x000000001ffdffff]
[    0.000000] Initmem setup node 0 [mem 0x0000000000001000-0x000000001ffdffff]
[    0.000000] On node 0, zone DMA: 1 pages in unavailable ranges
[    0.000000] On node 0, zone DMA: 97 pages in unavailable ranges
[    0.000000] On node 0, zone DMA32: 32 pages in unavailable ranges
[    0.000000] setup_percpu: NR_CPUS:64 nr_cpumask_bits:2 nr_cpu_ids:2 nr_node_ids:1
[    0.000000] percpu: Embedded 52 pages/cpu s175704 r8192 d29096 u1048576
[    0.000000] Kernel command line: console=ttyS0 rdinit=/init
[    0.000000] printk: log buffer data + meta data: 262144 + 917504 = 1179648 bytes
[    0.000000] Dentry cache hash table entries: 65536 (order: 7, 524288 bytes, linear)
[    0.000000] Inode-cache hash table entries: 32768 (order: 6, 262144 bytes, linear)
[    0.000000] Fallback order for Node 0: 0
[    0.000000] Built 1 zonelists, mobility grouping on.  Total pages: 130942
[    0.000000] Policy zone: DMA32
[    0.000000] mem auto-init: stack:all(zero), heap alloc:off, heap free:off
[    0.000000] SLUB: HWalign=64, Order=0-3, MinObjects=0, CPUs=2, Nodes=1
[    0.000000] Dynamic Preempt: lazy
[    0.000000] rcu: Preemptible hierarchical RCU implementation.
[    0.000000] rcu: 	RCU event tracing is enabled.
[    0.000000] rcu: 	RCU restricting CPUs from NR_CPUS=64 to nr_cpu_ids=2.
[    0.000000] 	Trampoline variant of Tasks RCU enabled.
[    0.000000] 	Tracing variant of Tasks RCU enabled.
[    0.000000] rcu: RCU calculated value of scheduler-enlistment delay is 100 jiffies.
[    0.000000] rcu: Adjusting geometry for rcu_fanout_leaf=16, nr_cpu_ids=2
[    0.000000] RCU Tasks: Setting shift to 1 and lim to 1 rcu_task_cb_adjust=1 rcu_task_cpu_ids=2.
[    0.000000] NR_IRQS: 4352, nr_irqs: 440, preallocated irqs: 16
[    0.000000] rcu: srcu_init: Setting srcu_struct sizes based on contention.
[    0.000000] clocksource: jiffies: mask: 0xffffffff max_cycles: 0xffffffff, max_idle_ns: 1911260446275000 ns
[    0.000000] Console: colour VGA+ 80x25
[    0.000000] printk: legacy console [ttyS0] enabled
[    0.000000] ACPI: Core revision 20260408
[    0.000000] clocksource: hpet: mask: 0xffffffff max_cycles: 0xffffffff, max_idle_ns: 19112604467 ns
[    0.003000] APIC: Switch to symmetric I/O mode setup
[    0.007000] ..TIMER: vector=0x30 apic1=0 pin1=2 apic2=-1 pin2=-1
[    0.015000] tsc: Unable to calibrate against PIT
[    0.016000] tsc: using HPET reference calibration
[    0.016000] tsc: Detected 2100.026 MHz processor
[    0.000750] clocksource: tsc-early: mask: 0xffffffffffffffff max_cycles: 0x1e45490be7e, max_idle_ns: 440795282551 ns
[    0.001390] Calibrating delay loop (skipped), value calculated using timer frequency.. 4200.05 BogoMIPS (lpj=2100026)
[    0.006416] Last level iTLB entries: 4KB 512, 2MB 255, 4MB 127
[    0.006587] Last level dTLB entries: 4KB 512, 2MB 255, 4MB 127, 1GB 0
[    0.007106] mitigations: Enabled attack vectors: user_kernel, user_user, SMT mitigations: auto
[    0.007719] Spectre V2 : Mitigation: Retpolines
[    0.007966] Spectre V1 : Mitigation: usercopy/swapgs barriers and __user pointer sanitization
[    0.008258] Spectre V2 : Spectre v2 / SpectreRSB: Filling RSB on context switch and VMEXIT
[    0.011448] x86/fpu: x87 FPU will use FXSAVE
[    0.173200] pid_max: default: 32768 minimum: 301
[    0.185451] SELinux:  Initializing.
[    0.192858] Mount-cache hash table entries: 1024 (order: 1, 8192 bytes, linear)
[    0.193151] Mountpoint-cache hash table entries: 1024 (order: 1, 8192 bytes, linear)
[    0.204166] VFS: Finished mounting rootfs on nullfs
[    0.337139] smpboot: CPU0: AMD QEMU Virtual CPU version 2.5+ (family: 0xf, model: 0x6b, stepping: 0x1)
[    0.351761] Performance Events: PMU not available due to virtualization, using software events only.
[    0.353091] signal: max sigframe size: 1440
[    0.356623] rcu: Hierarchical SRCU implementation.
[    0.356815] rcu: 	Max phase no-delay instances is 400.
[    0.358856] Timer migration: 1 hierarchy levels; 8 children per group; 1 crossnode level
[    0.364831] smp: Bringing up secondary CPUs ...
[    0.374054] smpboot: x86: Booting SMP configuration:
[    0.374183] .... node  #0, CPUs:      #1
[    0.453690] smp: Brought up 1 node, 2 CPUs
[    0.454029] smpboot: Total of 2 processors activated (8394.56 BogoMIPS)
[    0.467535] Memory: 466996K/523768K available (19358K kernel code, 3000K rwdata, 8044K rodata, 2984K init, 884K bss, 53232K reserved, 0K cma-reserved)
[    0.478610] devtmpfs: initialized
[    0.492514] posixtimers hash table entries: 1024 (order: 2, 16384 bytes, linear)
[    0.492861] futex hash table entries: 512 (32768 bytes on 1 NUMA nodes, total 32 KiB, linear).
[    0.497156] PM: RTC time: 16:45:40, date: 2026-08-15
[    0.503632] NET: Registered PF_NETLINK/PF_ROUTE protocol family
[    0.507548] audit: initializing netlink subsys (disabled)
[    0.511344] audit: type=2000 audit(1786812340.526:1): state=initialized audit_enabled=0 res=1
[    0.517015] thermal_sys: Registered thermal governor 'step_wise'
[    0.518235] cpuidle: using governor menu
[    0.520909] Freeing SMP alternatives memory: 56K
[    0.524350] PCI: Using configuration type 1 for base access
[    0.524927] mtrr: your CPUs had inconsistent fixed MTRR settings
[    0.525095] mtrr: your CPUs had inconsistent variable MTRR settings
[    0.525170] mtrr: your CPUs had inconsistent MTRRdefType settings
[    0.525260] mtrr: probably your BIOS does not setup all CPUs.
[    0.525340] mtrr: corrected configuration.
[    0.527861] kprobes: kprobe jump-optimization is enabled. All kprobes are optimized if possible.
[    0.532176] HugeTLB: registered 2.00 MiB page size, pre-allocated 0 pages
[    0.532176] HugeTLB: 28 KiB vmemmap can be freed for a 2.00 MiB page
[    0.540173] ACPI: Added _OSI(Module Device)
[    0.540301] ACPI: Added _OSI(Processor Device)
[    0.540369] ACPI: Added _OSI(Processor Aggregator Device)
[    0.564630] ACPI: 1 ACPI AML tables successfully acquired and loaded
[    0.588850] ACPI: \_SB_: platform _OSC: OS support mask [002a7eee]
[    0.594745] ACPI: Interpreter enabled
[    0.596540] ACPI: PM: (supports S0 S3 S4 S5)
[    0.596683] ACPI: Using IOAPIC for interrupt routing
[    0.597301] PCI: Using host bridge windows from ACPI; if necessary, use "pci=nocrs" and report a bug
[    0.597448] PCI: Using E820 reservations for host bridge windows
[    0.599484] ACPI: Enabled 2 GPEs in block 00 to 0F
[    0.657946] ACPI: PCI Root Bridge [PCI0] (domain 0000 [bus 00-ff])
[    0.659325] acpi PNP0A03:00: _OSC: OS supports [ASPM ClockPM Segments MSI HPX-Type3]
[    0.659914] acpi PNP0A03:00: _OSC: not requesting OS control; OS requires [ExtendedConfig ASPM ClockPM MSI]
[    0.661677] acpi PNP0A03:00: _OSC: platform retains control of PCIe features (AE_ERROR)
[    0.661710] acpi PNP0A03:00: fail to add MMCONFIG information, can't access extended configuration space under this bridge
[    0.667172] PCI host bridge to bus 0000:00
[    0.667581] pci_bus 0000:00: root bus resource [io  0x0000-0x0cf7 window]
[    0.667849] pci_bus 0000:00: root bus resource [io  0x0d00-0xffff window]
[    0.667943] pci_bus 0000:00: root bus resource [mem 0x000a0000-0x000bffff window]
[    0.668103] pci_bus 0000:00: root bus resource [mem 0x20000000-0xfebfffff window]
[    0.668157] pci_bus 0000:00: root bus resource [mem 0x100000000-0x17fffffff window]
[    0.668420] pci_bus 0000:00: root bus resource [bus 00-ff]
[    0.670575] pci 0000:00:00.0: [8086:1237] type 00 class 0x060000 conventional PCI endpoint
[    0.676405] pci 0000:00:01.0: [8086:7000] type 00 class 0x060100 conventional PCI endpoint
[    0.677364] pci 0000:00:01.1: [8086:7010] type 00 class 0x010180 conventional PCI endpoint
[    0.679523] pci 0000:00:01.1: BAR 4 [io  0xc040-0xc04f]
[    0.679786] pci 0000:00:01.1: BAR 0 [io  0x01f0-0x01f7]: legacy IDE quirk
[    0.679786] pci 0000:00:01.1: BAR 1 [io  0x03f6]: legacy IDE quirk
[    0.679786] pci 0000:00:01.1: BAR 2 [io  0x0170-0x0177]: legacy IDE quirk
[    0.679786] pci 0000:00:01.1: BAR 3 [io  0x0376]: legacy IDE quirk
[    0.680701] pci 0000:00:01.3: [8086:7113] type 00 class 0x068000 conventional PCI endpoint
[    0.681351] pci 0000:00:01.3: quirk: [io  0x0600-0x063f] claimed by PIIX4 ACPI
[    0.681498] pci 0000:00:01.3: quirk: [io  0x0700-0x070f] claimed by PIIX4 SMB
[    0.682311] pci 0000:00:02.0: [1234:1111] type 00 class 0x030000 conventional PCI endpoint
[    0.683777] pci 0000:00:02.0: BAR 0 [mem 0xfd000000-0xfdffffff pref]
[    0.684038] pci 0000:00:02.0: BAR 2 [mem 0xfebb0000-0xfebb0fff]
[    0.685177] pci 0000:00:02.0: ROM [mem 0xfeba0000-0xfebaffff pref]
[    0.685586] pci 0000:00:02.0: Video device with shadowed ROM at [mem 0x000c0000-0x000dffff]
[    0.685766] pci 0000:00:03.0: [8086:100e] type 00 class 0x020000 conventional PCI endpoint
[    0.687676] pci 0000:00:03.0: BAR 0 [mem 0xfeb80000-0xfeb9ffff]
[    0.687676] pci 0000:00:03.0: BAR 1 [io  0xc000-0xc03f]
[    0.687676] pci 0000:00:03.0: ROM [mem 0xfeb00000-0xfeb7ffff pref]
[    0.700748] ACPI: PCI: Interrupt link LNKA configured for IRQ 10
[    0.701811] ACPI: PCI: Interrupt link LNKB configured for IRQ 10
[    0.702631] ACPI: PCI: Interrupt link LNKC configured for IRQ 11
[    0.703398] ACPI: PCI: Interrupt link LNKD configured for IRQ 11
[    0.703829] ACPI: PCI: Interrupt link LNKS configured for IRQ 9
[    0.708510] iommu: Default domain type: Translated
[    0.708642] iommu: DMA domain TLB invalidation policy: lazy mode
[    0.710867] SCSI subsystem initialized
[    0.712943] ACPI: bus type USB registered
[    0.714306] usbcore: registered new interface driver usbfs
[    0.714723] usbcore: registered new interface driver hub
[    0.714924] usbcore: registered new device driver usb
[    0.715483] pps_core: LinuxPPS API ver. 1 registered
[    0.715568] pps_core: Software ver. 5.3.6 - Copyright 2005-2007 Rodolfo Giometti <giometti@linux.it>
[    0.715798] PTP clock support registered
[    0.718959] Advanced Linux Sound Architecture Driver Initialized.
[    0.729400] NetLabel: Initializing
[    0.729497] NetLabel:  domain hash size = 128
[    0.729575] NetLabel:  protocols = UNLABELED CIPSOv4 CALIPSO
[    0.730521] NetLabel:  unlabeled traffic allowed by default
[    0.735877] PCI: Using ACPI for IRQ routing
[    0.736669] e820: register RAM buffer resource [mem 0x0009fc00-0x0009ffff]
[    0.736965] e820: register RAM buffer resource [mem 0x1ffe0000-0x1fffffff]
[    0.739139] pci 0000:00:02.0: vgaarb: setting as boot VGA device
[    0.739139] pci 0000:00:02.0: vgaarb: bridge control possible
[    0.739139] pci 0000:00:02.0: vgaarb: VGA device added: decodes=io+mem,owns=io+mem,locks=none
[    0.740218] vgaarb: loaded
[    0.741495] hpet: 3 channels of 0 reserved for per-cpu timers
[    0.741873] hpet0: at MMIO 0xfed00000, IRQs 2, 8, 0
[    0.742071] hpet0: 3 comparators, 64-bit 100.000000 MHz counter
[    0.748140] clocksource: Switched to clocksource tsc-early
[    0.750880] VFS: Disk quotas dquot_6.6.0
[    0.751071] VFS: Dquot-cache hash table entries: 512 (4096 bytes)
[    0.755626] pnp: PnP ACPI init
[    0.760755] pnp: PnP ACPI: found 5 devices
[    0.791541] clocksource: acpi_pm: mask: 0xffffff max_cycles: 0xffffff, max_idle_ns: 2085701024 ns
[    0.792700] NET: Registered PF_INET protocol family
[    0.794447] IP idents hash table entries: 8192 (order: 4, 65536 bytes, linear)
[    0.802482] tcp_listen_portaddr_hash hash table entries: 256 (order: 0, 4096 bytes, linear)
[    0.803059] Table-perturb hash table entries: 65536 (order: 6, 262144 bytes, linear)
[    0.803353] TCP established hash table entries: 4096 (order: 3, 32768 bytes, linear)
[    0.803761] TCP bind hash table entries: 4096 (order: 5, 131072 bytes, linear)
[    0.804153] TCP: Hash tables configured (established 4096 bind 4096)
[    0.805154] UDP hash table entries: 256 (order: 2, 16384 bytes, linear)
[    0.806941] NET: Registered PF_UNIX/PF_LOCAL protocol family
[    0.810894] RPC: Registered named UNIX socket transport module.
[    0.811051] RPC: Registered udp transport module.
[    0.811125] RPC: Registered tcp transport module.
[    0.811191] RPC: Registered tcp-with-tls transport module.
[    0.811275] RPC: Registered tcp NFSv4.1 backchannel transport module.
[    0.815336] pci_bus 0000:00: resource 4 [io  0x0000-0x0cf7 window]
[    0.815469] pci_bus 0000:00: resource 5 [io  0x0d00-0xffff window]
[    0.815584] pci_bus 0000:00: resource 6 [mem 0x000a0000-0x000bffff window]
[    0.815905] pci_bus 0000:00: resource 7 [mem 0x20000000-0xfebfffff window]
[    0.816008] pci_bus 0000:00: resource 8 [mem 0x100000000-0x17fffffff window]
[    0.816666] pci 0000:00:01.0: PIIX3: Enabling Passive Release
[    0.817084] pci 0000:00:00.0: Limiting direct PCI/PCI transfers
[    0.817335] PCI: CLS 0 bytes, default 64
[    0.825492] Unpacking initramfs...
[    0.836958] Initialise system trusted keyrings
[    0.842214] workingset: timestamp_bits=56 (anon: 51) max_order=17 bucket_order=0 (anon: 0)
[    0.855248] NFS: Registering the id_resolver key type
[    0.855726] Key type id_resolver registered
[    0.855906] Key type id_legacy registered
[    0.856065] nfs4filelayout_init: NFSv4 File Layout Driver Registering...
[    0.856456] nfs4flexfilelayout_init: NFSv4 Flexfile Layout Driver Registering...
[    0.859389] 9p: Installing v9fs 9p2000 file system support
[    0.874310] Key type asymmetric registered
[    0.874466] Asymmetric key parser 'x509' registered
[    0.874891] Block layer SCSI generic (bsg) driver version 0.4 loaded (major 251)
[    0.875477] io scheduler mq-deadline registered
[    0.875640] io scheduler kyber registered
[    0.885458] input: Power Button as /devices/platform/LNXPWRBN:00/input/input0
[    0.889040] ACPI: button: Power Button [PWRF]
[    0.903080] Serial: 8250/16550 driver, 4 ports, IRQ sharing enabled
[    0.911273] 00:04: ttyS0 at I/O 0x3f8 (irq = 4, base_baud = 115200) is a 16550A
[    0.942992] Non-volatile memory driver v1.3
[    0.947387] ACPI: bus type drm_connector registered
[    0.953570] Freeing initrd memory: 1416K
[    0.970790] loop: module loaded
[    0.981012] scsi host0: ata_piix
[    0.983164] scsi host1: ata_piix
[    0.983723] ata1: PATA max MWDMA2 cmd 0x1f0 ctl 0x3f6 bmdma 0xc040 irq 14 lpm-pol 0
[    0.983917] ata2: PATA max MWDMA2 cmd 0x170 ctl 0x376 bmdma 0xc048 irq 15 lpm-pol 0
[    0.987179] e100: Intel(R) PRO/100 Network Driver
[    0.987284] e100: Copyright(c) 1999-2006 Intel Corporation
[    0.987450] e1000: Intel(R) PRO/1000 Network Driver
[    0.987550] e1000: Copyright (c) 1999-2006 Intel Corporation.
[    1.153422] ata2: found unknown device (class 0)
[    1.158120] ata2.00: ATAPI: QEMU DVD-ROM, 2.5+, max UDMA/100
[    1.160958] ACPI: \_SB_.LNKC: Enabled at IRQ 11
[    1.177744] scsi 1:0:0:0: CD-ROM            QEMU     QEMU DVD-ROM     2.5+ PQ: 0 ANSI: 5
[    1.210541] sr 1:0:0:0: [sr0] scsi3-mmc drive: 4x/4x cd/rw xa/form2 tray
[    1.229657] cdrom: Uniform CD-ROM driver Revision: 3.20
[    1.250497] sr 1:0:0:0: Attached scsi generic sg0 type 5
[    1.469253] e1000 0000:00:03.0 eth0: (PCI:33MHz:32-bit) 52:54:00:12:34:56
[    1.469878] e1000 0000:00:03.0 eth0: Intel(R) PRO/1000 Network Connection
[    1.470758] e1000e: Intel(R) PRO/1000 Network Driver
[    1.470855] e1000e: Copyright(c) 1999 - 2015 Intel Corporation.
[    1.471047] sky2: driver version 1.30
[    1.473940] usbcore: registered new interface driver usblp
[    1.474328] usbcore: registered new interface driver usb-storage
[    1.475329] i8042: PNP: PS/2 Controller [PNP0303:KBD,PNP0f13:MOU] at 0x60,0x64 irq 1,12
[    1.479302] serio: i8042 KBD port at 0x60,0x64 irq 1
[    1.479671] serio: i8042 AUX port at 0x60,0x64 irq 12
[    1.482824] rtc_cmos PNP0B00:00: RTC can wake from S4
[    1.489061] input: AT Translated Set 2 keyboard as /devices/platform/i8042/serio0/input/input1
[    1.491169] rtc_cmos PNP0B00:00: registered as rtc0
[    1.495595] rtc_cmos PNP0B00:00: alarms up to one day, y3k, 242 bytes nvram, hpet irqs
[    1.500801] device-mapper: ioctl: 4.50.0-ioctl (2025-04-28) initialised: dm-devel@lists.linux.dev
[    1.501577] hid: raw HID events driver (C) Jiri Kosina
[    1.503138] usbcore: registered new interface driver usbhid
[    1.503620] usbhid: USB HID core driver
[    1.511925] nf_conntrack_irc: The irc conntrack helper is scheduled for removal.
[    1.511925] Please contact the netfilter-devel mailing list if you still need this.
[    1.513684] Initializing XFRM netlink socket
[    1.514395] NET: Registered PF_INET6 protocol family
[    1.528506] Segment Routing with IPv6
[    1.528842] In-situ OAM (IOAM) with IPv6
[    1.530032] NET: Registered PF_PACKET protocol family
[    1.531824] 9pnet: Installing 9P2000 support
[    1.532333] Key type dns_resolver registered
[    1.536723] IPI shorthand broadcast: enabled
[    1.571456] sched_clock: Marking stable (1587051467, -15860105)->(1580518560, -9327189)
[    1.576315] registered taskstats version 1
[    1.576549] Loading compiled-in X.509 certificates
[    1.590243] Demotion targets for Node 0: null
[    1.594557] PM:   Magic number: 6:74:793
[    1.595137] netconsole: network logging started
[    1.596702] cfg80211: Loading compiled-in X.509 certificates for regulatory database
[    1.607697] kworker/u8:1 (60) used greatest stack depth: 15048 bytes left
[    1.620915] Loaded X.509 cert 'sforshee: 00b28ddf47aef9cea7'
[    1.621690] Loaded X.509 cert 'wens: 61c038651aabdcf94bd0ac7ff06c7248db18c600'
[    1.623827] ALSA device list:
[    1.623957]   No soundcards found.
[    1.624610] faux_driver regulatory: Direct firmware load for regulatory.db failed with error -2
[    1.624991] cfg80211: failed to load regulatory.db
[    1.737066] Freeing unused kernel image (initmem) memory: 2984K
[    1.738287] Write protecting the kernel read-only data: 28672k
[    1.741099] Freeing unused kernel image (text/rodata gap) memory: 1120K
[    1.742470] Freeing unused kernel image (rodata/data gap) memory: 148K
[    1.873532] tsc: Refined TSC clocksource calibration: 2100.000 MHz
[    1.874825] clocksource: tsc: mask: 0xffffffffffffffff max_cycles: 0x1e4530a99b6, max_idle_ns: 440795257976 ns
[    1.877562] clocksource: Switched to clocksource tsc
[    1.885868] x86/mm: Checked W+X mappings: passed, no W+X pages found.
[    1.886478] Run /init as init process
[    1.956452] input: ImExPS/2 Generic Explorer Mouse as /devices/platform/i8042/serio1/input/input3
[    2.001921] busybox (63) used greatest stack depth: 13784 bytes left
FAISAL_M69_BOOT_OK
M69_TELEMETRY_BEGIN_OK id=1 start=2090109611
M69_TELEMETRY_QUERY_OK
M69_STALE_TELEMETRY_CAPABILITY_REJECT_OK
M69_ANOMALY_SIGNAL_OK score=420000
M69_TELEMETRY_END_OK duration=4035304
M69_GRAPH_EVENT_DELIVERY_OK
M69_COMPLETED_QUERY_OK
M69_SELFTEST_EXIT=0
FAISAL_M69_TEST_RC=0
[    2.285766] ACPI: PM: Preparing to enter system sleep state S5
[    2.287745] reboot: Power down
QEMU_RC=0
FAISAL_M69_SELFTEST_EXIT=0
REGRESSION_SCRIPT_RC=0

=== tools/faisal-build/run_power_policy_qemu.sh ===
M70_QEMU_VALIDATION_OK
REGRESSION_SCRIPT_RC=0

=== tools/faisal-build/run_persistent_memory_qemu.sh ===
M71_QEMU_VALIDATION_OK
REGRESSION_SCRIPT_RC=0

=== tools/faisal-build/run_experience_learning_qemu.sh ===
M72_QEMU_VALIDATION_OK
REGRESSION_SCRIPT_RC=0

=== tools/faisal-build/run_world_state_qemu.sh ===
M73_QEMU_VALIDATION_OK
REGRESSION_SCRIPT_RC=0

=== tools/faisal-build/run_model_orchestration_qemu.sh ===
M74_QEMU_VALIDATION_OK
REGRESSION_SCRIPT_RC=0

=== tools/faisal-build/run_browser_tool_qemu.sh ===
M75_QEMU_VALIDATION_OK
REGRESSION_SCRIPT_RC=0

=== tools/faisal-build/run_end_to_end_qemu.sh ===
M76_QEMU_VALIDATION_OK
REGRESSION_SCRIPT_RC=0

=== tools/faisal-build/run_verified_research_qemu.sh ===
M77_QEMU_VALIDATION_OK
REGRESSION_SCRIPT_RC=0

=== tools/faisal-build/run_deployment_supervisor_qemu.sh ===
M78_QEMU_VALIDATION_OK
REGRESSION_SCRIPT_RC=0
M78_REGRESSION_RC=0
