
=== tools/faisal-build/run_agent_security_m64_qemu.sh ===
M64_QEMU_VALIDATION_OK
REGRESSION_SCRIPT_RC=0

=== tools/faisal-build/run_transport_qemu.sh ===
c[?7l[2J[0mSeaBIOS (version 1.16.3-debian-1.16.3-2)


iPXE (https://ipxe.org) 00:03.0 CA00 PCI2.10 PnP PMM+1EFCAE00+1EF0AE00 CA00
Press Ctrl-B to configure iPXE (PCI 00:03.0)...


Booting from ROM..c[?7l[2J[    0.000000] Linux version 7.2.0-rc7-g03d7a0afa3e6-dirty (ubuntu@db71298c03d4) (gcc (Ubuntu 13.3.0-6ubuntu2~24.04.1) 13.3.0, GNU ld (GNU Binutils for Ubuntu) 2.42) #13 SMP PREEMPT_DYNAMIC Sat Aug 15 16:00:59 UTC 2026
[    0.000000] Command line: console=ttyS0 rdinit=/init
[    0.000000] BIOS-provided physical RAM map:
[    0.000000] BIOS-e820: [mem 0x0000000000000000-0x000000000009fbff]  System RAM
[    0.000000] BIOS-e820: [mem 0x000000000009fc00-0x000000000009ffff]  device reserved
[    0.000000] BIOS-e820: [gap 0x00000000000a0000-0x00000000000effff]
[    0.000000] BIOS-e820: [mem 0x00000000000f0000-0x00000000000fffff]  device reserved
[    0.000000] BIOS-e820: [mem 0x0000000000100000-0x000000001ffdffff]  System RAM
[    0.000000] BIOS-e820: [mem 0x000000001ffe0000-0x000000001fffffff]  device reserved
[    0.000000] BIOS-e820: [gap 0x0000000020000000-0x00000000fffbffff]
[    0.000000] BIOS-e820: [mem 0x00000000fffc0000-0x00000000ffffffff]  device reserved
[    0.000000] BIOS-e820: [gap 0x0000000100000000-0x000000fcffffffff]
[    0.000000] BIOS-e820: [mem 0x000000fd00000000-0x000000ffffffffff]  device reserved
[    0.000000] NX (Execute Disable) protection: active
[    0.000000] APIC: Static calls initialized
[    0.000000] DMI: SMBIOS 3.0.0 present.
[    0.000000] DMI: QEMU Standard PC (i440FX + PIIX, 1996), BIOS 1.16.3-debian-1.16.3-2 04/01/2014
[    0.000000] DMI: Memory slots populated: 1/1
[    0.000000] tsc: Fast TSC calibration using PIT
[    0.000000] tsc: Detected 2099.998 MHz processor
[    0.008089] last_pfn = 0x1ffe0 max_arch_pfn = 0x400000000
[    0.008835] MTRR map: 4 entries (3 fixed + 1 variable; max 19), built from 8 variable MTRRs
[    0.009070] x86/PAT: Configuration [0-7]: WB  WC  UC- UC  WB  WP  UC- WT
[    0.024022] found SMP MP-table at [mem 0x000f5480-0x000f548f]
[    0.029733] RAMDISK: [mem 0x1fe7e000-0x1ffdffff]
[    0.030201] ACPI: Early table checksum verification disabled
[    0.030627] ACPI: RSDP 0x00000000000F52B0 000014 (v00 BOCHS )
[    0.031035] ACPI: RSDT 0x000000001FFE1C52 000034 (v01 BOCHS  BXPC     00000001 BXPC 00000001)
[    0.031942] ACPI: FACP 0x000000001FFE1B06 000074 (v01 BOCHS  BXPC     00000001 BXPC 00000001)
[    0.032719] ACPI: DSDT 0x000000001FFE0040 001AC6 (v01 BOCHS  BXPC     00000001 BXPC 00000001)
[    0.032799] ACPI: FACS 0x000000001FFE0000 000040
[    0.032853] ACPI: APIC 0x000000001FFE1B7A 000078 (v03 BOCHS  BXPC     00000001 BXPC 00000001)
[    0.032872] ACPI: HPET 0x000000001FFE1BF2 000038 (v01 BOCHS  BXPC     00000001 BXPC 00000001)
[    0.032887] ACPI: WAET 0x000000001FFE1C2A 000028 (v01 BOCHS  BXPC     00000001 BXPC 00000001)
[    0.033003] ACPI: Reserving FACP table memory at [mem 0x1ffe1b06-0x1ffe1b79]
[    0.033077] ACPI: Reserving DSDT table memory at [mem 0x1ffe0040-0x1ffe1b05]
[    0.033088] ACPI: Reserving FACS table memory at [mem 0x1ffe0000-0x1ffe003f]
[    0.033094] ACPI: Reserving APIC table memory at [mem 0x1ffe1b7a-0x1ffe1bf1]
[    0.033098] ACPI: Reserving HPET table memory at [mem 0x1ffe1bf2-0x1ffe1c29]
[    0.033103] ACPI: Reserving WAET table memory at [mem 0x1ffe1c2a-0x1ffe1c51]
[    0.035371] No NUMA configuration found
[    0.035407] Faking a node at [mem 0x0000000000000000-0x000000001ffdffff]
[    0.036112] NODE_DATA(0) allocated [mem 0x1fe7a680-0x1fe7dfff]
[    0.037345] ACPI: PM-Timer IO Port: 0x608
[    0.037859] ACPI: LAPIC_NMI (acpi_id[0xff] dfl dfl lint[0x1])
[    0.038273] IOAPIC[0]: apic_id 0, version 32, address 0xfec00000, GSI 0-23
[    0.038425] ACPI: INT_SRC_OVR (bus 0 bus_irq 0 global_irq 2 dfl dfl)
[    0.038688] ACPI: INT_SRC_OVR (bus 0 bus_irq 5 global_irq 5 high level)
[    0.038738] ACPI: INT_SRC_OVR (bus 0 bus_irq 9 global_irq 9 high level)
[    0.038825] ACPI: INT_SRC_OVR (bus 0 bus_irq 10 global_irq 10 high level)
[    0.038833] ACPI: INT_SRC_OVR (bus 0 bus_irq 11 global_irq 11 high level)
[    0.039082] ACPI: Using ACPI (MADT) for SMP configuration information
[    0.039127] ACPI: HPET id: 0x8086a201 base: 0xfed00000
[    0.039567] CPU topo: Max. logical packages:   1
[    0.039626] CPU topo: Max. logical nodes:      1
[    0.039637] CPU topo: Num. nodes per package:  1
[    0.039691] CPU topo: Max. logical dies:       1
[    0.039700] CPU topo: Max. dies per package:   1
[    0.039756] CPU topo: Max. threads per core:   1
[    0.039904] CPU topo: Num. cores per package:     1
[    0.039924] CPU topo: Num. threads per package:   1
[    0.039932] CPU topo: Allowing 1 present CPUs plus 0 hotplug CPUs
[    0.040944] PM: hibernation: Registered nosave memory: [mem 0x00000000-0x00000fff]
[    0.040984] PM: hibernation: Registered nosave memory: [mem 0x0009f000-0x000fffff]
[    0.041113] [gap 0x20000000-0xfffbffff] available for PCI devices
[    0.041162] Booting paravirtualized kernel on bare hardware
[    0.041466] clocksource: refined-jiffies: mask: 0xffffffff max_cycles: 0xffffffff, max_idle_ns: 1910969940391419 ns
[    0.057164] Zone ranges:
[    0.057194]   DMA      [mem 0x0000000000001000-0x0000000000ffffff]
[    0.057280]   DMA32    [mem 0x0000000001000000-0x000000001ffdffff]
[    0.057290]   Normal   empty
[    0.057349] Movable zone start for each node
[    0.057391] Early memory node ranges
[    0.057438]   node   0: [mem 0x0000000000001000-0x000000000009efff]
[    0.057580]   node   0: [mem 0x0000000000100000-0x000000001ffdffff]
[    0.057715] Initmem setup node 0 [mem 0x0000000000001000-0x000000001ffdffff]
[    0.059027] On node 0, zone DMA: 1 pages in unavailable ranges
[    0.059372] On node 0, zone DMA: 97 pages in unavailable ranges
[    0.062761] On node 0, zone DMA32: 32 pages in unavailable ranges
[    0.063054] setup_percpu: NR_CPUS:64 nr_cpumask_bits:1 nr_cpu_ids:1 nr_node_ids:1
[    0.064654] percpu: Embedded 52 pages/cpu s175704 r8192 d29096 u2097152
[    0.066736] Kernel command line: console=ttyS0 rdinit=/init
[    0.067980] printk: log buffer data + meta data: 262144 + 917504 = 1179648 bytes
[    0.068415] Dentry cache hash table entries: 65536 (order: 7, 524288 bytes, linear)
[    0.068593] Inode-cache hash table entries: 32768 (order: 6, 262144 bytes, linear)
[    0.072308] Fallback order for Node 0: 0
[    0.072702] Built 1 zonelists, mobility grouping on.  Total pages: 130942
[    0.072723] Policy zone: DMA32
[    0.072999] mem auto-init: stack:all(zero), heap alloc:off, heap free:off
[    0.085005] SLUB: HWalign=64, Order=0-3, MinObjects=0, CPUs=1, Nodes=1
[    0.097258] Dynamic Preempt: lazy
[    0.101307] rcu: Preemptible hierarchical RCU implementation.
[    0.101341] rcu: 	RCU event tracing is enabled.
[    0.101373] rcu: 	RCU restricting CPUs from NR_CPUS=64 to nr_cpu_ids=1.
[    0.101532] 	Trampoline variant of Tasks RCU enabled.
[    0.101542] 	Tracing variant of Tasks RCU enabled.
[    0.101636] rcu: RCU calculated value of scheduler-enlistment delay is 100 jiffies.
[    0.101662] rcu: Adjusting geometry for rcu_fanout_leaf=16, nr_cpu_ids=1
[    0.102925] RCU Tasks: Setting shift to 0 and lim to 1 rcu_task_cb_adjust=1 rcu_task_cpu_ids=1.
[    0.129797] NR_IRQS: 4352, nr_irqs: 256, preallocated irqs: 16
[    0.140872] rcu: srcu_init: Setting srcu_struct sizes based on contention.
[    0.141747] clocksource: jiffies: mask: 0xffffffff max_cycles: 0xffffffff, max_idle_ns: 1911260446275000 ns
[    0.148803] Console: colour VGA+ 80x25
[    0.151122] printk: legacy console [ttyS0] enabled
[    0.162793] ACPI: Core revision 20260408
[    0.169077] clocksource: hpet: mask: 0xffffffff max_cycles: 0xffffffff, max_idle_ns: 19112604467 ns
[    0.175216] APIC: Switch to symmetric I/O mode setup
[    0.180392] ..TIMER: vector=0x30 apic1=0 pin1=2 apic2=-1 pin2=-1
[    0.186924] clocksource: tsc-early: mask: 0xffffffffffffffff max_cycles: 0x1e452ea631d, max_idle_ns: 440795244572 ns
[    0.187808] Calibrating delay loop (skipped), value calculated using timer frequency.. 4199.99 BogoMIPS (lpj=2099998)
[    0.191757] Last level iTLB entries: 4KB 512, 2MB 255, 4MB 127
[    0.191888] Last level dTLB entries: 4KB 512, 2MB 255, 4MB 127, 1GB 0
[    0.192197] mitigations: Enabled attack vectors: user_kernel, user_user, SMT mitigations: auto
[    0.192952] Spectre V2 : Mitigation: Retpolines
[    0.193153] Spectre V1 : Mitigation: usercopy/swapgs barriers and __user pointer sanitization
[    0.193565] Spectre V2 : Spectre v2 / SpectreRSB: Filling RSB on context switch and VMEXIT
[    0.197045] x86/fpu: x87 FPU will use FXSAVE
[    0.629579] pid_max: default: 32768 minimum: 301
[    0.639281] SELinux:  Initializing.
[    0.650570] Mount-cache hash table entries: 1024 (order: 1, 8192 bytes, linear)
[    0.650841] Mountpoint-cache hash table entries: 1024 (order: 1, 8192 bytes, linear)
[    0.662026] VFS: Finished mounting rootfs on nullfs
[    0.792465] smpboot: CPU0: AMD QEMU Virtual CPU version 2.5+ (family: 0xf, model: 0x6b, stepping: 0x1)
[    0.806503] Performance Events: PMU not available due to virtualization, using software events only.
[    0.807803] signal: max sigframe size: 1440
[    0.809395] rcu: Hierarchical SRCU implementation.
[    0.809832] rcu: 	Max phase no-delay instances is 400.
[    0.815874] smp: Bringing up secondary CPUs ...
[    0.818278] smp: Brought up 1 node, 1 CPU
[    0.818944] smpboot: Total of 1 processors activated (4199.99 BogoMIPS)
[    0.831462] Memory: 467940K/523768K available (19358K kernel code, 3000K rwdata, 8044K rodata, 2984K init, 884K bss, 53016K reserved, 0K cma-reserved)
[    0.840778] devtmpfs: initialized
[    0.851739] posixtimers hash table entries: 512 (order: 1, 8192 bytes, linear)
[    0.852167] futex hash table entries: 256 (16384 bytes on 1 NUMA nodes, total 16 KiB, linear).
[    0.856282] PM: RTC time: 16:55:17, date: 2026-08-15
[    0.862886] NET: Registered PF_NETLINK/PF_ROUTE protocol family
[    0.866684] audit: initializing netlink subsys (disabled)
[    0.868841] audit: type=2000 audit(1786812917.694:1): state=initialized audit_enabled=0 res=1
[    0.876194] thermal_sys: Registered thermal governor 'step_wise'
[    0.876770] cpuidle: using governor menu
[    0.879197] Freeing SMP alternatives memory: 56K
[    0.882820] PCI: Using configuration type 1 for base access
[    0.885697] kprobes: kprobe jump-optimization is enabled. All kprobes are optimized if possible.
[    0.891169] HugeTLB: registered 2.00 MiB page size, pre-allocated 0 pages
[    0.891370] HugeTLB: 28 KiB vmemmap can be freed for a 2.00 MiB page
[    0.905961] ACPI: Added _OSI(Module Device)
[    0.906071] ACPI: Added _OSI(Processor Device)
[    0.906136] ACPI: Added _OSI(Processor Aggregator Device)
[    0.950986] ACPI: 1 ACPI AML tables successfully acquired and loaded
[    0.987015] ACPI: \_SB_: platform _OSC: OS support mask [002a7eee]
[    0.997134] ACPI: Interpreter enabled
[    1.001602] ACPI: PM: (supports S0 S3 S4 S5)
[    1.001771] ACPI: Using IOAPIC for interrupt routing
[    1.002267] PCI: Using host bridge windows from ACPI; if necessary, use "pci=nocrs" and report a bug
[    1.004531] PCI: Using E820 reservations for host bridge windows
[    1.006235] ACPI: Enabled 2 GPEs in block 00 to 0F
[    1.104728] ACPI: PCI Root Bridge [PCI0] (domain 0000 [bus 00-ff])
[    1.107711] acpi PNP0A03:00: _OSC: OS supports [ASPM ClockPM Segments MSI HPX-Type3]
[    1.108012] acpi PNP0A03:00: _OSC: not requesting OS control; OS requires [ExtendedConfig ASPM ClockPM MSI]
[    1.108583] acpi PNP0A03:00: _OSC: platform retains control of PCIe features (AE_ERROR)
[    1.109168] acpi PNP0A03:00: fail to add MMCONFIG information, can't access extended configuration space under this bridge
[    1.117136] PCI host bridge to bus 0000:00
[    1.119523] pci_bus 0000:00: root bus resource [io  0x0000-0x0cf7 window]
[    1.119791] pci_bus 0000:00: root bus resource [io  0x0d00-0xffff window]
[    1.119887] pci_bus 0000:00: root bus resource [mem 0x000a0000-0x000bffff window]
[    1.120037] pci_bus 0000:00: root bus resource [mem 0x20000000-0xfebfffff window]
[    1.120133] pci_bus 0000:00: root bus resource [mem 0x100000000-0x17fffffff window]
[    1.120385] pci_bus 0000:00: root bus resource [bus 00-ff]
[    1.124040] pci 0000:00:00.0: [8086:1237] type 00 class 0x060000 conventional PCI endpoint
[    1.135568] pci 0000:00:01.0: [8086:7000] type 00 class 0x060100 conventional PCI endpoint
[    1.136555] pci 0000:00:01.1: [8086:7010] type 00 class 0x010180 conventional PCI endpoint
[    1.139583] pci 0000:00:01.1: BAR 4 [io  0xc040-0xc04f]
[    1.139817] pci 0000:00:01.1: BAR 0 [io  0x01f0-0x01f7]: legacy IDE quirk
[    1.139937] pci 0000:00:01.1: BAR 1 [io  0x03f6]: legacy IDE quirk
[    1.140058] pci 0000:00:01.1: BAR 2 [io  0x0170-0x0177]: legacy IDE quirk
[    1.140159] pci 0000:00:01.1: BAR 3 [io  0x0376]: legacy IDE quirk
[    1.141328] pci 0000:00:01.3: [8086:7113] type 00 class 0x068000 conventional PCI endpoint
[    1.143971] pci 0000:00:01.3: quirk: [io  0x0600-0x063f] claimed by PIIX4 ACPI
[    1.144165] pci 0000:00:01.3: quirk: [io  0x0700-0x070f] claimed by PIIX4 SMB
[    1.145123] pci 0000:00:02.0: [1234:1111] type 00 class 0x030000 conventional PCI endpoint
[    1.147870] pci 0000:00:02.0: BAR 0 [mem 0xfd000000-0xfdffffff pref]
[    1.148069] pci 0000:00:02.0: BAR 2 [mem 0xfebb0000-0xfebb0fff]
[    1.148157] pci 0000:00:02.0: ROM [mem 0xfeba0000-0xfebaffff pref]
[    1.148601] pci 0000:00:02.0: Video device with shadowed ROM at [mem 0x000c0000-0x000dffff]
[    1.151598] pci 0000:00:03.0: [8086:100e] type 00 class 0x020000 conventional PCI endpoint
[    1.152485] pci 0000:00:03.0: BAR 0 [mem 0xfeb80000-0xfeb9ffff]
[    1.152626] pci 0000:00:03.0: BAR 1 [io  0xc000-0xc03f]
[    1.152709] pci 0000:00:03.0: ROM [mem 0xfeb00000-0xfeb7ffff pref]
[    1.180708] ACPI: PCI: Interrupt link LNKA configured for IRQ 10
[    1.183913] ACPI: PCI: Interrupt link LNKB configured for IRQ 10
[    1.184682] ACPI: PCI: Interrupt link LNKC configured for IRQ 11
[    1.185438] ACPI: PCI: Interrupt link LNKD configured for IRQ 11
[    1.188016] ACPI: PCI: Interrupt link LNKS configured for IRQ 9
[    1.196831] iommu: Default domain type: Translated
[    1.196956] iommu: DMA domain TLB invalidation policy: lazy mode
[    1.200777] SCSI subsystem initialized
[    1.204775] ACPI: bus type USB registered
[    1.205148] usbcore: registered new interface driver usbfs
[    1.207577] usbcore: registered new interface driver hub
[    1.207845] usbcore: registered new device driver usb
[    1.208253] pps_core: LinuxPPS API ver. 1 registered
[    1.208343] pps_core: Software ver. 5.3.6 - Copyright 2005-2007 Rodolfo Giometti <giometti@linux.it>
[    1.208497] PTP clock support registered
[    1.210934] Advanced Linux Sound Architecture Driver Initialized.
[    1.233389] NetLabel: Initializing
[    1.235525] NetLabel:  domain hash size = 128
[    1.235617] NetLabel:  protocols = UNLABELED CIPSOv4 CALIPSO
[    1.236597] NetLabel:  unlabeled traffic allowed by default
[    1.248299] PCI: Using ACPI for IRQ routing
[    1.249017] e820: register RAM buffer resource [mem 0x0009fc00-0x0009ffff]
[    1.249298] e820: register RAM buffer resource [mem 0x1ffe0000-0x1fffffff]
[    1.254208] pci 0000:00:02.0: vgaarb: setting as boot VGA device
[    1.254390] pci 0000:00:02.0: vgaarb: bridge control possible
[    1.254485] pci 0000:00:02.0: vgaarb: VGA device added: decodes=io+mem,owns=io+mem,locks=none
[    1.254536] vgaarb: loaded
[    1.258217] hpet: 3 channels of 0 reserved for per-cpu timers
[    1.258769] hpet0: at MMIO 0xfed00000, IRQs 2, 8, 0
[    1.261658] hpet0: 3 comparators, 64-bit 100.000000 MHz counter
[    1.270391] clocksource: Switched to clocksource tsc-early
[    1.279679] VFS: Disk quotas dquot_6.6.0
[    1.279952] VFS: Dquot-cache hash table entries: 512 (4096 bytes)
[    1.290304] pnp: PnP ACPI init
[    1.302459] pnp: PnP ACPI: found 5 devices
[    1.361010] clocksource: acpi_pm: mask: 0xffffff max_cycles: 0xffffff, max_idle_ns: 2085701024 ns
[    1.362817] NET: Registered PF_INET protocol family
[    1.366948] IP idents hash table entries: 8192 (order: 4, 65536 bytes, linear)
[    1.381014] tcp_listen_portaddr_hash hash table entries: 256 (order: 0, 4096 bytes, linear)
[    1.382102] Table-perturb hash table entries: 65536 (order: 6, 262144 bytes, linear)
[    1.382309] TCP established hash table entries: 4096 (order: 3, 32768 bytes, linear)
[    1.382602] TCP bind hash table entries: 4096 (order: 5, 131072 bytes, linear)
[    1.383777] TCP: Hash tables configured (established 4096 bind 4096)
[    1.385480] UDP hash table entries: 256 (order: 2, 16384 bytes, linear)
[    1.390116] NET: Registered PF_UNIX/PF_LOCAL protocol family
[    1.396668] RPC: Registered named UNIX socket transport module.
[    1.396819] RPC: Registered udp transport module.
[    1.396926] RPC: Registered tcp transport module.
[    1.397002] RPC: Registered tcp-with-tls transport module.
[    1.397079] RPC: Registered tcp NFSv4.1 backchannel transport module.
[    1.408257] pci_bus 0000:00: resource 4 [io  0x0000-0x0cf7 window]
[    1.409232] pci_bus 0000:00: resource 5 [io  0x0d00-0xffff window]
[    1.409329] pci_bus 0000:00: resource 6 [mem 0x000a0000-0x000bffff window]
[    1.409422] pci_bus 0000:00: resource 7 [mem 0x20000000-0xfebfffff window]
[    1.409509] pci_bus 0000:00: resource 8 [mem 0x100000000-0x17fffffff window]
[    1.411053] pci 0000:00:01.0: PIIX3: Enabling Passive Release
[    1.411247] pci 0000:00:00.0: Limiting direct PCI/PCI transfers
[    1.412364] PCI: CLS 0 bytes, default 64
[    1.429411] Unpacking initramfs...
[    1.438711] Initialise system trusted keyrings
[    1.445752] workingset: timestamp_bits=56 (anon: 51) max_order=17 bucket_order=0 (anon: 0)
[    1.459646] NFS: Registering the id_resolver key type
[    1.460089] Key type id_resolver registered
[    1.460182] Key type id_legacy registered
[    1.462003] nfs4filelayout_init: NFSv4 File Layout Driver Registering...
[    1.462406] nfs4flexfilelayout_init: NFSv4 Flexfile Layout Driver Registering...
[    1.465667] 9p: Installing v9fs 9p2000 file system support
[    1.485482] Key type asymmetric registered
[    1.485671] Asymmetric key parser 'x509' registered
[    1.487791] Block layer SCSI generic (bsg) driver version 0.4 loaded (major 251)
[    1.490195] io scheduler mq-deadline registered
[    1.490386] io scheduler kyber registered
[    1.508737] input: Power Button as /devices/platform/LNXPWRBN:00/input/input0
[    1.513379] ACPI: button: Power Button [PWRF]
[    1.535076] Serial: 8250/16550 driver, 4 ports, IRQ sharing enabled
[    1.554412] 00:04: ttyS0 at I/O 0x3f8 (irq = 4, base_baud = 115200) is a 16550A
[    1.595681] Non-volatile memory driver v1.3
[    1.604301] ACPI: bus type drm_connector registered
[    1.674769] loop: module loaded
[    1.677295] Freeing initrd memory: 1416K
[    1.698733] scsi host0: ata_piix
[    1.703249] scsi host1: ata_piix
[    1.703787] ata1: PATA max MWDMA2 cmd 0x1f0 ctl 0x3f6 bmdma 0xc040 irq 14 lpm-pol 0
[    1.704877] ata2: PATA max MWDMA2 cmd 0x170 ctl 0x376 bmdma 0xc048 irq 15 lpm-pol 0
[    1.715006] e100: Intel(R) PRO/100 Network Driver
[    1.715115] e100: Copyright(c) 1999-2006 Intel Corporation
[    1.715311] e1000: Intel(R) PRO/1000 Network Driver
[    1.715394] e1000: Copyright (c) 1999-2006 Intel Corporation.
[    1.878407] ata2: found unknown device (class 0)
[    1.889203] ata2.00: ATAPI: QEMU DVD-ROM, 2.5+, max UDMA/100
[    1.930491] scsi 1:0:0:0: CD-ROM            QEMU     QEMU DVD-ROM     2.5+ PQ: 0 ANSI: 5
[    1.967055] sr 1:0:0:0: [sr0] scsi3-mmc drive: 4x/4x cd/rw xa/form2 tray
[    1.977011] cdrom: Uniform CD-ROM driver Revision: 3.20
[    2.000504] sr 1:0:0:0: Attached scsi generic sg0 type 5
[    2.136503] ACPI: \_SB_.LNKC: Enabled at IRQ 11
[    2.446276] tsc: Refined TSC clocksource calibration: 2100.000 MHz
[    2.448504] clocksource: tsc: mask: 0xffffffffffffffff max_cycles: 0x1e4530a99b6, max_idle_ns: 440795257976 ns
[    2.456728] clocksource: Switched to clocksource tsc
[    2.701244] e1000 0000:00:03.0 eth0: (PCI:33MHz:32-bit) 52:54:00:12:34:56
[    2.702666] e1000 0000:00:03.0 eth0: Intel(R) PRO/1000 Network Connection
[    2.704378] e1000e: Intel(R) PRO/1000 Network Driver
[    2.704478] e1000e: Copyright(c) 1999 - 2015 Intel Corporation.
[    2.704711] sky2: driver version 1.30
[    2.712069] usbcore: registered new interface driver usblp
[    2.712366] usbcore: registered new interface driver usb-storage
[    2.715312] i8042: PNP: PS/2 Controller [PNP0303:KBD,PNP0f13:MOU] at 0x60,0x64 irq 1,12
[    2.723415] serio: i8042 KBD port at 0x60,0x64 irq 1
[    2.723756] serio: i8042 AUX port at 0x60,0x64 irq 12
[    2.731718] rtc_cmos PNP0B00:00: RTC can wake from S4
[    2.737217] input: AT Translated Set 2 keyboard as /devices/platform/i8042/serio0/input/input1
[    2.742483] rtc_cmos PNP0B00:00: registered as rtc0
[    2.747318] rtc_cmos PNP0B00:00: alarms up to one day, y3k, 242 bytes nvram, hpet irqs
[    2.752225] device-mapper: ioctl: 4.50.0-ioctl (2025-04-28) initialised: dm-devel@lists.linux.dev
[    2.754716] hid: raw HID events driver (C) Jiri Kosina
[    2.757149] usbcore: registered new interface driver usbhid
[    2.758096] usbhid: USB HID core driver
[    2.771231] nf_conntrack_irc: The irc conntrack helper is scheduled for removal.
[    2.771231] Please contact the netfilter-devel mailing list if you still need this.
[    2.775322] Initializing XFRM netlink socket
[    2.775810] NET: Registered PF_INET6 protocol family
[    2.797182] Segment Routing with IPv6
[    2.797496] In-situ OAM (IOAM) with IPv6
[    2.800358] NET: Registered PF_PACKET protocol family
[    2.803536] 9pnet: Installing 9P2000 support
[    2.804735] Key type dns_resolver registered
[    2.811420] IPI shorthand broadcast: enabled
[    2.881012] sched_clock: Marking stable (2849018098, 31856482)->(2891625808, -10751228)
[    2.886338] registered taskstats version 1
[    2.886484] Loading compiled-in X.509 certificates
[    2.917313] Demotion targets for Node 0: null
[    2.925153] PM:   Magic number: 6:727:944
[    2.925465] tty tty1: hash matches
[    2.926728] netconsole: network logging started
[    2.929597] cfg80211: Loading compiled-in X.509 certificates for regulatory database
[    2.950349] kworker/u4:5 (53) used greatest stack depth: 15048 bytes left
[    2.957441] cryptomgr_probe (55) used greatest stack depth: 15008 bytes left
[    2.968345] Loaded X.509 cert 'sforshee: 00b28ddf47aef9cea7'
[    2.969127] Loaded X.509 cert 'wens: 61c038651aabdcf94bd0ac7ff06c7248db18c600'
[    2.972748] faux_driver regulatory: Direct firmware load for regulatory.db failed with error -2
[    2.973287] cfg80211: failed to load regulatory.db
[    2.974218] ALSA device list:
[    2.974328]   No soundcards found.
[    3.063770] Freeing unused kernel image (initmem) memory: 2984K
[    3.064366] Write protecting the kernel read-only data: 28672k
[    3.066607] Freeing unused kernel image (text/rodata gap) memory: 1120K
[    3.067069] Freeing unused kernel image (rodata/data gap) memory: 148K
[    3.168871] input: ImExPS/2 Generic Explorer Mouse as /devices/platform/i8042/serio1/input/input3
[    3.191608] x86/mm: Checked W+X mappings: passed, no W+X pages found.
[    3.192004] Run /init as init process
[    3.294813] busybox (56) used greatest stack depth: 13784 bytes left
FAISAL_M66_BOOT_OK
M66_TRANSPORT_REGISTER_OK id=1
M66_TRANSPORT_QUERY_OK
M66_STALE_CAPABILITY_REJECT_OK
M66_ZERO_COPY_BOUNDARY_OK
M66_TRANSPORT_REVOKE_OK
M66_SELFTEST_EXIT=0
FAISAL_M66_TEST_RC=0
[    3.530045] ACPI: PM: Preparing to enter system sleep state S5
[    3.530860] reboot: Power down
QEMU_RC=0
FAISAL_M66_SELFTEST_EXIT=0
REGRESSION_SCRIPT_RC=0

=== tools/faisal-build/run_execution_domain_qemu.sh ===
c[?7l[2J[0mSeaBIOS (version 1.16.3-debian-1.16.3-2)


iPXE (https://ipxe.org) 00:03.0 CA00 PCI2.10 PnP PMM+1EFCAE00+1EF0AE00 CA00
Press Ctrl-B to configure iPXE (PCI 00:03.0)...


Booting from ROM..c[?7l[2J[    0.000000] Linux version 7.2.0-rc7-g03d7a0afa3e6-dirty (ubuntu@db71298c03d4) (gcc (Ubuntu 13.3.0-6ubuntu2~24.04.1) 13.3.0, GNU ld (GNU Binutils for Ubuntu) 2.42) #13 SMP PREEMPT_DYNAMIC Sat Aug 15 16:00:59 UTC 2026
[    0.000000] Command line: console=ttyS0 rdinit=/init
[    0.000000] BIOS-provided physical RAM map:
[    0.000000] BIOS-e820: [mem 0x0000000000000000-0x000000000009fbff]  System RAM
[    0.000000] BIOS-e820: [mem 0x000000000009fc00-0x000000000009ffff]  device reserved
[    0.000000] BIOS-e820: [gap 0x00000000000a0000-0x00000000000effff]
[    0.000000] BIOS-e820: [mem 0x00000000000f0000-0x00000000000fffff]  device reserved
[    0.000000] BIOS-e820: [mem 0x0000000000100000-0x000000001ffdffff]  System RAM
[    0.000000] BIOS-e820: [mem 0x000000001ffe0000-0x000000001fffffff]  device reserved
[    0.000000] BIOS-e820: [gap 0x0000000020000000-0x00000000fffbffff]
[    0.000000] BIOS-e820: [mem 0x00000000fffc0000-0x00000000ffffffff]  device reserved
[    0.000000] BIOS-e820: [gap 0x0000000100000000-0x000000fcffffffff]
[    0.000000] BIOS-e820: [mem 0x000000fd00000000-0x000000ffffffffff]  device reserved
[    0.000000] NX (Execute Disable) protection: active
[    0.000000] APIC: Static calls initialized
[    0.000000] DMI: SMBIOS 3.0.0 present.
[    0.000000] DMI: QEMU Standard PC (i440FX + PIIX, 1996), BIOS 1.16.3-debian-1.16.3-2 04/01/2014
[    0.000000] DMI: Memory slots populated: 1/1
[    0.000000] tsc: Fast TSC calibration using PIT
[    0.000000] tsc: Detected 2099.990 MHz processor
[    0.008026] last_pfn = 0x1ffe0 max_arch_pfn = 0x400000000
[    0.008814] MTRR map: 4 entries (3 fixed + 1 variable; max 19), built from 8 variable MTRRs
[    0.009002] x86/PAT: Configuration [0-7]: WB  WC  UC- UC  WB  WP  UC- WT
[    0.022472] found SMP MP-table at [mem 0x000f5480-0x000f548f]
[    0.028115] RAMDISK: [mem 0x1fe7e000-0x1ffdffff]
[    0.028712] ACPI: Early table checksum verification disabled
[    0.029188] ACPI: RSDP 0x00000000000F52B0 000014 (v00 BOCHS )
[    0.029500] ACPI: RSDT 0x000000001FFE1CAD 000034 (v01 BOCHS  BXPC     00000001 BXPC 00000001)
[    0.030279] ACPI: FACP 0x000000001FFE1B59 000074 (v01 BOCHS  BXPC     00000001 BXPC 00000001)
[    0.031001] ACPI: DSDT 0x000000001FFE0040 001B19 (v01 BOCHS  BXPC     00000001 BXPC 00000001)
[    0.031077] ACPI: FACS 0x000000001FFE0000 000040
[    0.031126] ACPI: APIC 0x000000001FFE1BCD 000080 (v03 BOCHS  BXPC     00000001 BXPC 00000001)
[    0.031144] ACPI: HPET 0x000000001FFE1C4D 000038 (v01 BOCHS  BXPC     00000001 BXPC 00000001)
[    0.031160] ACPI: WAET 0x000000001FFE1C85 000028 (v01 BOCHS  BXPC     00000001 BXPC 00000001)
[    0.031252] ACPI: Reserving FACP table memory at [mem 0x1ffe1b59-0x1ffe1bcc]
[    0.031275] ACPI: Reserving DSDT table memory at [mem 0x1ffe0040-0x1ffe1b58]
[    0.031282] ACPI: Reserving FACS table memory at [mem 0x1ffe0000-0x1ffe003f]
[    0.031288] ACPI: Reserving APIC table memory at [mem 0x1ffe1bcd-0x1ffe1c4c]
[    0.031292] ACPI: Reserving HPET table memory at [mem 0x1ffe1c4d-0x1ffe1c84]
[    0.031297] ACPI: Reserving WAET table memory at [mem 0x1ffe1c85-0x1ffe1cac]
[    0.033488] No NUMA configuration found
[    0.033509] Faking a node at [mem 0x0000000000000000-0x000000001ffdffff]
[    0.034215] NODE_DATA(0) allocated [mem 0x1fe7a680-0x1fe7dfff]
[    0.035064] ACPI: PM-Timer IO Port: 0x608
[    0.035522] ACPI: LAPIC_NMI (acpi_id[0xff] dfl dfl lint[0x1])
[    0.035966] IOAPIC[0]: apic_id 0, version 32, address 0xfec00000, GSI 0-23
[    0.036092] ACPI: INT_SRC_OVR (bus 0 bus_irq 0 global_irq 2 dfl dfl)
[    0.036413] ACPI: INT_SRC_OVR (bus 0 bus_irq 5 global_irq 5 high level)
[    0.036471] ACPI: INT_SRC_OVR (bus 0 bus_irq 9 global_irq 9 high level)
[    0.036564] ACPI: INT_SRC_OVR (bus 0 bus_irq 10 global_irq 10 high level)
[    0.036572] ACPI: INT_SRC_OVR (bus 0 bus_irq 11 global_irq 11 high level)
[    0.036799] ACPI: Using ACPI (MADT) for SMP configuration information
[    0.036841] ACPI: HPET id: 0x8086a201 base: 0xfed00000
[    0.037251] CPU topo: Max. logical packages:   1
[    0.037308] CPU topo: Max. logical nodes:      1
[    0.037317] CPU topo: Num. nodes per package:  1
[    0.037371] CPU topo: Max. logical dies:       1
[    0.037380] CPU topo: Max. dies per package:   1
[    0.037428] CPU topo: Max. threads per core:   1
[    0.037567] CPU topo: Num. cores per package:     2
[    0.037584] CPU topo: Num. threads per package:   2
[    0.037592] CPU topo: Allowing 2 present CPUs plus 0 hotplug CPUs
[    0.038501] PM: hibernation: Registered nosave memory: [mem 0x00000000-0x00000fff]
[    0.038537] PM: hibernation: Registered nosave memory: [mem 0x0009f000-0x000fffff]
[    0.038658] [gap 0x20000000-0xfffbffff] available for PCI devices
[    0.038736] Booting paravirtualized kernel on bare hardware
[    0.039022] clocksource: refined-jiffies: mask: 0xffffffff max_cycles: 0xffffffff, max_idle_ns: 1910969940391419 ns
[    0.054063] Zone ranges:
[    0.054093]   DMA      [mem 0x0000000000001000-0x0000000000ffffff]
[    0.054194]   DMA32    [mem 0x0000000001000000-0x000000001ffdffff]
[    0.054210]   Normal   empty
[    0.054235] Movable zone start for each node
[    0.054268] Early memory node ranges
[    0.054302]   node   0: [mem 0x0000000000001000-0x000000000009efff]
[    0.054436]   node   0: [mem 0x0000000000100000-0x000000001ffdffff]
[    0.054570] Initmem setup node 0 [mem 0x0000000000001000-0x000000001ffdffff]
[    0.056006] On node 0, zone DMA: 1 pages in unavailable ranges
[    0.056313] On node 0, zone DMA: 97 pages in unavailable ranges
[    0.059892] On node 0, zone DMA32: 32 pages in unavailable ranges
[    0.060134] setup_percpu: NR_CPUS:64 nr_cpumask_bits:2 nr_cpu_ids:2 nr_node_ids:1
[    0.062042] percpu: Embedded 52 pages/cpu s175704 r8192 d29096 u1048576
[    0.064404] Kernel command line: console=ttyS0 rdinit=/init
[    0.065532] printk: log buffer data + meta data: 262144 + 917504 = 1179648 bytes
[    0.065923] Dentry cache hash table entries: 65536 (order: 7, 524288 bytes, linear)
[    0.066100] Inode-cache hash table entries: 32768 (order: 6, 262144 bytes, linear)
[    0.070258] Fallback order for Node 0: 0
[    0.070626] Built 1 zonelists, mobility grouping on.  Total pages: 130942
[    0.070647] Policy zone: DMA32
[    0.070950] mem auto-init: stack:all(zero), heap alloc:off, heap free:off
[    0.083693] SLUB: HWalign=64, Order=0-3, MinObjects=0, CPUs=2, Nodes=1
[    0.096716] Dynamic Preempt: lazy
[    0.101005] rcu: Preemptible hierarchical RCU implementation.
[    0.101026] rcu: 	RCU event tracing is enabled.
[    0.101053] rcu: 	RCU restricting CPUs from NR_CPUS=64 to nr_cpu_ids=2.
[    0.101208] 	Trampoline variant of Tasks RCU enabled.
[    0.101216] 	Tracing variant of Tasks RCU enabled.
[    0.101319] rcu: RCU calculated value of scheduler-enlistment delay is 100 jiffies.
[    0.101346] rcu: Adjusting geometry for rcu_fanout_leaf=16, nr_cpu_ids=2
[    0.102838] RCU Tasks: Setting shift to 1 and lim to 1 rcu_task_cb_adjust=1 rcu_task_cpu_ids=2.
[    0.130216] NR_IRQS: 4352, nr_irqs: 440, preallocated irqs: 16
[    0.140960] rcu: srcu_init: Setting srcu_struct sizes based on contention.
[    0.141797] clocksource: jiffies: mask: 0xffffffff max_cycles: 0xffffffff, max_idle_ns: 1911260446275000 ns
[    0.148584] Console: colour VGA+ 80x25
[    0.150769] printk: legacy console [ttyS0] enabled
[    0.162115] ACPI: Core revision 20260408
[    0.168234] clocksource: hpet: mask: 0xffffffff max_cycles: 0xffffffff, max_idle_ns: 19112604467 ns
[    0.174321] APIC: Switch to symmetric I/O mode setup
[    0.179113] ..TIMER: vector=0x30 apic1=0 pin1=2 apic2=-1 pin2=-1
[    0.184982] clocksource: tsc-early: mask: 0xffffffffffffffff max_cycles: 0x1e45270b174, max_idle_ns: 440795290368 ns
[    0.185523] Calibrating delay loop (skipped), value calculated using timer frequency.. 4199.98 BogoMIPS (lpj=2099990)
[    0.190183] Last level iTLB entries: 4KB 512, 2MB 255, 4MB 127
[    0.190307] Last level dTLB entries: 4KB 512, 2MB 255, 4MB 127, 1GB 0
[    0.190635] mitigations: Enabled attack vectors: user_kernel, user_user, SMT mitigations: auto
[    0.191284] Spectre V2 : Mitigation: Retpolines
[    0.191514] Spectre V1 : Mitigation: usercopy/swapgs barriers and __user pointer sanitization
[    0.191731] Spectre V2 : Spectre v2 / SpectreRSB: Filling RSB on context switch and VMEXIT
[    0.194987] x86/fpu: x87 FPU will use FXSAVE
[    0.344360] pid_max: default: 32768 minimum: 301
[    0.356856] SELinux:  Initializing.
[    0.363905] Mount-cache hash table entries: 1024 (order: 1, 8192 bytes, linear)
[    0.364346] Mountpoint-cache hash table entries: 1024 (order: 1, 8192 bytes, linear)
[    0.374627] VFS: Finished mounting rootfs on nullfs
[    0.505266] smpboot: CPU0: AMD QEMU Virtual CPU version 2.5+ (family: 0xf, model: 0x6b, stepping: 0x1)
[    0.521538] Performance Events: PMU not available due to virtualization, using software events only.
[    0.522803] signal: max sigframe size: 1440
[    0.524657] rcu: Hierarchical SRCU implementation.
[    0.524783] rcu: 	Max phase no-delay instances is 400.
[    0.526743] Timer migration: 1 hierarchy levels; 8 children per group; 1 crossnode level
[    0.532730] smp: Bringing up secondary CPUs ...
[    0.541549] smpboot: x86: Booting SMP configuration:
[    0.541679] .... node  #0, CPUs:      #1
[    0.624587] smp: Brought up 1 node, 2 CPUs
[    0.624998] smpboot: Total of 2 processors activated (8397.09 BogoMIPS)
[    0.637112] Memory: 466996K/523768K available (19358K kernel code, 3000K rwdata, 8044K rodata, 2984K init, 884K bss, 53232K reserved, 0K cma-reserved)
[    0.649331] devtmpfs: initialized
[    0.661799] posixtimers hash table entries: 1024 (order: 2, 16384 bytes, linear)
[    0.662436] futex hash table entries: 512 (32768 bytes on 1 NUMA nodes, total 32 KiB, linear).
[    0.667414] PM: RTC time: 16:55:22, date: 2026-08-15
[    0.673907] NET: Registered PF_NETLINK/PF_ROUTE protocol family
[    0.677704] audit: initializing netlink subsys (disabled)
[    0.680687] audit: type=2000 audit(1786812922.506:1): state=initialized audit_enabled=0 res=1
[    0.686587] thermal_sys: Registered thermal governor 'step_wise'
[    0.687365] cpuidle: using governor menu
[    0.689881] Freeing SMP alternatives memory: 56K
[    0.693765] PCI: Using configuration type 1 for base access
[    0.694461] mtrr: your CPUs had inconsistent fixed MTRR settings
[    0.694581] mtrr: your CPUs had inconsistent variable MTRR settings
[    0.694678] mtrr: your CPUs had inconsistent MTRRdefType settings
[    0.694898] mtrr: probably your BIOS does not setup all CPUs.
[    0.694984] mtrr: corrected configuration.
[    0.697418] kprobes: kprobe jump-optimization is enabled. All kprobes are optimized if possible.
[    0.703362] HugeTLB: registered 2.00 MiB page size, pre-allocated 0 pages
[    0.703519] HugeTLB: 28 KiB vmemmap can be freed for a 2.00 MiB page
[    0.710446] ACPI: Added _OSI(Module Device)
[    0.710557] ACPI: Added _OSI(Processor Device)
[    0.710633] ACPI: Added _OSI(Processor Aggregator Device)
[    0.733380] ACPI: 1 ACPI AML tables successfully acquired and loaded
[    0.756466] ACPI: \_SB_: platform _OSC: OS support mask [002a7eee]
[    0.762065] ACPI: Interpreter enabled
[    0.764597] ACPI: PM: (supports S0 S3 S4 S5)
[    0.764863] ACPI: Using IOAPIC for interrupt routing
[    0.765395] PCI: Using host bridge windows from ACPI; if necessary, use "pci=nocrs" and report a bug
[    0.765580] PCI: Using E820 reservations for host bridge windows
[    0.767199] ACPI: Enabled 2 GPEs in block 00 to 0F
[    0.809312] ACPI: PCI Root Bridge [PCI0] (domain 0000 [bus 00-ff])
[    0.810306] acpi PNP0A03:00: _OSC: OS supports [ASPM ClockPM Segments MSI HPX-Type3]
[    0.810573] acpi PNP0A03:00: _OSC: not requesting OS control; OS requires [ExtendedConfig ASPM ClockPM MSI]
[    0.811574] acpi PNP0A03:00: _OSC: platform retains control of PCIe features (AE_ERROR)
[    0.812199] acpi PNP0A03:00: fail to add MMCONFIG information, can't access extended configuration space under this bridge
[    0.816216] PCI host bridge to bus 0000:00
[    0.816544] pci_bus 0000:00: root bus resource [io  0x0000-0x0cf7 window]
[    0.816801] pci_bus 0000:00: root bus resource [io  0x0d00-0xffff window]
[    0.816900] pci_bus 0000:00: root bus resource [mem 0x000a0000-0x000bffff window]
[    0.817047] pci_bus 0000:00: root bus resource [mem 0x20000000-0xfebfffff window]
[    0.817148] pci_bus 0000:00: root bus resource [mem 0x100000000-0x17fffffff window]
[    0.817461] pci_bus 0000:00: root bus resource [bus 00-ff]
[    0.819229] pci 0000:00:00.0: [8086:1237] type 00 class 0x060000 conventional PCI endpoint
[    0.824360] pci 0000:00:01.0: [8086:7000] type 00 class 0x060100 conventional PCI endpoint
[    0.825211] pci 0000:00:01.1: [8086:7010] type 00 class 0x010180 conventional PCI endpoint
[    0.826368] pci 0000:00:01.1: BAR 4 [io  0xc040-0xc04f]
[    0.826550] pci 0000:00:01.1: BAR 0 [io  0x01f0-0x01f7]: legacy IDE quirk
[    0.826665] pci 0000:00:01.1: BAR 1 [io  0x03f6]: legacy IDE quirk
[    0.826867] pci 0000:00:01.1: BAR 2 [io  0x0170-0x0177]: legacy IDE quirk
[    0.826979] pci 0000:00:01.1: BAR 3 [io  0x0376]: legacy IDE quirk
[    0.828162] pci 0000:00:01.3: [8086:7113] type 00 class 0x068000 conventional PCI endpoint
[    0.828768] pci 0000:00:01.3: quirk: [io  0x0600-0x063f] claimed by PIIX4 ACPI
[    0.828933] pci 0000:00:01.3: quirk: [io  0x0700-0x070f] claimed by PIIX4 SMB
[    0.829934] pci 0000:00:02.0: [1234:1111] type 00 class 0x030000 conventional PCI endpoint
[    0.830869] pci 0000:00:02.0: BAR 0 [mem 0xfd000000-0xfdffffff pref]
[    0.831405] pci 0000:00:02.0: BAR 2 [mem 0xfebb0000-0xfebb0fff]
[    0.831496] pci 0000:00:02.0: ROM [mem 0xfeba0000-0xfebaffff pref]
[    0.831909] pci 0000:00:02.0: Video device with shadowed ROM at [mem 0x000c0000-0x000dffff]
[    0.832893] pci 0000:00:03.0: [8086:100e] type 00 class 0x020000 conventional PCI endpoint
[    0.833849] pci 0000:00:03.0: BAR 0 [mem 0xfeb80000-0xfeb9ffff]
[    0.834402] pci 0000:00:03.0: BAR 1 [io  0xc000-0xc03f]
[    0.834486] pci 0000:00:03.0: ROM [mem 0xfeb00000-0xfeb7ffff pref]
[    0.847967] ACPI: PCI: Interrupt link LNKA configured for IRQ 10
[    0.849080] ACPI: PCI: Interrupt link LNKB configured for IRQ 10
[    0.849962] ACPI: PCI: Interrupt link LNKC configured for IRQ 11
[    0.850710] ACPI: PCI: Interrupt link LNKD configured for IRQ 11
[    0.851108] ACPI: PCI: Interrupt link LNKS configured for IRQ 9
[    0.855840] iommu: Default domain type: Translated
[    0.855984] iommu: DMA domain TLB invalidation policy: lazy mode
[    0.858958] SCSI subsystem initialized
[    0.861184] ACPI: bus type USB registered
[    0.861647] usbcore: registered new interface driver usbfs
[    0.862144] usbcore: registered new interface driver hub
[    0.862436] usbcore: registered new device driver usb
[    0.863435] pps_core: LinuxPPS API ver. 1 registered
[    0.863555] pps_core: Software ver. 5.3.6 - Copyright 2005-2007 Rodolfo Giometti <giometti@linux.it>
[    0.863894] PTP clock support registered
[    0.867246] Advanced Linux Sound Architecture Driver Initialized.
[    0.879184] NetLabel: Initializing
[    0.879306] NetLabel:  domain hash size = 128
[    0.879404] NetLabel:  protocols = UNLABELED CIPSOv4 CALIPSO
[    0.880365] NetLabel:  unlabeled traffic allowed by default
[    0.885584] PCI: Using ACPI for IRQ routing
[    0.886297] e820: register RAM buffer resource [mem 0x0009fc00-0x0009ffff]
[    0.886655] e820: register RAM buffer resource [mem 0x1ffe0000-0x1fffffff]
[    0.889255] pci 0000:00:02.0: vgaarb: setting as boot VGA device
[    0.889266] pci 0000:00:02.0: vgaarb: bridge control possible
[    0.889266] pci 0000:00:02.0: vgaarb: VGA device added: decodes=io+mem,owns=io+mem,locks=none
[    0.889333] vgaarb: loaded
[    0.891465] hpet: 3 channels of 0 reserved for per-cpu timers
[    0.891888] hpet0: at MMIO 0xfed00000, IRQs 2, 8, 0
[    0.892091] hpet0: 3 comparators, 64-bit 100.000000 MHz counter
[    0.899407] clocksource: Switched to clocksource tsc-early
[    0.901984] VFS: Disk quotas dquot_6.6.0
[    0.902180] VFS: Dquot-cache hash table entries: 512 (4096 bytes)
[    0.906579] pnp: PnP ACPI init
[    0.911782] pnp: PnP ACPI: found 5 devices
[    0.942892] clocksource: acpi_pm: mask: 0xffffff max_cycles: 0xffffff, max_idle_ns: 2085701024 ns
[    0.944016] NET: Registered PF_INET protocol family
[    0.946156] IP idents hash table entries: 8192 (order: 4, 65536 bytes, linear)
[    0.954654] tcp_listen_portaddr_hash hash table entries: 256 (order: 0, 4096 bytes, linear)
[    0.954940] Table-perturb hash table entries: 65536 (order: 6, 262144 bytes, linear)
[    0.955124] TCP established hash table entries: 4096 (order: 3, 32768 bytes, linear)
[    0.955552] TCP bind hash table entries: 4096 (order: 5, 131072 bytes, linear)
[    0.955849] TCP: Hash tables configured (established 4096 bind 4096)
[    0.956817] UDP hash table entries: 256 (order: 2, 16384 bytes, linear)
[    0.959656] NET: Registered PF_UNIX/PF_LOCAL protocol family
[    0.962876] RPC: Registered named UNIX socket transport module.
[    0.963034] RPC: Registered udp transport module.
[    0.963157] RPC: Registered tcp transport module.
[    0.963375] RPC: Registered tcp-with-tls transport module.
[    0.963507] RPC: Registered tcp NFSv4.1 backchannel transport module.
[    0.968440] pci_bus 0000:00: resource 4 [io  0x0000-0x0cf7 window]
[    0.968573] pci_bus 0000:00: resource 5 [io  0x0d00-0xffff window]
[    0.968666] pci_bus 0000:00: resource 6 [mem 0x000a0000-0x000bffff window]
[    0.968779] pci_bus 0000:00: resource 7 [mem 0x20000000-0xfebfffff window]
[    0.968956] pci_bus 0000:00: resource 8 [mem 0x100000000-0x17fffffff window]
[    0.969856] pci 0000:00:01.0: PIIX3: Enabling Passive Release
[    0.970148] pci 0000:00:00.0: Limiting direct PCI/PCI transfers
[    0.970564] PCI: CLS 0 bytes, default 64
[    0.978694] Unpacking initramfs...
[    0.991907] Initialise system trusted keyrings
[    0.997558] workingset: timestamp_bits=56 (anon: 51) max_order=17 bucket_order=0 (anon: 0)
[    1.005958] NFS: Registering the id_resolver key type
[    1.006452] Key type id_resolver registered
[    1.006549] Key type id_legacy registered
[    1.006699] nfs4filelayout_init: NFSv4 File Layout Driver Registering...
[    1.007131] nfs4flexfilelayout_init: NFSv4 Flexfile Layout Driver Registering...
[    1.011368] 9p: Installing v9fs 9p2000 file system support
[    1.023504] Key type asymmetric registered
[    1.023657] Asymmetric key parser 'x509' registered
[    1.024066] Block layer SCSI generic (bsg) driver version 0.4 loaded (major 251)
[    1.024724] io scheduler mq-deadline registered
[    1.024869] io scheduler kyber registered
[    1.034005] input: Power Button as /devices/platform/LNXPWRBN:00/input/input0
[    1.037592] ACPI: button: Power Button [PWRF]
[    1.050487] Serial: 8250/16550 driver, 4 ports, IRQ sharing enabled
[    1.059987] 00:04: ttyS0 at I/O 0x3f8 (irq = 4, base_baud = 115200) is a 16550A
[    1.087863] Non-volatile memory driver v1.3
[    1.092268] ACPI: bus type drm_connector registered
[    1.096514] Freeing initrd memory: 1416K
[    1.116085] loop: module loaded
[    1.129460] scsi host0: ata_piix
[    1.132053] scsi host1: ata_piix
[    1.132653] ata1: PATA max MWDMA2 cmd 0x1f0 ctl 0x3f6 bmdma 0xc040 irq 14 lpm-pol 0
[    1.132857] ata2: PATA max MWDMA2 cmd 0x170 ctl 0x376 bmdma 0xc048 irq 15 lpm-pol 0
[    1.135004] e100: Intel(R) PRO/100 Network Driver
[    1.135113] e100: Copyright(c) 1999-2006 Intel Corporation
[    1.136111] e1000: Intel(R) PRO/1000 Network Driver
[    1.136254] e1000: Copyright (c) 1999-2006 Intel Corporation.
[    1.302372] ata2: found unknown device (class 0)
[    1.306641] ata2.00: ATAPI: QEMU DVD-ROM, 2.5+, max UDMA/100
[    1.322107] ACPI: \_SB_.LNKC: Enabled at IRQ 11
[    1.331026] scsi 1:0:0:0: CD-ROM            QEMU     QEMU DVD-ROM     2.5+ PQ: 0 ANSI: 5
[    1.360659] sr 1:0:0:0: [sr0] scsi3-mmc drive: 4x/4x cd/rw xa/form2 tray
[    1.378042] cdrom: Uniform CD-ROM driver Revision: 3.20
[    1.399572] sr 1:0:0:0: Attached scsi generic sg0 type 5
[    1.642420] e1000 0000:00:03.0 eth0: (PCI:33MHz:32-bit) 52:54:00:12:34:56
[    1.643222] e1000 0000:00:03.0 eth0: Intel(R) PRO/1000 Network Connection
[    1.643915] e1000e: Intel(R) PRO/1000 Network Driver
[    1.644019] e1000e: Copyright(c) 1999 - 2015 Intel Corporation.
[    1.644369] sky2: driver version 1.30
[    1.647259] usbcore: registered new interface driver usblp
[    1.647554] usbcore: registered new interface driver usb-storage
[    1.648949] i8042: PNP: PS/2 Controller [PNP0303:KBD,PNP0f13:MOU] at 0x60,0x64 irq 1,12
[    1.653530] serio: i8042 KBD port at 0x60,0x64 irq 1
[    1.654057] serio: i8042 AUX port at 0x60,0x64 irq 12
[    1.659342] rtc_cmos PNP0B00:00: RTC can wake from S4
[    1.663076] input: AT Translated Set 2 keyboard as /devices/platform/i8042/serio0/input/input1
[    1.664278] rtc_cmos PNP0B00:00: registered as rtc0
[    1.665683] rtc_cmos PNP0B00:00: alarms up to one day, y3k, 242 bytes nvram, hpet irqs
[    1.668604] device-mapper: ioctl: 4.50.0-ioctl (2025-04-28) initialised: dm-devel@lists.linux.dev
[    1.669579] hid: raw HID events driver (C) Jiri Kosina
[    1.671213] usbcore: registered new interface driver usbhid
[    1.671466] usbhid: USB HID core driver
[    1.679051] nf_conntrack_irc: The irc conntrack helper is scheduled for removal.
[    1.679051] Please contact the netfilter-devel mailing list if you still need this.
[    1.680579] Initializing XFRM netlink socket
[    1.681363] NET: Registered PF_INET6 protocol family
[    1.694959] Segment Routing with IPv6
[    1.695274] In-situ OAM (IOAM) with IPv6
[    1.696429] NET: Registered PF_PACKET protocol family
[    1.698271] 9pnet: Installing 9P2000 support
[    1.698719] Key type dns_resolver registered
[    1.702195] IPI shorthand broadcast: enabled
[    1.735362] sched_clock: Marking stable (1703092485, 31610221)->(1746054598, -11351892)
[    1.740187] registered taskstats version 1
[    1.740359] Loading compiled-in X.509 certificates
[    1.754881] Demotion targets for Node 0: null
[    1.758642] PM:   Magic number: 6:727:944
[    1.759086] tty tty1: hash matches
[    1.759498] netconsole: network logging started
[    1.760772] cfg80211: Loading compiled-in X.509 certificates for regulatory database
[    1.770533] kworker/u8:1 (62) used greatest stack depth: 15048 bytes left
[    1.784555] Loaded X.509 cert 'sforshee: 00b28ddf47aef9cea7'
[    1.785805] Loaded X.509 cert 'wens: 61c038651aabdcf94bd0ac7ff06c7248db18c600'
[    1.788224] ALSA device list:
[    1.788384]   No soundcards found.
[    1.788525] faux_driver regulatory: Direct firmware load for regulatory.db failed with error -2
[    1.789045] cfg80211: failed to load regulatory.db
[    1.902145] Freeing unused kernel image (initmem) memory: 2984K
[    1.902789] Write protecting the kernel read-only data: 28672k
[    1.906406] Freeing unused kernel image (text/rodata gap) memory: 1120K
[    1.907110] Freeing unused kernel image (rodata/data gap) memory: 148K
[    1.999436] tsc: Refined TSC clocksource calibration: 2100.000 MHz
[    2.000146] clocksource: tsc: mask: 0xffffffffffffffff max_cycles: 0x1e4530a99b6, max_idle_ns: 440795257976 ns
[    2.003191] clocksource: Switched to clocksource tsc
[    2.042345] x86/mm: Checked W+X mappings: passed, no W+X pages found.
[    2.042816] Run /init as init process
[    2.090644] input: ImExPS/2 Generic Explorer Mouse as /devices/platform/i8042/serio1/input/input3
[    2.160495] busybox (65) used greatest stack depth: 13784 bytes left
FAISAL_M67_BOOT_OK
M67_DOMAIN_CREATE_OK id=1
M67_DOMAIN_QUERY_OK
M67_STALE_DOMAIN_CAPABILITY_REJECT_OK
M67_NOHZ_BOUNDARY_OK
M67_DOMAIN_RELEASE_OK
M67_SELFTEST_EXIT=0
FAISAL_M67_TEST_RC=0
[    2.427710] ACPI: PM: Preparing to enter system sleep state S5
[    2.429141] reboot: Power down
QEMU_RC=0
FAISAL_M67_SELFTEST_EXIT=0
REGRESSION_SCRIPT_RC=0

=== tools/faisal-build/run_heterogeneous_context_qemu.sh ===
c[?7l[2J[0mSeaBIOS (version 1.16.3-debian-1.16.3-2)


iPXE (https://ipxe.org) 00:03.0 CA00 PCI2.10 PnP PMM+1EFCAE00+1EF0AE00 CA00
Press Ctrl-B to configure iPXE (PCI 00:03.0)...


Booting from ROM..c[?7l[2J[    0.000000] Linux version 7.2.0-rc7-g03d7a0afa3e6-dirty (ubuntu@db71298c03d4) (gcc (Ubuntu 13.3.0-6ubuntu2~24.04.1) 13.3.0, GNU ld (GNU Binutils for Ubuntu) 2.42) #13 SMP PREEMPT_DYNAMIC Sat Aug 15 16:00:59 UTC 2026
[    0.000000] Command line: console=ttyS0 rdinit=/init
[    0.000000] BIOS-provided physical RAM map:
[    0.000000] BIOS-e820: [mem 0x0000000000000000-0x000000000009fbff]  System RAM
[    0.000000] BIOS-e820: [mem 0x000000000009fc00-0x000000000009ffff]  device reserved
[    0.000000] BIOS-e820: [gap 0x00000000000a0000-0x00000000000effff]
[    0.000000] BIOS-e820: [mem 0x00000000000f0000-0x00000000000fffff]  device reserved
[    0.000000] BIOS-e820: [mem 0x0000000000100000-0x000000001ffdffff]  System RAM
[    0.000000] BIOS-e820: [mem 0x000000001ffe0000-0x000000001fffffff]  device reserved
[    0.000000] BIOS-e820: [gap 0x0000000020000000-0x00000000fffbffff]
[    0.000000] BIOS-e820: [mem 0x00000000fffc0000-0x00000000ffffffff]  device reserved
[    0.000000] BIOS-e820: [gap 0x0000000100000000-0x000000fcffffffff]
[    0.000000] BIOS-e820: [mem 0x000000fd00000000-0x000000ffffffffff]  device reserved
[    0.000000] NX (Execute Disable) protection: active
[    0.000000] APIC: Static calls initialized
[    0.000000] DMI: SMBIOS 3.0.0 present.
[    0.000000] DMI: QEMU Standard PC (i440FX + PIIX, 1996), BIOS 1.16.3-debian-1.16.3-2 04/01/2014
[    0.000000] DMI: Memory slots populated: 1/1
[    0.000000] last_pfn = 0x1ffe0 max_arch_pfn = 0x400000000
[    0.000000] MTRR map: 4 entries (3 fixed + 1 variable; max 19), built from 8 variable MTRRs
[    0.000000] x86/PAT: Configuration [0-7]: WB  WC  UC- UC  WB  WP  UC- WT
[    0.000000] found SMP MP-table at [mem 0x000f5480-0x000f548f]
[    0.000000] RAMDISK: [mem 0x1fe7e000-0x1ffdffff]
[    0.000000] ACPI: Early table checksum verification disabled
[    0.000000] ACPI: RSDP 0x00000000000F52B0 000014 (v00 BOCHS )
[    0.000000] ACPI: RSDT 0x000000001FFE1CAD 000034 (v01 BOCHS  BXPC     00000001 BXPC 00000001)
[    0.000000] ACPI: FACP 0x000000001FFE1B59 000074 (v01 BOCHS  BXPC     00000001 BXPC 00000001)
[    0.000000] ACPI: DSDT 0x000000001FFE0040 001B19 (v01 BOCHS  BXPC     00000001 BXPC 00000001)
[    0.000000] ACPI: FACS 0x000000001FFE0000 000040
[    0.000000] ACPI: APIC 0x000000001FFE1BCD 000080 (v03 BOCHS  BXPC     00000001 BXPC 00000001)
[    0.000000] ACPI: HPET 0x000000001FFE1C4D 000038 (v01 BOCHS  BXPC     00000001 BXPC 00000001)
[    0.000000] ACPI: WAET 0x000000001FFE1C85 000028 (v01 BOCHS  BXPC     00000001 BXPC 00000001)
[    0.000000] ACPI: Reserving FACP table memory at [mem 0x1ffe1b59-0x1ffe1bcc]
[    0.000000] ACPI: Reserving DSDT table memory at [mem 0x1ffe0040-0x1ffe1b58]
[    0.000000] ACPI: Reserving FACS table memory at [mem 0x1ffe0000-0x1ffe003f]
[    0.000000] ACPI: Reserving APIC table memory at [mem 0x1ffe1bcd-0x1ffe1c4c]
[    0.000000] ACPI: Reserving HPET table memory at [mem 0x1ffe1c4d-0x1ffe1c84]
[    0.000000] ACPI: Reserving WAET table memory at [mem 0x1ffe1c85-0x1ffe1cac]
[    0.000000] No NUMA configuration found
[    0.000000] Faking a node at [mem 0x0000000000000000-0x000000001ffdffff]
[    0.000000] NODE_DATA(0) allocated [mem 0x1fe7a680-0x1fe7dfff]
[    0.000000] ACPI: PM-Timer IO Port: 0x608
[    0.000000] ACPI: LAPIC_NMI (acpi_id[0xff] dfl dfl lint[0x1])
[    0.000000] IOAPIC[0]: apic_id 0, version 32, address 0xfec00000, GSI 0-23
[    0.000000] ACPI: INT_SRC_OVR (bus 0 bus_irq 0 global_irq 2 dfl dfl)
[    0.000000] ACPI: INT_SRC_OVR (bus 0 bus_irq 5 global_irq 5 high level)
[    0.000000] ACPI: INT_SRC_OVR (bus 0 bus_irq 9 global_irq 9 high level)
[    0.000000] ACPI: INT_SRC_OVR (bus 0 bus_irq 10 global_irq 10 high level)
[    0.000000] ACPI: INT_SRC_OVR (bus 0 bus_irq 11 global_irq 11 high level)
[    0.000000] ACPI: Using ACPI (MADT) for SMP configuration information
[    0.000000] ACPI: HPET id: 0x8086a201 base: 0xfed00000
[    0.000000] CPU topo: Max. logical packages:   1
[    0.000000] CPU topo: Max. logical nodes:      1
[    0.000000] CPU topo: Num. nodes per package:  1
[    0.000000] CPU topo: Max. logical dies:       1
[    0.000000] CPU topo: Max. dies per package:   1
[    0.000000] CPU topo: Max. threads per core:   1
[    0.000000] CPU topo: Num. cores per package:     2
[    0.000000] CPU topo: Num. threads per package:   2
[    0.000000] CPU topo: Allowing 2 present CPUs plus 0 hotplug CPUs
[    0.000000] PM: hibernation: Registered nosave memory: [mem 0x00000000-0x00000fff]
[    0.000000] PM: hibernation: Registered nosave memory: [mem 0x0009f000-0x000fffff]
[    0.000000] [gap 0x20000000-0xfffbffff] available for PCI devices
[    0.000000] Booting paravirtualized kernel on bare hardware
[    0.000000] clocksource: refined-jiffies: mask: 0xffffffff max_cycles: 0xffffffff, max_idle_ns: 1910969940391419 ns
[    0.000000] Zone ranges:
[    0.000000]   DMA      [mem 0x0000000000001000-0x0000000000ffffff]
[    0.000000]   DMA32    [mem 0x0000000001000000-0x000000001ffdffff]
[    0.000000]   Normal   empty
[    0.000000] Movable zone start for each node
[    0.000000] Early memory node ranges
[    0.000000]   node   0: [mem 0x0000000000001000-0x000000000009efff]
[    0.000000]   node   0: [mem 0x0000000000100000-0x000000001ffdffff]
[    0.000000] Initmem setup node 0 [mem 0x0000000000001000-0x000000001ffdffff]
[    0.000000] On node 0, zone DMA: 1 pages in unavailable ranges
[    0.000000] On node 0, zone DMA: 97 pages in unavailable ranges
[    0.000000] On node 0, zone DMA32: 32 pages in unavailable ranges
[    0.000000] setup_percpu: NR_CPUS:64 nr_cpumask_bits:2 nr_cpu_ids:2 nr_node_ids:1
[    0.000000] percpu: Embedded 52 pages/cpu s175704 r8192 d29096 u1048576
[    0.000000] Kernel command line: console=ttyS0 rdinit=/init
[    0.000000] printk: log buffer data + meta data: 262144 + 917504 = 1179648 bytes
[    0.000000] Dentry cache hash table entries: 65536 (order: 7, 524288 bytes, linear)
[    0.000000] Inode-cache hash table entries: 32768 (order: 6, 262144 bytes, linear)
[    0.000000] Fallback order for Node 0: 0
[    0.000000] Built 1 zonelists, mobility grouping on.  Total pages: 130942
[    0.000000] Policy zone: DMA32
[    0.000000] mem auto-init: stack:all(zero), heap alloc:off, heap free:off
[    0.000000] SLUB: HWalign=64, Order=0-3, MinObjects=0, CPUs=2, Nodes=1
[    0.000000] Dynamic Preempt: lazy
[    0.000000] rcu: Preemptible hierarchical RCU implementation.
[    0.000000] rcu: 	RCU event tracing is enabled.
[    0.000000] rcu: 	RCU restricting CPUs from NR_CPUS=64 to nr_cpu_ids=2.
[    0.000000] 	Trampoline variant of Tasks RCU enabled.
[    0.000000] 	Tracing variant of Tasks RCU enabled.
[    0.000000] rcu: RCU calculated value of scheduler-enlistment delay is 100 jiffies.
[    0.000000] rcu: Adjusting geometry for rcu_fanout_leaf=16, nr_cpu_ids=2
[    0.000000] RCU Tasks: Setting shift to 1 and lim to 1 rcu_task_cb_adjust=1 rcu_task_cpu_ids=2.
[    0.000000] NR_IRQS: 4352, nr_irqs: 440, preallocated irqs: 16
[    0.000000] rcu: srcu_init: Setting srcu_struct sizes based on contention.
[    0.000000] clocksource: jiffies: mask: 0xffffffff max_cycles: 0xffffffff, max_idle_ns: 1911260446275000 ns
[    0.000000] Console: colour VGA+ 80x25
[    0.000000] printk: legacy console [ttyS0] enabled
[    0.000000] ACPI: Core revision 20260408
[    0.000000] clocksource: hpet: mask: 0xffffffff max_cycles: 0xffffffff, max_idle_ns: 19112604467 ns
[    0.003000] APIC: Switch to symmetric I/O mode setup
[    0.007000] ..TIMER: vector=0x30 apic1=0 pin1=2 apic2=-1 pin2=-1
[    0.015000] tsc: Unable to calibrate against PIT
[    0.015000] tsc: using HPET reference calibration
[    0.016000] tsc: Detected 2096.925 MHz processor
[    0.000590] clocksource: tsc-early: mask: 0xffffffffffffffff max_cycles: 0x1e39d7a8b03, max_idle_ns: 440795231125 ns
[    0.001281] Calibrating delay loop (skipped), value calculated using timer frequency.. 4193.85 BogoMIPS (lpj=2096925)
[    0.005601] Last level iTLB entries: 4KB 512, 2MB 255, 4MB 127
[    0.005733] Last level dTLB entries: 4KB 512, 2MB 255, 4MB 127, 1GB 0
[    0.006145] mitigations: Enabled attack vectors: user_kernel, user_user, SMT mitigations: auto
[    0.006675] Spectre V2 : Mitigation: Retpolines
[    0.006904] Spectre V1 : Mitigation: usercopy/swapgs barriers and __user pointer sanitization
[    0.007146] Spectre V2 : Spectre v2 / SpectreRSB: Filling RSB on context switch and VMEXIT
[    0.010462] x86/fpu: x87 FPU will use FXSAVE
[    0.169932] pid_max: default: 32768 minimum: 301
[    0.181697] SELinux:  Initializing.
[    0.190220] Mount-cache hash table entries: 1024 (order: 1, 8192 bytes, linear)
[    0.190474] Mountpoint-cache hash table entries: 1024 (order: 1, 8192 bytes, linear)
[    0.201177] VFS: Finished mounting rootfs on nullfs
[    0.330034] smpboot: CPU0: AMD QEMU Virtual CPU version 2.5+ (family: 0xf, model: 0x6b, stepping: 0x1)
[    0.345627] Performance Events: PMU not available due to virtualization, using software events only.
[    0.346925] signal: max sigframe size: 1440
[    0.348772] rcu: Hierarchical SRCU implementation.
[    0.348899] rcu: 	Max phase no-delay instances is 400.
[    0.351102] Timer migration: 1 hierarchy levels; 8 children per group; 1 crossnode level
[    0.357400] smp: Bringing up secondary CPUs ...
[    0.367423] smpboot: x86: Booting SMP configuration:
[    0.367557] .... node  #0, CPUs:      #1
[    0.448639] smp: Brought up 1 node, 2 CPUs
[    0.448977] smpboot: Total of 2 processors activated (8393.16 BogoMIPS)
[    0.461562] Memory: 466996K/523768K available (19358K kernel code, 3000K rwdata, 8044K rodata, 2984K init, 884K bss, 53232K reserved, 0K cma-reserved)
[    0.473842] devtmpfs: initialized
[    0.489306] posixtimers hash table entries: 1024 (order: 2, 16384 bytes, linear)
[    0.489306] futex hash table entries: 512 (32768 bytes on 1 NUMA nodes, total 32 KiB, linear).
[    0.495680] PM: RTC time: 16:55:26, date: 2026-08-15
[    0.503482] NET: Registered PF_NETLINK/PF_ROUTE protocol family
[    0.508097] audit: initializing netlink subsys (disabled)
[    0.510793] audit: type=2000 audit(1786812926.526:1): state=initialized audit_enabled=0 res=1
[    0.516139] thermal_sys: Registered thermal governor 'step_wise'
[    0.516554] cpuidle: using governor menu
[    0.519645] Freeing SMP alternatives memory: 56K
[    0.522888] PCI: Using configuration type 1 for base access
[    0.523437] mtrr: your CPUs had inconsistent fixed MTRR settings
[    0.523562] mtrr: your CPUs had inconsistent variable MTRR settings
[    0.523758] mtrr: your CPUs had inconsistent MTRRdefType settings
[    0.523849] mtrr: probably your BIOS does not setup all CPUs.
[    0.523928] mtrr: corrected configuration.
[    0.526436] kprobes: kprobe jump-optimization is enabled. All kprobes are optimized if possible.
[    0.533064] HugeTLB: registered 2.00 MiB page size, pre-allocated 0 pages
[    0.533228] HugeTLB: 28 KiB vmemmap can be freed for a 2.00 MiB page
[    0.539319] ACPI: Added _OSI(Module Device)
[    0.539447] ACPI: Added _OSI(Processor Device)
[    0.539514] ACPI: Added _OSI(Processor Aggregator Device)
[    0.561513] ACPI: 1 ACPI AML tables successfully acquired and loaded
[    0.581388] ACPI: \_SB_: platform _OSC: OS support mask [002a7eee]
[    0.586595] ACPI: Interpreter enabled
[    0.588634] ACPI: PM: (supports S0 S3 S4 S5)
[    0.589107] ACPI: Using IOAPIC for interrupt routing
[    0.589627] PCI: Using host bridge windows from ACPI; if necessary, use "pci=nocrs" and report a bug
[    0.589775] PCI: Using E820 reservations for host bridge windows
[    0.591497] ACPI: Enabled 2 GPEs in block 00 to 0F
[    0.635221] ACPI: PCI Root Bridge [PCI0] (domain 0000 [bus 00-ff])
[    0.636187] acpi PNP0A03:00: _OSC: OS supports [ASPM ClockPM Segments MSI HPX-Type3]
[    0.637072] acpi PNP0A03:00: _OSC: not requesting OS control; OS requires [ExtendedConfig ASPM ClockPM MSI]
[    0.637589] acpi PNP0A03:00: _OSC: platform retains control of PCIe features (AE_ERROR)
[    0.638237] acpi PNP0A03:00: fail to add MMCONFIG information, can't access extended configuration space under this bridge
[    0.642133] PCI host bridge to bus 0000:00
[    0.642464] pci_bus 0000:00: root bus resource [io  0x0000-0x0cf7 window]
[    0.642756] pci_bus 0000:00: root bus resource [io  0x0d00-0xffff window]
[    0.642853] pci_bus 0000:00: root bus resource [mem 0x000a0000-0x000bffff window]
[    0.642989] pci_bus 0000:00: root bus resource [mem 0x20000000-0xfebfffff window]
[    0.643051] pci_bus 0000:00: root bus resource [mem 0x100000000-0x17fffffff window]
[    0.643305] pci_bus 0000:00: root bus resource [bus 00-ff]
[    0.644995] pci 0000:00:00.0: [8086:1237] type 00 class 0x060000 conventional PCI endpoint
[    0.650127] pci 0000:00:01.0: [8086:7000] type 00 class 0x060100 conventional PCI endpoint
[    0.650944] pci 0000:00:01.1: [8086:7010] type 00 class 0x010180 conventional PCI endpoint
[    0.651894] pci 0000:00:01.1: BAR 4 [io  0xc040-0xc04f]
[    0.652132] pci 0000:00:01.1: BAR 0 [io  0x01f0-0x01f7]: legacy IDE quirk
[    0.652250] pci 0000:00:01.1: BAR 1 [io  0x03f6]: legacy IDE quirk
[    0.652412] pci 0000:00:01.1: BAR 2 [io  0x0170-0x0177]: legacy IDE quirk
[    0.652520] pci 0000:00:01.1: BAR 3 [io  0x0376]: legacy IDE quirk
[    0.653595] pci 0000:00:01.3: [8086:7113] type 00 class 0x068000 conventional PCI endpoint
[    0.654244] pci 0000:00:01.3: quirk: [io  0x0600-0x063f] claimed by PIIX4 ACPI
[    0.654488] pci 0000:00:01.3: quirk: [io  0x0700-0x070f] claimed by PIIX4 SMB
[    0.655452] pci 0000:00:02.0: [1234:1111] type 00 class 0x030000 conventional PCI endpoint
[    0.656512] pci 0000:00:02.0: BAR 0 [mem 0xfd000000-0xfdffffff pref]
[    0.657072] pci 0000:00:02.0: BAR 2 [mem 0xfebb0000-0xfebb0fff]
[    0.657166] pci 0000:00:02.0: ROM [mem 0xfeba0000-0xfebaffff pref]
[    0.657561] pci 0000:00:02.0: Video device with shadowed ROM at [mem 0x000c0000-0x000dffff]
[    0.658596] pci 0000:00:03.0: [8086:100e] type 00 class 0x020000 conventional PCI endpoint
[    0.660090] pci 0000:00:03.0: BAR 0 [mem 0xfeb80000-0xfeb9ffff]
[    0.660264] pci 0000:00:03.0: BAR 1 [io  0xc000-0xc03f]
[    0.660428] pci 0000:00:03.0: ROM [mem 0xfeb00000-0xfeb7ffff pref]
[    0.673170] ACPI: PCI: Interrupt link LNKA configured for IRQ 10
[    0.674929] ACPI: PCI: Interrupt link LNKB configured for IRQ 10
[    0.675665] ACPI: PCI: Interrupt link LNKC configured for IRQ 11
[    0.676497] ACPI: PCI: Interrupt link LNKD configured for IRQ 11
[    0.676894] ACPI: PCI: Interrupt link LNKS configured for IRQ 9
[    0.682370] iommu: Default domain type: Translated
[    0.682505] iommu: DMA domain TLB invalidation policy: lazy mode
[    0.687235] SCSI subsystem initialized
[    0.689547] ACPI: bus type USB registered
[    0.690128] usbcore: registered new interface driver usbfs
[    0.690547] usbcore: registered new interface driver hub
[    0.690754] usbcore: registered new device driver usb
[    0.691403] pps_core: LinuxPPS API ver. 1 registered
[    0.691499] pps_core: Software ver. 5.3.6 - Copyright 2005-2007 Rodolfo Giometti <giometti@linux.it>
[    0.692094] PTP clock support registered
[    0.694468] Advanced Linux Sound Architecture Driver Initialized.
[    0.705592] NetLabel: Initializing
[    0.705685] NetLabel:  domain hash size = 128
[    0.705756] NetLabel:  protocols = UNLABELED CIPSOv4 CALIPSO
[    0.706639] NetLabel:  unlabeled traffic allowed by default
[    0.711894] PCI: Using ACPI for IRQ routing
[    0.712648] e820: register RAM buffer resource [mem 0x0009fc00-0x0009ffff]
[    0.713058] e820: register RAM buffer resource [mem 0x1ffe0000-0x1fffffff]
[    0.715034] pci 0000:00:02.0: vgaarb: setting as boot VGA device
[    0.715034] pci 0000:00:02.0: vgaarb: bridge control possible
[    0.715034] pci 0000:00:02.0: vgaarb: VGA device added: decodes=io+mem,owns=io+mem,locks=none
[    0.715084] vgaarb: loaded
[    0.717148] hpet: 3 channels of 0 reserved for per-cpu timers
[    0.717612] hpet0: at MMIO 0xfed00000, IRQs 2, 8, 0
[    0.717788] hpet0: 3 comparators, 64-bit 100.000000 MHz counter
[    0.722672] clocksource: Switched to clocksource tsc-early
[    0.724832] VFS: Disk quotas dquot_6.6.0
[    0.725024] VFS: Dquot-cache hash table entries: 512 (4096 bytes)
[    0.728711] pnp: PnP ACPI init
[    0.734397] pnp: PnP ACPI: found 5 devices
[    0.762575] clocksource: acpi_pm: mask: 0xffffff max_cycles: 0xffffff, max_idle_ns: 2085701024 ns
[    0.763579] NET: Registered PF_INET protocol family
[    0.765228] IP idents hash table entries: 8192 (order: 4, 65536 bytes, linear)
[    0.771961] tcp_listen_portaddr_hash hash table entries: 256 (order: 0, 4096 bytes, linear)
[    0.772181] Table-perturb hash table entries: 65536 (order: 6, 262144 bytes, linear)
[    0.772462] TCP established hash table entries: 4096 (order: 3, 32768 bytes, linear)
[    0.772834] TCP bind hash table entries: 4096 (order: 5, 131072 bytes, linear)
[    0.773119] TCP: Hash tables configured (established 4096 bind 4096)
[    0.774151] UDP hash table entries: 256 (order: 2, 16384 bytes, linear)
[    0.775858] NET: Registered PF_UNIX/PF_LOCAL protocol family
[    0.779512] RPC: Registered named UNIX socket transport module.
[    0.779694] RPC: Registered udp transport module.
[    0.779827] RPC: Registered tcp transport module.
[    0.779897] RPC: Registered tcp-with-tls transport module.
[    0.779972] RPC: Registered tcp NFSv4.1 backchannel transport module.
[    0.784075] pci_bus 0000:00: resource 4 [io  0x0000-0x0cf7 window]
[    0.784207] pci_bus 0000:00: resource 5 [io  0x0d00-0xffff window]
[    0.784330] pci_bus 0000:00: resource 6 [mem 0x000a0000-0x000bffff window]
[    0.784495] pci_bus 0000:00: resource 7 [mem 0x20000000-0xfebfffff window]
[    0.784594] pci_bus 0000:00: resource 8 [mem 0x100000000-0x17fffffff window]
[    0.785369] pci 0000:00:01.0: PIIX3: Enabling Passive Release
[    0.785559] pci 0000:00:00.0: Limiting direct PCI/PCI transfers
[    0.785865] PCI: CLS 0 bytes, default 64
[    0.795806] Unpacking initramfs...
[    0.798040] Initialise system trusted keyrings
[    0.800381] workingset: timestamp_bits=56 (anon: 51) max_order=17 bucket_order=0 (anon: 0)
[    0.809687] NFS: Registering the id_resolver key type
[    0.810225] Key type id_resolver registered
[    0.810331] Key type id_legacy registered
[    0.810565] nfs4filelayout_init: NFSv4 File Layout Driver Registering...
[    0.810946] nfs4flexfilelayout_init: NFSv4 Flexfile Layout Driver Registering...
[    0.815469] 9p: Installing v9fs 9p2000 file system support
[    0.825760] Key type asymmetric registered
[    0.825922] Asymmetric key parser 'x509' registered
[    0.826327] Block layer SCSI generic (bsg) driver version 0.4 loaded (major 251)
[    0.828948] io scheduler mq-deadline registered
[    0.829094] io scheduler kyber registered
[    0.838123] input: Power Button as /devices/platform/LNXPWRBN:00/input/input0
[    0.841564] ACPI: button: Power Button [PWRF]
[    0.854678] Serial: 8250/16550 driver, 4 ports, IRQ sharing enabled
[    0.866631] 00:04: ttyS0 at I/O 0x3f8 (irq = 4, base_baud = 115200) is a 16550A
[    0.871356] Freeing initrd memory: 1416K
[    0.886872] Non-volatile memory driver v1.3
[    0.889333] ACPI: bus type drm_connector registered
[    0.910814] loop: module loaded
[    0.923098] scsi host0: ata_piix
[    0.925682] scsi host1: ata_piix
[    0.926305] ata1: PATA max MWDMA2 cmd 0x1f0 ctl 0x3f6 bmdma 0xc040 irq 14 lpm-pol 0
[    0.926518] ata2: PATA max MWDMA2 cmd 0x170 ctl 0x376 bmdma 0xc048 irq 15 lpm-pol 0
[    0.930189] e100: Intel(R) PRO/100 Network Driver
[    0.930297] e100: Copyright(c) 1999-2006 Intel Corporation
[    0.930577] e1000: Intel(R) PRO/1000 Network Driver
[    0.930656] e1000: Copyright (c) 1999-2006 Intel Corporation.
[    1.097640] ata2: found unknown device (class 0)
[    1.106316] ata2.00: ATAPI: QEMU DVD-ROM, 2.5+, max UDMA/100
[    1.125312] ACPI: \_SB_.LNKC: Enabled at IRQ 11
[    1.133330] scsi 1:0:0:0: CD-ROM            QEMU     QEMU DVD-ROM     2.5+ PQ: 0 ANSI: 5
[    1.161235] sr 1:0:0:0: [sr0] scsi3-mmc drive: 4x/4x cd/rw xa/form2 tray
[    1.176010] cdrom: Uniform CD-ROM driver Revision: 3.20
[    1.195940] sr 1:0:0:0: Attached scsi generic sg0 type 5
[    1.428405] e1000 0000:00:03.0 eth0: (PCI:33MHz:32-bit) 52:54:00:12:34:56
[    1.429353] e1000 0000:00:03.0 eth0: Intel(R) PRO/1000 Network Connection
[    1.430026] e1000e: Intel(R) PRO/1000 Network Driver
[    1.430431] e1000e: Copyright(c) 1999 - 2015 Intel Corporation.
[    1.430783] sky2: driver version 1.30
[    1.434706] usbcore: registered new interface driver usblp
[    1.435144] usbcore: registered new interface driver usb-storage
[    1.436662] i8042: PNP: PS/2 Controller [PNP0303:KBD,PNP0f13:MOU] at 0x60,0x64 irq 1,12
[    1.441007] serio: i8042 KBD port at 0x60,0x64 irq 1
[    1.441557] serio: i8042 AUX port at 0x60,0x64 irq 12
[    1.444744] rtc_cmos PNP0B00:00: RTC can wake from S4
[    1.452025] rtc_cmos PNP0B00:00: registered as rtc0
[    1.452599] input: AT Translated Set 2 keyboard as /devices/platform/i8042/serio0/input/input1
[    1.456246] rtc_cmos PNP0B00:00: alarms up to one day, y3k, 242 bytes nvram, hpet irqs
[    1.461850] device-mapper: ioctl: 4.50.0-ioctl (2025-04-28) initialised: dm-devel@lists.linux.dev
[    1.462682] hid: raw HID events driver (C) Jiri Kosina
[    1.465225] usbcore: registered new interface driver usbhid
[    1.465382] usbhid: USB HID core driver
[    1.472547] nf_conntrack_irc: The irc conntrack helper is scheduled for removal.
[    1.472547] Please contact the netfilter-devel mailing list if you still need this.
[    1.474192] Initializing XFRM netlink socket
[    1.474660] NET: Registered PF_INET6 protocol family
[    1.486841] Segment Routing with IPv6
[    1.487299] In-situ OAM (IOAM) with IPv6
[    1.488487] NET: Registered PF_PACKET protocol family
[    1.490316] 9pnet: Installing 9P2000 support
[    1.490717] Key type dns_resolver registered
[    1.494608] IPI shorthand broadcast: enabled
[    1.528452] sched_clock: Marking stable (1544174231, -15965323)->(1539308792, -11099884)
[    1.532258] registered taskstats version 1
[    1.532409] Loading compiled-in X.509 certificates
[    1.547137] Demotion targets for Node 0: null
[    1.551262] PM:   Magic number: 6:727:944
[    1.551576] tty tty1: hash matches
[    1.551983] netconsole: network logging started
[    1.553241] cfg80211: Loading compiled-in X.509 certificates for regulatory database
[    1.565014] kworker/u8:1 (62) used greatest stack depth: 15048 bytes left
[    1.576979] Loaded X.509 cert 'sforshee: 00b28ddf47aef9cea7'
[    1.578559] Loaded X.509 cert 'wens: 61c038651aabdcf94bd0ac7ff06c7248db18c600'
[    1.580518] ALSA device list:
[    1.580654]   No soundcards found.
[    1.581682] faux_driver regulatory: Direct firmware load for regulatory.db failed with error -2
[    1.582206] cfg80211: failed to load regulatory.db
[    1.694875] Freeing unused kernel image (initmem) memory: 2984K
[    1.695530] Write protecting the kernel read-only data: 28672k
[    1.698624] Freeing unused kernel image (text/rodata gap) memory: 1120K
[    1.699380] Freeing unused kernel image (rodata/data gap) memory: 148K
[    1.808819] tsc: Refined TSC clocksource calibration: 2100.000 MHz
[    1.809565] clocksource: tsc: mask: 0xffffffffffffffff max_cycles: 0x1e4530a99b6, max_idle_ns: 440795257976 ns
[    1.811886] clocksource: Switched to clocksource tsc
[    1.837964] x86/mm: Checked W+X mappings: passed, no W+X pages found.
[    1.838438] Run /init as init process
[    1.882879] input: ImExPS/2 Generic Explorer Mouse as /devices/platform/i8042/serio1/input/input3
[    1.946912] busybox (65) used greatest stack depth: 13784 bytes left
FAISAL_M68_BOOT_OK
M68_MEMORY_REGION_OK id=1 bytes=4096
M68_CONTEXT_NEGOTIATION_OK active_fabric=0xf
M68_CONTEXT_QUERY_OK
M68_STALE_CONTEXT_CAPABILITY_REJECT_OK
M68_CONTEXT_BIND_OK accounted=4096
M68_CONTEXT_UNBIND_OK
M68_GPU_PROVIDER_BOUNDARY_OK
M68_CONTEXT_CLOSE_OK
M68_SELFTEST_EXIT=0
FAISAL_M68_TEST_RC=0
[    2.220753] ACPI: PM: Preparing to enter system sleep state S5
[    2.221887] reboot: Power down
QEMU_RC=0
FAISAL_M68_SELFTEST_EXIT=0
REGRESSION_SCRIPT_RC=0

=== tools/faisal-build/run_graph_telemetry_qemu.sh ===
c[?7l[2J[0mSeaBIOS (version 1.16.3-debian-1.16.3-2)


iPXE (https://ipxe.org) 00:03.0 CA00 PCI2.10 PnP PMM+1EFCAE00+1EF0AE00 CA00
Press Ctrl-B to configure iPXE (PCI 00:03.0)...


Booting from ROM..c[?7l[2J[    0.000000] Linux version 7.2.0-rc7-g03d7a0afa3e6-dirty (ubuntu@db71298c03d4) (gcc (Ubuntu 13.3.0-6ubuntu2~24.04.1) 13.3.0, GNU ld (GNU Binutils for Ubuntu) 2.42) #13 SMP PREEMPT_DYNAMIC Sat Aug 15 16:00:59 UTC 2026
[    0.000000] Command line: console=ttyS0 rdinit=/init
[    0.000000] BIOS-provided physical RAM map:
[    0.000000] BIOS-e820: [mem 0x0000000000000000-0x000000000009fbff]  System RAM
[    0.000000] BIOS-e820: [mem 0x000000000009fc00-0x000000000009ffff]  device reserved
[    0.000000] BIOS-e820: [gap 0x00000000000a0000-0x00000000000effff]
[    0.000000] BIOS-e820: [mem 0x00000000000f0000-0x00000000000fffff]  device reserved
[    0.000000] BIOS-e820: [mem 0x0000000000100000-0x000000001ffdffff]  System RAM
[    0.000000] BIOS-e820: [mem 0x000000001ffe0000-0x000000001fffffff]  device reserved
[    0.000000] BIOS-e820: [gap 0x0000000020000000-0x00000000fffbffff]
[    0.000000] BIOS-e820: [mem 0x00000000fffc0000-0x00000000ffffffff]  device reserved
[    0.000000] BIOS-e820: [gap 0x0000000100000000-0x000000fcffffffff]
[    0.000000] BIOS-e820: [mem 0x000000fd00000000-0x000000ffffffffff]  device reserved
[    0.000000] NX (Execute Disable) protection: active
[    0.000000] APIC: Static calls initialized
[    0.000000] DMI: SMBIOS 3.0.0 present.
[    0.000000] DMI: QEMU Standard PC (i440FX + PIIX, 1996), BIOS 1.16.3-debian-1.16.3-2 04/01/2014
[    0.000000] DMI: Memory slots populated: 1/1
[    0.000000] tsc: Fast TSC calibration using PIT
[    0.000000] tsc: Detected 2100.011 MHz processor
[    0.008897] last_pfn = 0x1ffe0 max_arch_pfn = 0x400000000
[    0.009706] MTRR map: 4 entries (3 fixed + 1 variable; max 19), built from 8 variable MTRRs
[    0.009894] x86/PAT: Configuration [0-7]: WB  WC  UC- UC  WB  WP  UC- WT
[    0.025252] found SMP MP-table at [mem 0x000f5480-0x000f548f]
[    0.031385] RAMDISK: [mem 0x1fe7e000-0x1ffdffff]
[    0.031896] ACPI: Early table checksum verification disabled
[    0.032360] ACPI: RSDP 0x00000000000F52B0 000014 (v00 BOCHS )
[    0.032670] ACPI: RSDT 0x000000001FFE1CAD 000034 (v01 BOCHS  BXPC     00000001 BXPC 00000001)
[    0.033803] ACPI: FACP 0x000000001FFE1B59 000074 (v01 BOCHS  BXPC     00000001 BXPC 00000001)
[    0.034598] ACPI: DSDT 0x000000001FFE0040 001B19 (v01 BOCHS  BXPC     00000001 BXPC 00000001)
[    0.034677] ACPI: FACS 0x000000001FFE0000 000040
[    0.034727] ACPI: APIC 0x000000001FFE1BCD 000080 (v03 BOCHS  BXPC     00000001 BXPC 00000001)
[    0.034745] ACPI: HPET 0x000000001FFE1C4D 000038 (v01 BOCHS  BXPC     00000001 BXPC 00000001)
[    0.034760] ACPI: WAET 0x000000001FFE1C85 000028 (v01 BOCHS  BXPC     00000001 BXPC 00000001)
[    0.034910] ACPI: Reserving FACP table memory at [mem 0x1ffe1b59-0x1ffe1bcc]
[    0.034936] ACPI: Reserving DSDT table memory at [mem 0x1ffe0040-0x1ffe1b58]
[    0.034943] ACPI: Reserving FACS table memory at [mem 0x1ffe0000-0x1ffe003f]
[    0.034948] ACPI: Reserving APIC table memory at [mem 0x1ffe1bcd-0x1ffe1c4c]
[    0.034953] ACPI: Reserving HPET table memory at [mem 0x1ffe1c4d-0x1ffe1c84]
[    0.034958] ACPI: Reserving WAET table memory at [mem 0x1ffe1c85-0x1ffe1cac]
[    0.037247] No NUMA configuration found
[    0.037272] Faking a node at [mem 0x0000000000000000-0x000000001ffdffff]
[    0.037987] NODE_DATA(0) allocated [mem 0x1fe7a680-0x1fe7dfff]
[    0.038938] ACPI: PM-Timer IO Port: 0x608
[    0.039428] ACPI: LAPIC_NMI (acpi_id[0xff] dfl dfl lint[0x1])
[    0.039833] IOAPIC[0]: apic_id 0, version 32, address 0xfec00000, GSI 0-23
[    0.039952] ACPI: INT_SRC_OVR (bus 0 bus_irq 0 global_irq 2 dfl dfl)
[    0.040236] ACPI: INT_SRC_OVR (bus 0 bus_irq 5 global_irq 5 high level)
[    0.040290] ACPI: INT_SRC_OVR (bus 0 bus_irq 9 global_irq 9 high level)
[    0.040386] ACPI: INT_SRC_OVR (bus 0 bus_irq 10 global_irq 10 high level)
[    0.040395] ACPI: INT_SRC_OVR (bus 0 bus_irq 11 global_irq 11 high level)
[    0.040593] ACPI: Using ACPI (MADT) for SMP configuration information
[    0.040633] ACPI: HPET id: 0x8086a201 base: 0xfed00000
[    0.041053] CPU topo: Max. logical packages:   1
[    0.041110] CPU topo: Max. logical nodes:      1
[    0.041119] CPU topo: Num. nodes per package:  1
[    0.041199] CPU topo: Max. logical dies:       1
[    0.041212] CPU topo: Max. dies per package:   1
[    0.041261] CPU topo: Max. threads per core:   1
[    0.041426] CPU topo: Num. cores per package:     2
[    0.041446] CPU topo: Num. threads per package:   2
[    0.041453] CPU topo: Allowing 2 present CPUs plus 0 hotplug CPUs
[    0.042448] PM: hibernation: Registered nosave memory: [mem 0x00000000-0x00000fff]
[    0.042485] PM: hibernation: Registered nosave memory: [mem 0x0009f000-0x000fffff]
[    0.042613] [gap 0x20000000-0xfffbffff] available for PCI devices
[    0.042663] Booting paravirtualized kernel on bare hardware
[    0.042984] clocksource: refined-jiffies: mask: 0xffffffff max_cycles: 0xffffffff, max_idle_ns: 1910969940391419 ns
[    0.058640] Zone ranges:
[    0.058669]   DMA      [mem 0x0000000000001000-0x0000000000ffffff]
[    0.058751]   DMA32    [mem 0x0000000001000000-0x000000001ffdffff]
[    0.058761]   Normal   empty
[    0.058784] Movable zone start for each node
[    0.058841] Early memory node ranges
[    0.058879]   node   0: [mem 0x0000000000001000-0x000000000009efff]
[    0.059023]   node   0: [mem 0x0000000000100000-0x000000001ffdffff]
[    0.059237] Initmem setup node 0 [mem 0x0000000000001000-0x000000001ffdffff]
[    0.060585] On node 0, zone DMA: 1 pages in unavailable ranges
[    0.060876] On node 0, zone DMA: 97 pages in unavailable ranges
[    0.064033] On node 0, zone DMA32: 32 pages in unavailable ranges
[    0.064354] setup_percpu: NR_CPUS:64 nr_cpumask_bits:2 nr_cpu_ids:2 nr_node_ids:1
[    0.066442] percpu: Embedded 52 pages/cpu s175704 r8192 d29096 u1048576
[    0.068851] Kernel command line: console=ttyS0 rdinit=/init
[    0.069948] printk: log buffer data + meta data: 262144 + 917504 = 1179648 bytes
[    0.070348] Dentry cache hash table entries: 65536 (order: 7, 524288 bytes, linear)
[    0.070524] Inode-cache hash table entries: 32768 (order: 6, 262144 bytes, linear)
[    0.074709] Fallback order for Node 0: 0
[    0.075288] Built 1 zonelists, mobility grouping on.  Total pages: 130942
[    0.075318] Policy zone: DMA32
[    0.075599] mem auto-init: stack:all(zero), heap alloc:off, heap free:off
[    0.088270] SLUB: HWalign=64, Order=0-3, MinObjects=0, CPUs=2, Nodes=1
[    0.100912] Dynamic Preempt: lazy
[    0.105117] rcu: Preemptible hierarchical RCU implementation.
[    0.105163] rcu: 	RCU event tracing is enabled.
[    0.105207] rcu: 	RCU restricting CPUs from NR_CPUS=64 to nr_cpu_ids=2.
[    0.105453] 	Trampoline variant of Tasks RCU enabled.
[    0.105467] 	Tracing variant of Tasks RCU enabled.
[    0.105616] rcu: RCU calculated value of scheduler-enlistment delay is 100 jiffies.
[    0.105654] rcu: Adjusting geometry for rcu_fanout_leaf=16, nr_cpu_ids=2
[    0.107371] RCU Tasks: Setting shift to 1 and lim to 1 rcu_task_cb_adjust=1 rcu_task_cpu_ids=2.
[    0.135937] NR_IRQS: 4352, nr_irqs: 440, preallocated irqs: 16
[    0.146586] rcu: srcu_init: Setting srcu_struct sizes based on contention.
[    0.147567] clocksource: jiffies: mask: 0xffffffff max_cycles: 0xffffffff, max_idle_ns: 1911260446275000 ns
[    0.154643] Console: colour VGA+ 80x25
[    0.157625] printk: legacy console [ttyS0] enabled
[    0.169831] ACPI: Core revision 20260408
[    0.177377] clocksource: hpet: mask: 0xffffffff max_cycles: 0xffffffff, max_idle_ns: 19112604467 ns
[    0.183423] APIC: Switch to symmetric I/O mode setup
[    0.189504] ..TIMER: vector=0x30 apic1=0 pin1=2 apic2=-1 pin2=-1
[    0.195201] clocksource: tsc-early: mask: 0xffffffffffffffff max_cycles: 0x1e453af3f3f, max_idle_ns: 440795312709 ns
[    0.196684] Calibrating delay loop (skipped), value calculated using timer frequency.. 4200.02 BogoMIPS (lpj=2100011)
[    0.200678] Last level iTLB entries: 4KB 512, 2MB 255, 4MB 127
[    0.200811] Last level dTLB entries: 4KB 512, 2MB 255, 4MB 127, 1GB 0
[    0.201173] mitigations: Enabled attack vectors: user_kernel, user_user, SMT mitigations: auto
[    0.201711] Spectre V2 : Mitigation: Retpolines
[    0.201936] Spectre V1 : Mitigation: usercopy/swapgs barriers and __user pointer sanitization
[    0.202160] Spectre V2 : Spectre v2 / SpectreRSB: Filling RSB on context switch and VMEXIT
[    0.203130] x86/fpu: x87 FPU will use FXSAVE
[    0.360269] pid_max: default: 32768 minimum: 301
[    0.371805] SELinux:  Initializing.
[    0.378978] Mount-cache hash table entries: 1024 (order: 1, 8192 bytes, linear)
[    0.379707] Mountpoint-cache hash table entries: 1024 (order: 1, 8192 bytes, linear)
[    0.390058] VFS: Finished mounting rootfs on nullfs
[    0.519461] smpboot: CPU0: AMD QEMU Virtual CPU version 2.5+ (family: 0xf, model: 0x6b, stepping: 0x1)
[    0.534454] Performance Events: PMU not available due to virtualization, using software events only.
[    0.536515] signal: max sigframe size: 1440
[    0.538071] rcu: Hierarchical SRCU implementation.
[    0.538189] rcu: 	Max phase no-delay instances is 400.
[    0.540154] Timer migration: 1 hierarchy levels; 8 children per group; 1 crossnode level
[    0.545741] smp: Bringing up secondary CPUs ...
[    0.554885] smpboot: x86: Booting SMP configuration:
[    0.555026] .... node  #0, CPUs:      #1
[    0.637882] smp: Brought up 1 node, 2 CPUs
[    0.638303] smpboot: Total of 2 processors activated (8407.04 BogoMIPS)
[    0.652168] Memory: 466996K/523768K available (19358K kernel code, 3000K rwdata, 8044K rodata, 2984K init, 884K bss, 53232K reserved, 0K cma-reserved)
[    0.664299] devtmpfs: initialized
[    0.678555] posixtimers hash table entries: 1024 (order: 2, 16384 bytes, linear)
[    0.678926] futex hash table entries: 512 (32768 bytes on 1 NUMA nodes, total 32 KiB, linear).
[    0.683951] PM: RTC time: 16:55:30, date: 2026-08-15
[    0.691108] NET: Registered PF_NETLINK/PF_ROUTE protocol family
[    0.695260] audit: initializing netlink subsys (disabled)
[    0.698274] audit: type=2000 audit(1786812930.515:1): state=initialized audit_enabled=0 res=1
[    0.704808] thermal_sys: Registered thermal governor 'step_wise'
[    0.705614] cpuidle: using governor menu
[    0.708784] Freeing SMP alternatives memory: 56K
[    0.712534] PCI: Using configuration type 1 for base access
[    0.713034] mtrr: your CPUs had inconsistent fixed MTRR settings
[    0.713230] mtrr: your CPUs had inconsistent variable MTRR settings
[    0.713353] mtrr: your CPUs had inconsistent MTRRdefType settings
[    0.713454] mtrr: probably your BIOS does not setup all CPUs.
[    0.713549] mtrr: corrected configuration.
[    0.716664] kprobes: kprobe jump-optimization is enabled. All kprobes are optimized if possible.
[    0.722097] HugeTLB: registered 2.00 MiB page size, pre-allocated 0 pages
[    0.722297] HugeTLB: 28 KiB vmemmap can be freed for a 2.00 MiB page
[    0.728594] ACPI: Added _OSI(Module Device)
[    0.728705] ACPI: Added _OSI(Processor Device)
[    0.728773] ACPI: Added _OSI(Processor Aggregator Device)
[    0.752021] ACPI: 1 ACPI AML tables successfully acquired and loaded
[    0.774738] ACPI: \_SB_: platform _OSC: OS support mask [002a7eee]
[    0.780765] ACPI: Interpreter enabled
[    0.782142] ACPI: PM: (supports S0 S3 S4 S5)
[    0.782292] ACPI: Using IOAPIC for interrupt routing
[    0.782819] PCI: Using host bridge windows from ACPI; if necessary, use "pci=nocrs" and report a bug
[    0.782970] PCI: Using E820 reservations for host bridge windows
[    0.784701] ACPI: Enabled 2 GPEs in block 00 to 0F
[    0.832283] ACPI: PCI Root Bridge [PCI0] (domain 0000 [bus 00-ff])
[    0.833085] acpi PNP0A03:00: _OSC: OS supports [ASPM ClockPM Segments MSI HPX-Type3]
[    0.833389] acpi PNP0A03:00: _OSC: not requesting OS control; OS requires [ExtendedConfig ASPM ClockPM MSI]
[    0.833891] acpi PNP0A03:00: _OSC: platform retains control of PCIe features (AE_ERROR)
[    0.834855] acpi PNP0A03:00: fail to add MMCONFIG information, can't access extended configuration space under this bridge
[    0.839305] PCI host bridge to bus 0000:00
[    0.839820] pci_bus 0000:00: root bus resource [io  0x0000-0x0cf7 window]
[    0.840148] pci_bus 0000:00: root bus resource [io  0x0d00-0xffff window]
[    0.840266] pci_bus 0000:00: root bus resource [mem 0x000a0000-0x000bffff window]
[    0.840422] pci_bus 0000:00: root bus resource [mem 0x20000000-0xfebfffff window]
[    0.840541] pci_bus 0000:00: root bus resource [mem 0x100000000-0x17fffffff window]
[    0.840811] pci_bus 0000:00: root bus resource [bus 00-ff]
[    0.842743] pci 0000:00:00.0: [8086:1237] type 00 class 0x060000 conventional PCI endpoint
[    0.848126] pci 0000:00:01.0: [8086:7000] type 00 class 0x060100 conventional PCI endpoint
[    0.849040] pci 0000:00:01.1: [8086:7010] type 00 class 0x010180 conventional PCI endpoint
[    0.850170] pci 0000:00:01.1: BAR 4 [io  0xc040-0xc04f]
[    0.850373] pci 0000:00:01.1: BAR 0 [io  0x01f0-0x01f7]: legacy IDE quirk
[    0.850572] pci 0000:00:01.1: BAR 1 [io  0x03f6]: legacy IDE quirk
[    0.850699] pci 0000:00:01.1: BAR 2 [io  0x0170-0x0177]: legacy IDE quirk
[    0.850840] pci 0000:00:01.1: BAR 3 [io  0x0376]: legacy IDE quirk
[    0.852145] pci 0000:00:01.3: [8086:7113] type 00 class 0x068000 conventional PCI endpoint
[    0.852750] pci 0000:00:01.3: quirk: [io  0x0600-0x063f] claimed by PIIX4 ACPI
[    0.852899] pci 0000:00:01.3: quirk: [io  0x0700-0x070f] claimed by PIIX4 SMB
[    0.853940] pci 0000:00:02.0: [1234:1111] type 00 class 0x030000 conventional PCI endpoint
[    0.855156] pci 0000:00:02.0: BAR 0 [mem 0xfd000000-0xfdffffff pref]
[    0.855697] pci 0000:00:02.0: BAR 2 [mem 0xfebb0000-0xfebb0fff]
[    0.855925] pci 0000:00:02.0: ROM [mem 0xfeba0000-0xfebaffff pref]
[    0.856667] pci 0000:00:02.0: Video device with shadowed ROM at [mem 0x000c0000-0x000dffff]
[    0.857880] pci 0000:00:03.0: [8086:100e] type 00 class 0x020000 conventional PCI endpoint
[    0.859075] pci 0000:00:03.0: BAR 0 [mem 0xfeb80000-0xfeb9ffff]
[    0.859221] pci 0000:00:03.0: BAR 1 [io  0xc000-0xc03f]
[    0.859564] pci 0000:00:03.0: ROM [mem 0xfeb00000-0xfeb7ffff pref]
[    0.874718] ACPI: PCI: Interrupt link LNKA configured for IRQ 10
[    0.876246] ACPI: PCI: Interrupt link LNKB configured for IRQ 10
[    0.877154] ACPI: PCI: Interrupt link LNKC configured for IRQ 11
[    0.878064] ACPI: PCI: Interrupt link LNKD configured for IRQ 11
[    0.878544] ACPI: PCI: Interrupt link LNKS configured for IRQ 9
[    0.883348] iommu: Default domain type: Translated
[    0.883480] iommu: DMA domain TLB invalidation policy: lazy mode
[    0.888905] SCSI subsystem initialized
[    0.892071] ACPI: bus type USB registered
[    0.892586] usbcore: registered new interface driver usbfs
[    0.892989] usbcore: registered new interface driver hub
[    0.893193] usbcore: registered new device driver usb
[    0.894578] pps_core: LinuxPPS API ver. 1 registered
[    0.894684] pps_core: Software ver. 5.3.6 - Copyright 2005-2007 Rodolfo Giometti <giometti@linux.it>
[    0.894852] PTP clock support registered
[    0.897395] Advanced Linux Sound Architecture Driver Initialized.
[    0.908393] NetLabel: Initializing
[    0.908493] NetLabel:  domain hash size = 128
[    0.908548] NetLabel:  protocols = UNLABELED CIPSOv4 CALIPSO
[    0.909418] NetLabel:  unlabeled traffic allowed by default
[    0.914827] PCI: Using ACPI for IRQ routing
[    0.915683] e820: register RAM buffer resource [mem 0x0009fc00-0x0009ffff]
[    0.916092] e820: register RAM buffer resource [mem 0x1ffe0000-0x1fffffff]
[    0.918521] pci 0000:00:02.0: vgaarb: setting as boot VGA device
[    0.918521] pci 0000:00:02.0: vgaarb: bridge control possible
[    0.918521] pci 0000:00:02.0: vgaarb: VGA device added: decodes=io+mem,owns=io+mem,locks=none
[    0.918567] vgaarb: loaded
[    0.920660] hpet: 3 channels of 0 reserved for per-cpu timers
[    0.921045] hpet0: at MMIO 0xfed00000, IRQs 2, 8, 0
[    0.921217] hpet0: 3 comparators, 64-bit 100.000000 MHz counter
[    0.928652] clocksource: Switched to clocksource tsc-early
[    0.931434] VFS: Disk quotas dquot_6.6.0
[    0.931781] VFS: Dquot-cache hash table entries: 512 (4096 bytes)
[    0.938494] pnp: PnP ACPI init
[    0.943474] pnp: PnP ACPI: found 5 devices
[    0.973918] clocksource: acpi_pm: mask: 0xffffff max_cycles: 0xffffff, max_idle_ns: 2085701024 ns
[    0.975215] NET: Registered PF_INET protocol family
[    0.977242] IP idents hash table entries: 8192 (order: 4, 65536 bytes, linear)
[    0.985166] tcp_listen_portaddr_hash hash table entries: 256 (order: 0, 4096 bytes, linear)
[    0.985392] Table-perturb hash table entries: 65536 (order: 6, 262144 bytes, linear)
[    0.985596] TCP established hash table entries: 4096 (order: 3, 32768 bytes, linear)
[    0.985933] TCP bind hash table entries: 4096 (order: 5, 131072 bytes, linear)
[    0.986298] TCP: Hash tables configured (established 4096 bind 4096)
[    0.987266] UDP hash table entries: 256 (order: 2, 16384 bytes, linear)
[    0.989102] NET: Registered PF_UNIX/PF_LOCAL protocol family
[    0.991876] RPC: Registered named UNIX socket transport module.
[    0.992035] RPC: Registered udp transport module.
[    0.992111] RPC: Registered tcp transport module.
[    0.992177] RPC: Registered tcp-with-tls transport module.
[    0.992251] RPC: Registered tcp NFSv4.1 backchannel transport module.
[    0.997634] pci_bus 0000:00: resource 4 [io  0x0000-0x0cf7 window]
[    0.997791] pci_bus 0000:00: resource 5 [io  0x0d00-0xffff window]
[    0.997883] pci_bus 0000:00: resource 6 [mem 0x000a0000-0x000bffff window]
[    0.997996] pci_bus 0000:00: resource 7 [mem 0x20000000-0xfebfffff window]
[    0.998122] pci_bus 0000:00: resource 8 [mem 0x100000000-0x17fffffff window]
[    0.998826] pci 0000:00:01.0: PIIX3: Enabling Passive Release
[    0.999018] pci 0000:00:00.0: Limiting direct PCI/PCI transfers
[    0.999252] PCI: CLS 0 bytes, default 64
[    1.008845] Unpacking initramfs...
[    1.016124] Initialise system trusted keyrings
[    1.021831] workingset: timestamp_bits=56 (anon: 51) max_order=17 bucket_order=0 (anon: 0)
[    1.030226] NFS: Registering the id_resolver key type
[    1.030679] Key type id_resolver registered
[    1.030804] Key type id_legacy registered
[    1.030959] nfs4filelayout_init: NFSv4 File Layout Driver Registering...
[    1.031312] nfs4flexfilelayout_init: NFSv4 Flexfile Layout Driver Registering...
[    1.035618] 9p: Installing v9fs 9p2000 file system support
[    1.047935] Key type asymmetric registered
[    1.048179] Asymmetric key parser 'x509' registered
[    1.048606] Block layer SCSI generic (bsg) driver version 0.4 loaded (major 251)
[    1.049214] io scheduler mq-deadline registered
[    1.049350] io scheduler kyber registered
[    1.059289] input: Power Button as /devices/platform/LNXPWRBN:00/input/input0
[    1.062749] ACPI: button: Power Button [PWRF]
[    1.074711] Serial: 8250/16550 driver, 4 ports, IRQ sharing enabled
[    1.084441] 00:04: ttyS0 at I/O 0x3f8 (irq = 4, base_baud = 115200) is a 16550A
[    1.086269] Freeing initrd memory: 1416K
[    1.099129] Non-volatile memory driver v1.3
[    1.101456] ACPI: bus type drm_connector registered
[    1.125639] loop: module loaded
[    1.138301] scsi host0: ata_piix
[    1.140882] scsi host1: ata_piix
[    1.141479] ata1: PATA max MWDMA2 cmd 0x1f0 ctl 0x3f6 bmdma 0xc040 irq 14 lpm-pol 0
[    1.141741] ata2: PATA max MWDMA2 cmd 0x170 ctl 0x376 bmdma 0xc048 irq 15 lpm-pol 0
[    1.144347] e100: Intel(R) PRO/100 Network Driver
[    1.144452] e100: Copyright(c) 1999-2006 Intel Corporation
[    1.144707] e1000: Intel(R) PRO/1000 Network Driver
[    1.144807] e1000: Copyright (c) 1999-2006 Intel Corporation.
[    1.304716] ata2: found unknown device (class 0)
[    1.314347] ata2.00: ATAPI: QEMU DVD-ROM, 2.5+, max UDMA/100
[    1.337609] scsi 1:0:0:0: CD-ROM            QEMU     QEMU DVD-ROM     2.5+ PQ: 0 ANSI: 5
[    1.341966] ACPI: \_SB_.LNKC: Enabled at IRQ 11
[    1.374494] sr 1:0:0:0: [sr0] scsi3-mmc drive: 4x/4x cd/rw xa/form2 tray
[    1.390716] cdrom: Uniform CD-ROM driver Revision: 3.20
[    1.411498] sr 1:0:0:0: Attached scsi generic sg0 type 5
[    1.647543] e1000 0000:00:03.0 eth0: (PCI:33MHz:32-bit) 52:54:00:12:34:56
[    1.648307] e1000 0000:00:03.0 eth0: Intel(R) PRO/1000 Network Connection
[    1.648758] e1000e: Intel(R) PRO/1000 Network Driver
[    1.648847] e1000e: Copyright(c) 1999 - 2015 Intel Corporation.
[    1.649065] sky2: driver version 1.30
[    1.653030] usbcore: registered new interface driver usblp
[    1.653481] usbcore: registered new interface driver usb-storage
[    1.654746] i8042: PNP: PS/2 Controller [PNP0303:KBD,PNP0f13:MOU] at 0x60,0x64 irq 1,12
[    1.660321] serio: i8042 KBD port at 0x60,0x64 irq 1
[    1.660771] serio: i8042 AUX port at 0x60,0x64 irq 12
[    1.663834] rtc_cmos PNP0B00:00: RTC can wake from S4
[    1.669956] input: AT Translated Set 2 keyboard as /devices/platform/i8042/serio0/input/input1
[    1.672079] rtc_cmos PNP0B00:00: registered as rtc0
[    1.674925] rtc_cmos PNP0B00:00: alarms up to one day, y3k, 242 bytes nvram, hpet irqs
[    1.679336] device-mapper: ioctl: 4.50.0-ioctl (2025-04-28) initialised: dm-devel@lists.linux.dev
[    1.680318] hid: raw HID events driver (C) Jiri Kosina
[    1.681765] usbcore: registered new interface driver usbhid
[    1.681886] usbhid: USB HID core driver
[    1.692002] nf_conntrack_irc: The irc conntrack helper is scheduled for removal.
[    1.692002] Please contact the netfilter-devel mailing list if you still need this.
[    1.693904] Initializing XFRM netlink socket
[    1.694563] NET: Registered PF_INET6 protocol family
[    1.708884] Segment Routing with IPv6
[    1.709390] In-situ OAM (IOAM) with IPv6
[    1.710589] NET: Registered PF_PACKET protocol family
[    1.712285] 9pnet: Installing 9P2000 support
[    1.712802] Key type dns_resolver registered
[    1.717065] IPI shorthand broadcast: enabled
[    1.755836] sched_clock: Marking stable (1720068113, 35071693)->(1766542955, -11403149)
[    1.760079] registered taskstats version 1
[    1.760335] Loading compiled-in X.509 certificates
[    1.774311] Demotion targets for Node 0: null
[    1.777970] PM:   Magic number: 6:727:944
[    1.778336] tty tty1: hash matches
[    1.778794] netconsole: network logging started
[    1.780054] cfg80211: Loading compiled-in X.509 certificates for regulatory database
[    1.790056] kworker/u8:1 (61) used greatest stack depth: 15048 bytes left
[    1.792825] kworker/u8:1 (62) used greatest stack depth: 14344 bytes left
[    1.803820] Loaded X.509 cert 'sforshee: 00b28ddf47aef9cea7'
[    1.804666] Loaded X.509 cert 'wens: 61c038651aabdcf94bd0ac7ff06c7248db18c600'
[    1.809223] faux_driver regulatory: Direct firmware load for regulatory.db failed with error -2
[    1.809591] ALSA device list:
[    1.809689] cfg80211: failed to load regulatory.db
[    1.809758]   No soundcards found.
[    1.924559] Freeing unused kernel image (initmem) memory: 2984K
[    1.925252] Write protecting the kernel read-only data: 28672k
[    1.928434] Freeing unused kernel image (text/rodata gap) memory: 1120K
[    1.929051] Freeing unused kernel image (rodata/data gap) memory: 148K
[    2.007870] tsc: Refined TSC clocksource calibration: 2100.000 MHz
[    2.008592] clocksource: tsc: mask: 0xffffffffffffffff max_cycles: 0x1e4530a99b6, max_idle_ns: 440795257976 ns
[    2.010801] clocksource: Switched to clocksource tsc
[    2.064135] x86/mm: Checked W+X mappings: passed, no W+X pages found.
[    2.064752] Run /init as init process
[    2.122141] input: ImExPS/2 Generic Explorer Mouse as /devices/platform/i8042/serio1/input/input3
[    2.188449] busybox (64) used greatest stack depth: 13784 bytes left
FAISAL_M69_BOOT_OK
M69_TELEMETRY_BEGIN_OK id=1 start=2230422238
M69_TELEMETRY_QUERY_OK
M69_STALE_TELEMETRY_CAPABILITY_REJECT_OK
M69_ANOMALY_SIGNAL_OK score=420000
M69_TELEMETRY_END_OK duration=5543220
M69_GRAPH_EVENT_DELIVERY_OK
M69_COMPLETED_QUERY_OK
M69_SELFTEST_EXIT=0
FAISAL_M69_TEST_RC=0
[    2.463021] ACPI: PM: Preparing to enter system sleep state S5
[    2.464748] reboot: Power down
QEMU_RC=0
FAISAL_M69_SELFTEST_EXIT=0
REGRESSION_SCRIPT_RC=0

=== tools/faisal-build/run_power_policy_qemu.sh ===
M70_QEMU_VALIDATION_OK
REGRESSION_SCRIPT_RC=0

=== tools/faisal-build/run_persistent_memory_qemu.sh ===
M71_QEMU_VALIDATION_OK
REGRESSION_SCRIPT_RC=0

=== tools/faisal-build/run_experience_learning_qemu.sh ===
M72_QEMU_VALIDATION_OK
REGRESSION_SCRIPT_RC=0

=== tools/faisal-build/run_world_state_qemu.sh ===
M73_QEMU_VALIDATION_OK
REGRESSION_SCRIPT_RC=0

=== tools/faisal-build/run_model_orchestration_qemu.sh ===
M74_QEMU_VALIDATION_OK
REGRESSION_SCRIPT_RC=0

=== tools/faisal-build/run_browser_tool_qemu.sh ===
M75_QEMU_VALIDATION_OK
REGRESSION_SCRIPT_RC=0

=== tools/faisal-build/run_end_to_end_qemu.sh ===
M76_QEMU_VALIDATION_OK
REGRESSION_SCRIPT_RC=0

=== tools/faisal-build/run_verified_research_qemu.sh ===
M77_QEMU_VALIDATION_OK
REGRESSION_SCRIPT_RC=0

=== tools/faisal-build/run_deployment_supervisor_qemu.sh ===
M78_QEMU_VALIDATION_OK
REGRESSION_SCRIPT_RC=0

=== tools/faisal-build/run_accelerator_validation_qemu.sh ===
M79_QEMU_VALIDATION_OK
REGRESSION_SCRIPT_RC=0
M79_REGRESSION_RC=0
