c[?7l[2J[0mSeaBIOS (version 1.16.3-debian-1.16.3-2)


iPXE (https://ipxe.org) 00:03.0 CA00 PCI2.10 PnP PMM+BEFCAE00+BEF0AE00 CA00
Press Ctrl-B to configure iPXE (PCI 00:03.0)...


Booting from ROM..c[?7l[2J[0m.[  998.077123] rcu: INFO: rcu_preempt self-detected stall on CPU
[  998.086024] rcu: 	6-...0: (2881 ticks this GP) idle=a5fc/0/0x3 softirq=10/12 fqs=2
[  998.086024] rcu: 	(t=217460 jiffies g=-1115 q=4 ncpus=8)
FAISAL_M87_BOOT_OK
M87_ATTESTATION_BOUND_OK digest_valid=1 state=1
M87_SIGNAL_MISMATCH_DENIAL_OK
M87_RUNTIME_SIGNAL_BIND_OK sequence=1
M87_DEGRADED_ATTESTATION_DENIAL_OK
M87_PROVIDER_GATE_DENIAL_OK
M87_PAYLOAD_DIGEST_DENIAL_OK
M87_SIGNATURE_DENIAL_OK
M87_SIGNED_BUNDLE_VERIFY_OK
M87_MODEL_AUTHORITY_DENIAL_OK
M87_ATTESTED_REPAIR_CANARY_OK state=5
M87_CANARY_ROLLBACK_OK state=6
M87_SELFTEST_EXIT=0
FAISAL_M87_TEST_RC=0
[ 1034.524205] reboot: Power down
