c[?7l[2J[0mSeaBIOS (version 1.16.3-debian-1.16.3-2)


iPXE (https://ipxe.org) 00:03.0 CA00 PCI2.10 PnP PMM+7EFCAE00+7EF0AE00 CA00
Press Ctrl-B to configure iPXE (PCI 00:03.0)...


Booting from ROM..c[?7l[2J[0m.[25561.496239] ACPI Error: Aborting method \_SB.PCI0._PRT due to previous error (AE_AML_LOOP_TIMEOUT) (20260408/psparse-543)
[25561.563783] ACPI Error: Method execution failed \_SB.PCI0._PRT due to previous error (AE_AML_LOOP_TIMEOUT) (20260408/uteval-68)
FAISAL_M87_BOOT_OK
M87_ATTESTATION_BOUND_OK digest_valid=1 state=1
M87_SIGNAL_MISMATCH_DENIAL_OK
M87_RUNTIME_SIGNAL_BIND_OK sequence=1
M87_DEGRADED_ATTESTATION_DENIAL_OK
M87_PROVIDER_GATE_DENIAL_OK
M87_PAYLOAD_DIGEST_DENIAL_OK
M87_SIGNATURE_DENIAL_OK
M87_SIGNED_BUNDLE_VERIFY_OK
M87_MODEL_AUTHORITY_DENIAL_OK
M87_ATTESTED_REPAIR_CANARY_OK state=5
M87_CANARY_ROLLBACK_OK state=6
M87_SELFTEST_EXIT=0
FAISAL_M87_TEST_RC=0
[25566.472182] reboot: Power down
