c[?7l[2J[0mSeaBIOS (version 1.16.3-debian-1.16.3-2)


iPXE (https://ipxe.org) 00:03.0 CA00 PCI2.10 PnP PMM+1EFCAE00+1EF0AE00 CA00
Press Ctrl-B to configure iPXE (PCI 00:03.0)...


Booting from ROM..c[?7l[2J[ 2581.987993] rcu: INFO: rcu_preempt self-detected stall on CPU
[ 2581.987993] rcu: 	0-...!: (288 ticks this GP) idle=181c/1/0x4000000000000000 softirq=19/22 fqs=1
[ 2581.987993] rcu: 	(t=1278938 jiffies g=-1159 q=1 ncpus=2)
FAISAL_M94_BOOT_OK
M94_INTENT_LEASE_ACQUIRE_OK id=1
M94_SINGLE_USE_ATOMIC_CONSUME_OK sequence=1
M94_REPLAY_DENIAL_OK
M94_BOUNDED_MULTI_USE_OK remaining=1
M94_INTENT_QUERY_OK
M94_INTENT_MISMATCH_DENIAL_OK
M94_EXPIRY_FAIL_CLOSED_OK
M94_GRANT_GATING_DENIAL_OK
M94_REVOCATION_FAIL_CLOSED_OK
M94_SESSION_CLOSE_INVALIDATION_OK
M94_SELFTEST_EXIT=0
FAISAL_M94_TEST_RC=0
[ 2615.871544] reboot: Power down
