c[?7l[2J[0mSeaBIOS (version 1.16.3-debian-1.16.3-2)


iPXE (https://ipxe.org) 00:03.0 CA00 PCI2.10 PnP PMM+1EFCAE00+1EF0AE00 CA00
Press Ctrl-B to configure iPXE (PCI 00:03.0)...


Booting from ROM..c[?7l[2JFAISAL_M95_BOOT_OK
M95_KERNEL_SESSION_BIND_OK abi=38
M95_DURABLE_TASK_SERVICE_OPEN_OK
M95_IDEMPOTENT_SUBMIT_OK task=1
M95_DEPENDENCY_GATE_OK
M95_LEASE_HEARTBEAT_COMPLETE_OK sequence=5
M95_RETRY_BACKOFF_REPLAN_OK retries=1
M95_RESTART_RECOVERY_OK recovered=1 dead_lettered=0
M95_POLICY_CANCEL_STOP_OK
M95_DEADLINE_STOP_OK
M95_BUDGET_STOP_OK
M95_RETRY_EXHAUSTION_DEAD_LETTER_OK
M95_CONCURRENT_QUERY_OK workers=4
M95_REPLAY_STATE_OK
M95_CORRUPTION_FAIL_CLOSED_OK
M95_SELFTEST_EXIT=0
FAISAL_M95_TEST_RC=0
[    3.582101] reboot: Power down
QEMU_RC=0
FAISAL_M95_DURABLE_TASK_QEMU_PASS
