c[?7l[2J[0mSeaBIOS (version 1.16.3-debian-1.16.3-2)


iPXE (https://ipxe.org) 00:03.0 CA00 PCI2.10 PnP PMM+1EFCAE00+1EF0AE00 CA00
Press Ctrl-B to configure iPXE (PCI 00:03.0)...


Booting from ROM..c[?7l[2J[0m.FAISAL_M97_BOOT_OK
M97_CONTINUITY_SERVICE_OPEN_OK kernel=1
M97_CONTINUITY_AUTHORITY_REFERENCE_OK lease=1
M97_COMMITTED_BRANCH_PRECONDITION_OK branch=1
M97_CONTINUITY_CAPSULE_SEALED_OK id=1
M97_CONTINUITY_RESUME_EXACT_OK
M97_WORKING_STATE_DRIFT_REJECTED_OK
M97_WORLD_STATE_DRIFT_REJECTED_OK
M97_RESOURCE_STATE_DRIFT_REJECTED_OK
M97_CONTINUITY_REPLAY_OK id=1
M97_CONTINUITY_INVALIDATION_REVOKED_OK
M97_CONTINUITY_CORRUPTION_FAIL_CLOSED_OK
M97_SELFTEST_EXIT=0
FAISAL_M97_TEST_RC=0
[   11.787370] reboot: Power down
QEMU_RC=0
FAISAL_M97_CONTINUITY_CAPSULE_QEMU_PASS
