c[?7l[2J[0mSeaBIOS (version 1.16.3-debian-1.16.3-2)


iPXE (https://ipxe.org) 00:03.0 CA00 PCI2.10 PnP PMM+1EFCAE00+1EF0AE00 CA00
Press Ctrl-B to configure iPXE (PCI 00:03.0)...


Booting from ROM..c[?7l[2JFAISAL_M98_BOOT_OK
M98_MISSION_SERVICE_OPEN_OK kernel=1
M98_AUTHORITY_REFERENCE_OK lease=1
M98_MISSION_CREATE_OK id=1 task=1
M98_OBSERVATION_ADMITTED_OK event=1
M98_MODEL_PROPOSAL_NOT_AUTHORITY_OK
M98_PROPOSAL_PREPARED_OK branch=1
M98_EVIDENCE_COMMIT_CONTINUE_OK capsule=1 step=1
M98_CONTINUATION_OBSERVE_OK
M98_WORLD_DRIFT_REPLAN_REQUIRED_OK
M98_MISSION_REPLAY_OK state=9
M98_CONCURRENT_QUERY_LOCKING_OK workers=4
M98_INFLIGHT_RECOVERY_ESCALATED_OK
M98_DEADLINE_STOP_OK
M98_CORRUPTION_FAIL_CLOSED_OK
M98_SELFTEST_EXIT=0
FAISAL_M98_TEST_RC=0
[    3.773682] reboot: Power down
QEMU_RC=0
FAISAL_M98_MISSION_AUTONOMY_QEMU_PASS
