c[?7l[2J[0mSeaBIOS (version 1.16.3-debian-1.16.3-2)


iPXE (https://ipxe.org) 00:03.0 CA00 PCI2.10 PnP PMM+1EFCAE00+1EF0AE00 CA00
Press Ctrl-B to configure iPXE (PCI 00:03.0)...


Booting from ROM..c[?7l[2JFAISAL_M99_BOOT_OK
M99_TOOL_SERVICE_OPEN_OK kernel=1
M99_AUTHORITY_REFERENCE_OK lease=1
M99_TOOL_REGISTER_OK id=1 generation=1
M99_DUPLICATE_TOOL_REJECTED_OK
M99_MODEL_OUTPUT_NOT_AUTHORITY_OK
M99_INVOCATION_ADMITTED_OK id=1
M99_TOOL_REVOCATION_OK generation=2
M99_REVOKED_EXECUTION_DENIED_OK
M99_HIGH_RISK_POLICY_DENIAL_OK
M99_RISK_COST_APPROVAL_ADMITTED_OK
M99_BROKER_EXECUTION_STARTED_OK
M99_VERIFIED_COMPLETION_COMMITTED_OK mission=2
M99_INVOCATION_QUERY_OK
M99_CONCURRENT_QUERY_LOCKING_OK workers=4
M99_UNVERIFIED_RESULT_DENIED_OK
M99_REGISTRY_REPLAY_OK
M99_CORRUPTION_FAIL_CLOSED_OK
M99_SELFTEST_EXIT=0
FAISAL_M99_TEST_RC=0
[    3.710849] reboot: Power down
QEMU_RC=0
FAISAL_M99_TOOL_REGISTRY_QEMU_PASS
